============== Configuration values: ==============
server = nsl200
port = 11123
unix socket = (null)
protocol = redis
out_file = (null)
client_stats = (null)
run_count = 1
debug = 0
requests = 10000
clients = 50
threads = 4
test_time = 0
ratio = 1:10
pipeline = 1
data_size = 32
data_offset = 0
random_data = no
data_size_range = 0-0
data_size_list =
data_size_pattern = R
expiry_range = 0-0
data_import = (null)
data_verify = no
verify_only = no
generate_keys = no
key_prefix = memtier-
key_minimum = 0
key_maximum = 10000000
key_pattern = R:R
key_stddev = 0.000000
key_median = 0.000000
reconnect_interval = 0
multi_key_get = 0
authenticate =
select-db = 0
no-expiry = no
===================================================
[RUN #1] Preparing benchmark client...
[RUN #1] Launching threads now...
[RUN #1 1%,   0 secs]  4 threads:       22687 ops,       0 (avg:       0) ops/sec, 0.00KB/sec (avg: 0.00KB/sec),  0.00 (avg:  0.00) msec latency[RUN #1 2%,   1 secs]  4 threads:       40925 ops,   18235 (avg:   20465) ops/sec, 691.63KB/sec (avg: 778.89KB/sec), 10.93 (avg:  9.74) msec latency[RUN #1 3%,   2 secs]  4 threads:       59215 ops,   18287 (avg:   19739) ops/sec, 698.31KB/sec (avg: 752.03KB/sec), 10.97 (avg: 10.12) msec latency[RUN #1 4%,   4 secs]  4 threads:       77415 ops,   18197 (avg:   19353) ops/sec, 690.38KB/sec (avg: 736.61KB/sec), 10.96 (avg: 10.32) msec latency[RUN #1 5%,   5 secs]  4 threads:       95662 ops,   18244 (avg:   19131) ops/sec, 690.00KB/sec (avg: 727.29KB/sec), 10.97 (avg: 10.44) msec latency[RUN #1 6%,   6 secs]  4 threads:      114015 ops,   18350 (avg:   19001) ops/sec, 697.98KB/sec (avg: 722.41KB/sec), 10.90 (avg: 10.51) msec latency[RUN #1 7%,   7 secs]  4 threads:      132298 ops,   18280 (avg:   18898) ops/sec, 694.69KB/sec (avg: 718.45KB/sec), 10.91 (avg: 10.57) msec latency[RUN #1 8%,   8 secs]  4 threads:      150674 ops,   18373 (avg:   18832) ops/sec, 695.06KB/sec (avg: 715.52KB/sec), 10.91 (avg: 10.61) msec latency[RUN #1 8%,   9 secs]  4 threads:      169015 ops,   18338 (avg:   18778) ops/sec, 698.05KB/sec (avg: 713.58KB/sec), 10.90 (avg: 10.64) msec latency[RUN #1 9%,  10 secs]  4 threads:      187298 ops,   18280 (avg:   18728) ops/sec, 695.46KB/sec (avg: 711.77KB/sec), 10.91 (avg: 10.67) msec latency[RUN #1 10%,  11 secs]  4 threads:      205698 ops,   18397 (avg:   18698) ops/sec, 695.56KB/sec (avg: 710.29KB/sec), 10.91 (avg: 10.69) msec latency[RUN #1 11%,  12 secs]  4 threads:      224015 ops,   18314 (avg:   18666) ops/sec, 698.13KB/sec (avg: 709.28KB/sec), 10.89 (avg: 10.71) msec latency[RUN #1 12%,  13 secs]  4 threads:      242415 ops,   18397 (avg:   18645) ops/sec, 699.11KB/sec (avg: 708.50KB/sec), 10.90 (avg: 10.72) msec latency[RUN #1 13%,  14 secs]  4 threads:      260698 ops,   18280 (avg:   18619) ops/sec, 693.34KB/sec (avg: 707.42KB/sec), 10.91 (avg: 10.73) msec latency[RUN #1 14%,  15 secs]  4 threads:      279015 ops,   18314 (avg:   18599) ops/sec, 698.13KB/sec (avg: 706.80KB/sec), 10.92 (avg: 10.75) msec latency[RUN #1 15%,  16 secs]  4 threads:      297400 ops,   18382 (avg:   18585) ops/sec, 697.88KB/sec (avg: 706.24KB/sec), 10.90 (avg: 10.76) msec latency[RUN #1 16%,  17 secs]  4 threads:      315698 ops,   18295 (avg:   18568) ops/sec, 692.55KB/sec (avg: 705.43KB/sec), 10.89 (avg: 10.76) msec latency[RUN #1 17%,  18 secs]  4 threads:      334046 ops,   18345 (avg:   18556) ops/sec, 699.03KB/sec (avg: 705.08KB/sec), 10.91 (avg: 10.77) msec latency[RUN #1 18%,  19 secs]  4 threads:      352415 ops,   18366 (avg:   18546) ops/sec, 698.61KB/sec (avg: 704.74KB/sec), 10.90 (avg: 10.78) msec latency[RUN #1 19%,  20 secs]  4 threads:      370698 ops,   18280 (avg:   18533) ops/sec, 692.23KB/sec (avg: 704.11KB/sec), 10.90 (avg: 10.78) msec latency[RUN #1 19%,  21 secs]  4 threads:      389051 ops,   18350 (avg:   18524) ops/sec, 697.54KB/sec (avg: 703.80KB/sec), 10.91 (avg: 10.79) msec latency[RUN #1 20%,  22 secs]  4 threads:      407415 ops,   18361 (avg:   18516) ops/sec, 698.04KB/sec (avg: 703.54KB/sec), 10.90 (avg: 10.80) msec latency[RUN #1 21%,  23 secs]  4 threads:      425698 ops,   18280 (avg:   18506) ops/sec, 692.03KB/sec (avg: 703.04KB/sec), 10.93 (avg: 10.80) msec latency[RUN #1 22%,  24 secs]  4 threads:      444015 ops,   18314 (avg:   18498) ops/sec, 696.80KB/sec (avg: 702.78KB/sec), 10.91 (avg: 10.81) msec latency[RUN #1 23%,  25 secs]  4 threads:      462298 ops,   18280 (avg:   18489) ops/sec, 694.01KB/sec (avg: 702.43KB/sec), 10.92 (avg: 10.81) msec latency[RUN #1 24%,  26 secs]  4 threads:      480631 ops,   18331 (avg:   18483) ops/sec, 694.30KB/sec (avg: 702.12KB/sec), 10.92 (avg: 10.81) msec latency[RUN #1 25%,  27 secs]  4 threads:      499015 ops,   18381 (avg:   18480) ops/sec, 700.60KB/sec (avg: 702.06KB/sec), 10.90 (avg: 10.82) msec latency[RUN #1 26%,  28 secs]  4 threads:      517308 ops,   18290 (avg:   18473) ops/sec, 695.77KB/sec (avg: 701.83KB/sec), 10.90 (avg: 10.82) msec latency[RUN #1 27%,  29 secs]  4 threads:      535698 ops,   18387 (avg:   18470) ops/sec, 695.97KB/sec (avg: 701.63KB/sec), 10.91 (avg: 10.82) msec latency[RUN #1 28%,  30 secs]  4 threads:      554015 ops,   18314 (avg:   18465) ops/sec, 696.89KB/sec (avg: 701.47KB/sec), 10.92 (avg: 10.83) msec latency[RUN #1 29%,  31 secs]  4 threads:      572298 ops,   18280 (avg:   18459) ops/sec, 695.52KB/sec (avg: 701.28KB/sec), 10.91 (avg: 10.83) msec latency[RUN #1 30%,  32 secs]  4 threads:      590698 ops,   18397 (avg:   18457) ops/sec, 697.31KB/sec (avg: 701.16KB/sec), 10.89 (avg: 10.83) msec latency[RUN #1 30%,  33 secs]  4 threads:      609015 ops,   18314 (avg:   18452) ops/sec, 697.96KB/sec (avg: 701.06KB/sec), 10.89 (avg: 10.83) msec latency[RUN #1 31%,  34 secs]  4 threads:      627385 ops,   18367 (avg:   18450) ops/sec, 697.96KB/sec (avg: 700.97KB/sec), 10.91 (avg: 10.84) msec latency[RUN #1 32%,  35 secs]  4 threads:      645698 ops,   18310 (avg:   18446) ops/sec, 693.24KB/sec (avg: 700.75KB/sec), 10.93 (avg: 10.84) msec latency[RUN #1 33%,  36 secs]  4 threads:      664034 ops,   18333 (avg:   18443) ops/sec, 697.85KB/sec (avg: 700.67KB/sec), 10.88 (avg: 10.84) msec latency[RUN #1 34%,  37 secs]  4 threads:      682415 ops,   18378 (avg:   18441) ops/sec, 699.00KB/sec (avg: 700.62KB/sec), 10.90 (avg: 10.84) msec latency[RUN #1 35%,  38 secs]  4 threads:      700698 ops,   18280 (avg:   18437) ops/sec, 692.56KB/sec (avg: 700.41KB/sec), 10.90 (avg: 10.84) msec latency[RUN #1 36%,  39 secs]  4 threads:      719098 ops,   18397 (avg:   18436) ops/sec, 701.27KB/sec (avg: 700.43KB/sec), 10.91 (avg: 10.84) msec latency[RUN #1 37%,  40 secs]  4 threads:      737446 ops,   18345 (avg:   18434) ops/sec, 695.99KB/sec (avg: 700.32KB/sec), 10.88 (avg: 10.84) msec latency[RUN #1 38%,  41 secs]  4 threads:      755815 ops,   18366 (avg:   18432) ops/sec, 694.67KB/sec (avg: 700.18KB/sec), 10.89 (avg: 10.85) msec latency[RUN #1 39%,  42 secs]  4 threads:      774215 ops,   18397 (avg:   18431) ops/sec, 703.05KB/sec (avg: 700.25KB/sec), 10.86 (avg: 10.85) msec latency[RUN #1 40%,  43 secs]  4 threads:      792615 ops,   18397 (avg:   18430) ops/sec, 696.50KB/sec (avg: 700.17KB/sec), 10.89 (avg: 10.85) msec latency[RUN #1 41%,  44 secs]  4 threads:      811015 ops,   18397 (avg:   18430) ops/sec, 696.59KB/sec (avg: 700.08KB/sec), 10.88 (avg: 10.85) msec latency[RUN #1 41%,  45 secs]  4 threads:      829298 ops,   18280 (avg:   18426) ops/sec, 698.92KB/sec (avg: 700.06KB/sec), 10.91 (avg: 10.85) msec latency[RUN #1 42%,  46 secs]  4 threads:      847615 ops,   18314 (avg:   18424) ops/sec, 693.67KB/sec (avg: 699.92KB/sec), 10.91 (avg: 10.85) msec latency[RUN #1 43%,  47 secs]  4 threads:      865898 ops,   18280 (avg:   18421) ops/sec, 693.14KB/sec (avg: 699.78KB/sec), 10.91 (avg: 10.85) msec latency[RUN #1 44%,  48 secs]  4 threads:      884298 ops,   18397 (avg:   18420) ops/sec, 702.76KB/sec (avg: 699.84KB/sec), 10.89 (avg: 10.85) msec latency[RUN #1 45%,  49 secs]  4 threads:      902615 ops,   18314 (avg:   18418) ops/sec, 692.74KB/sec (avg: 699.69KB/sec), 10.91 (avg: 10.85) msec latency[RUN #1 46%,  50 secs]  4 threads:      920982 ops,   18364 (avg:   18417) ops/sec, 694.86KB/sec (avg: 699.60KB/sec), 10.90 (avg: 10.85) msec latency[RUN #1 47%,  51 secs]  4 threads:      939298 ops,   18312 (avg:   18415) ops/sec, 700.43KB/sec (avg: 699.61KB/sec), 10.91 (avg: 10.86) msec latency[RUN #1 48%,  52 secs]  4 threads:      957615 ops,   18315 (avg:   18413) ops/sec, 694.45KB/sec (avg: 699.51KB/sec), 10.92 (avg: 10.86) msec latency[RUN #1 49%,  53 secs]  4 threads:      976015 ops,   18398 (avg:   18413) ops/sec, 695.53KB/sec (avg: 699.44KB/sec), 10.89 (avg: 10.86) msec latency[RUN #1 50%,  54 secs]  4 threads:      994298 ops,   18280 (avg:   18410) ops/sec, 698.80KB/sec (avg: 699.43KB/sec), 10.92 (avg: 10.86) msec latency[RUN #1 51%,  55 secs]  4 threads:     1012615 ops,   18315 (avg:   18409) ops/sec, 693.88KB/sec (avg: 699.33KB/sec), 10.92 (avg: 10.86) msec latency[RUN #1 52%,  56 secs]  4 threads:     1030954 ops,   18336 (avg:   18407) ops/sec, 694.76KB/sec (avg: 699.24KB/sec), 10.89 (avg: 10.86) msec latency[RUN #1 52%,  57 secs]  4 threads:     1049298 ops,   18340 (avg:   18406) ops/sec, 701.56KB/sec (avg: 699.28KB/sec), 10.89 (avg: 10.86) msec latency[RUN #1 53%,  58 secs]  4 threads:     1067698 ops,   18397 (avg:   18406) ops/sec, 697.38KB/sec (avg: 699.25KB/sec), 10.87 (avg: 10.86) msec latency[RUN #1 54%,  59 secs]  4 threads:     1086094 ops,   18393 (avg:   18406) ops/sec, 696.00KB/sec (avg: 699.20KB/sec), 10.89 (avg: 10.86) msec latency[RUN #1 55%,  60 secs]  4 threads:     1104415 ops,   18318 (avg:   18404) ops/sec, 699.17KB/sec (avg: 699.20KB/sec), 10.90 (avg: 10.86) msec latency[RUN #1 56%,  61 secs]  4 threads:     1122698 ops,   18280 (avg:   18402) ops/sec, 692.21KB/sec (avg: 699.08KB/sec), 10.92 (avg: 10.86) msec latency[RUN #1 57%,  62 secs]  4 threads:     1141098 ops,   18397 (avg:   18402) ops/sec, 696.32KB/sec (avg: 699.04KB/sec), 10.88 (avg: 10.86) msec latency[RUN #1 58%,  63 secs]  4 threads:     1159498 ops,   18397 (avg:   18402) ops/sec, 702.61KB/sec (avg: 699.09KB/sec), 10.88 (avg: 10.86) msec latency[RUN #1 59%,  64 secs]  4 threads:     1177841 ops,   18340 (avg:   18401) ops/sec, 694.50KB/sec (avg: 699.02KB/sec), 10.89 (avg: 10.86) msec latency[RUN #1 60%,  65 secs]  4 threads:     1196246 ops,   18402 (avg:   18401) ops/sec, 697.10KB/sec (avg: 698.99KB/sec), 10.87 (avg: 10.86) msec latency[RUN #1 61%,  66 secs]  4 threads:     1214646 ops,   18397 (avg:   18401) ops/sec, 701.22KB/sec (avg: 699.03KB/sec), 10.87 (avg: 10.86) msec latency[RUN #1 62%,  67 secs]  4 threads:     1233084 ops,   18435 (avg:   18402) ops/sec, 697.30KB/sec (avg: 699.00KB/sec), 10.86 (avg: 10.86) msec latency[RUN #1 63%,  68 secs]  4 threads:     1251498 ops,   18411 (avg:   18402) ops/sec, 700.88KB/sec (avg: 699.03KB/sec), 10.85 (avg: 10.86) msec latency[RUN #1 63%,  69 secs]  4 threads:     1269898 ops,   18397 (avg:   18402) ops/sec, 698.54KB/sec (avg: 699.02KB/sec), 10.85 (avg: 10.86) msec latency[RUN #1 64%,  70 secs]  4 threads:     1288415 ops,   18514 (avg:   18403) ops/sec, 700.18KB/sec (avg: 699.04KB/sec), 10.83 (avg: 10.86) msec latency[RUN #1 65%,  71 secs]  4 threads:     1306815 ops,   18397 (avg:   18403) ops/sec, 703.55KB/sec (avg: 699.10KB/sec), 10.85 (avg: 10.86) msec latency[RUN #1 66%,  72 secs]  4 threads:     1325298 ops,   18480 (avg:   18404) ops/sec, 699.36KB/sec (avg: 699.10KB/sec), 10.83 (avg: 10.86) msec latency[RUN #1 67%,  73 secs]  4 threads:     1343698 ops,   18397 (avg:   18404) ops/sec, 697.80KB/sec (avg: 699.09KB/sec), 10.84 (avg: 10.86) msec latency[RUN #1 68%,  74 secs]  4 threads:     1362215 ops,   18514 (avg:   18406) ops/sec, 705.82KB/sec (avg: 699.18KB/sec), 10.82 (avg: 10.86) msec latency[RUN #1 69%,  75 secs]  4 threads:     1380698 ops,   18480 (avg:   18407) ops/sec, 698.60KB/sec (avg: 699.17KB/sec), 10.83 (avg: 10.86) msec latency[RUN #1 70%,  76 secs]  4 threads:     1399098 ops,   18397 (avg:   18406) ops/sec, 701.33KB/sec (avg: 699.20KB/sec), 10.87 (avg: 10.86) msec latency[RUN #1 71%,  77 secs]  4 threads:     1417498 ops,   18397 (avg:   18406) ops/sec, 696.10KB/sec (avg: 699.16KB/sec), 10.87 (avg: 10.86) msec latency[RUN #1 72%,  78 secs]  4 threads:     1435898 ops,   18397 (avg:   18406) ops/sec, 696.49KB/sec (avg: 699.12KB/sec), 10.87 (avg: 10.86) msec latency[RUN #1 73%,  79 secs]  4 threads:     1454298 ops,   18397 (avg:   18406) ops/sec, 701.85KB/sec (avg: 699.16KB/sec), 10.86 (avg: 10.86) msec latency[RUN #1 74%,  80 secs]  4 threads:     1472698 ops,   18397 (avg:   18406) ops/sec, 695.40KB/sec (avg: 699.11KB/sec), 10.84 (avg: 10.86) msec latency[RUN #1 75%,  81 secs]  4 threads:     1491215 ops,   18514 (avg:   18407) ops/sec, 703.72KB/sec (avg: 699.17KB/sec), 10.83 (avg: 10.86) msec latency[RUN #1 75%,  82 secs]  4 threads:     1509698 ops,   18480 (avg:   18408) ops/sec, 702.62KB/sec (avg: 699.21KB/sec), 10.83 (avg: 10.86) msec latency[RUN #1 76%,  83 secs]  4 threads:     1528098 ops,   18397 (avg:   18408) ops/sec, 695.72KB/sec (avg: 699.17KB/sec), 10.83 (avg: 10.86) msec latency[RUN #1 77%,  84 secs]  4 threads:     1546615 ops,   18514 (avg:   18409) ops/sec, 715.36KB/sec (avg: 699.36KB/sec), 10.83 (avg: 10.86) msec latency[RUN #1 78%,  85 secs]  4 threads:     1565059 ops,   18440 (avg:   18410) ops/sec, 697.37KB/sec (avg: 699.34KB/sec), 10.83 (avg: 10.86) msec latency[RUN #1 79%,  86 secs]  4 threads:     1583498 ops,   18436 (avg:   18410) ops/sec, 699.81KB/sec (avg: 699.34KB/sec), 10.84 (avg: 10.86) msec latency[RUN #1 80%,  87 secs]  4 threads:     1601898 ops,   18397 (avg:   18410) ops/sec, 700.60KB/sec (avg: 699.36KB/sec), 10.87 (avg: 10.86) msec latency[RUN #1 81%,  88 secs]  4 threads:     1620298 ops,   18397 (avg:   18410) ops/sec, 696.84KB/sec (avg: 699.33KB/sec), 10.84 (avg: 10.86) msec latency[RUN #1 82%,  89 secs]  4 threads:     1638698 ops,   18397 (avg:   18410) ops/sec, 699.85KB/sec (avg: 699.33KB/sec), 10.87 (avg: 10.86) msec latency[RUN #1 83%,  90 secs]  4 threads:     1657215 ops,   18514 (avg:   18411) ops/sec, 702.57KB/sec (avg: 699.37KB/sec), 10.85 (avg: 10.86) msec latency[RUN #1 84%,  91 secs]  4 threads:     1675615 ops,   18397 (avg:   18411) ops/sec, 695.71KB/sec (avg: 699.33KB/sec), 10.85 (avg: 10.86) msec latency[RUN #1 85%,  92 secs]  4 threads:     1694015 ops,   18397 (avg:   18410) ops/sec, 702.77KB/sec (avg: 699.37KB/sec), 10.86 (avg: 10.86) msec latency[RUN #1 86%,  93 secs]  4 threads:     1712415 ops,   18396 (avg:   18410) ops/sec, 696.28KB/sec (avg: 699.33KB/sec), 10.86 (avg: 10.86) msec latency[RUN #1 87%,  94 secs]  4 threads:     1730815 ops,   18397 (avg:   18410) ops/sec, 696.71KB/sec (avg: 699.31KB/sec), 10.87 (avg: 10.86) msec latency[RUN #1 87%,  95 secs]  4 threads:     1749215 ops,   18396 (avg:   18410) ops/sec, 701.99KB/sec (avg: 699.33KB/sec), 10.87 (avg: 10.86) msec latency[RUN #1 88%,  96 secs]  4 threads:     1767615 ops,   18397 (avg:   18410) ops/sec, 695.70KB/sec (avg: 699.30KB/sec), 10.87 (avg: 10.86) msec latency[RUN #1 89%,  97 secs]  4 threads:     1786015 ops,   18396 (avg:   18410) ops/sec, 700.58KB/sec (avg: 699.31KB/sec), 10.86 (avg: 10.86) msec latency[RUN #1 90%,  98 secs]  4 threads:     1804415 ops,   18397 (avg:   18410) ops/sec, 698.83KB/sec (avg: 699.30KB/sec), 10.86 (avg: 10.86) msec latency[RUN #1 91%,  99 secs]  4 threads:     1822846 ops,   18428 (avg:   18410) ops/sec, 697.55KB/sec (avg: 699.29KB/sec), 10.86 (avg: 10.86) msec latency[RUN #1 92%, 100 secs]  4 threads:     1841215 ops,   18366 (avg:   18409) ops/sec, 699.71KB/sec (avg: 699.29KB/sec), 10.87 (avg: 10.86) msec latency[RUN #1 93%, 101 secs]  4 threads:     1859674 ops,   18456 (avg:   18410) ops/sec, 698.90KB/sec (avg: 699.29KB/sec), 10.86 (avg: 10.86) msec latency[RUN #1 94%, 102 secs]  4 threads:     1878098 ops,   18420 (avg:   18410) ops/sec, 697.80KB/sec (avg: 699.27KB/sec), 10.86 (avg: 10.86) msec latency[RUN #1 95%, 103 secs]  4 threads:     1896498 ops,   18397 (avg:   18410) ops/sec, 702.24KB/sec (avg: 699.30KB/sec), 10.87 (avg: 10.86) msec latency[RUN #1 96%, 104 secs]  4 threads:     1914869 ops,   18368 (avg:   18409) ops/sec, 696.63KB/sec (avg: 699.28KB/sec), 10.88 (avg: 10.86) msec latency[RUN #1 97%, 105 secs]  4 threads:     1933298 ops,   18426 (avg:   18409) ops/sec, 698.41KB/sec (avg: 699.27KB/sec), 10.86 (avg: 10.86) msec latency[RUN #1 98%, 106 secs]  4 threads:     1951698 ops,   18396 (avg:   18409) ops/sec, 701.23KB/sec (avg: 699.29KB/sec), 10.85 (avg: 10.86) msec latency[RUN #1 99%, 107 secs]  4 threads:     1970098 ops,   18397 (avg:   18409) ops/sec, 695.42KB/sec (avg: 699.25KB/sec), 10.87 (avg: 10.86) msec latency[RUN #1 99%, 108 secs]  4 threads:     1988498 ops,   18397 (avg:   18409) ops/sec, 701.39KB/sec (avg: 699.27KB/sec), 10.85 (avg: 10.86) msec latency[RUN #1 100%, 108 secs]  0 threads:     2000000 ops,   18397 (avg:   18419) ops/sec, 701.39KB/sec (avg: 699.67KB/sec), 10.85 (avg: 10.85) msec latency

4         Threads
50        Connections per thread
10000     Requests per thread
Type        Ops/sec     Hits/sec   Misses/sec      Latency       KB/sec
------------------------------------------------------------------------
Sets        1676.38          ---          ---     10.89100       129.12
Gets       16745.35         1.84     16743.51     10.85000       570.63
Totals     18421.72         1.84     16743.51     10.85400       699.74


Request Latency Distribution
Type     <= msec         Percent
------------------------------------------------------------------------
SET       4.000         0.23
SET       5.000         0.27
SET       6.000         0.36
SET       7.000         0.53
SET       8.000         0.60
SET       9.000         0.76
SET      10.000        76.84
SET      11.000        99.98
SET      12.000        99.99
SET      13.000       100.00
---
GET       3.900         0.00
GET       4.100         0.00
GET       4.200         0.01
GET       4.300         0.02
GET       4.400         0.05
GET       4.500         0.19
GET       4.600         0.24
GET       4.700         0.25
GET       4.800         0.25
GET       4.900         0.26
GET       5.000         0.27
GET       5.100         0.28
GET       5.200         0.29
GET       5.300         0.29
GET       5.400         0.30
GET       5.500         0.30
GET       5.600         0.30
GET       5.700         0.31
GET       5.800         0.31
GET       5.900         0.32
GET       6.000         0.33
GET       6.100         0.33
GET       6.200         0.33
GET       6.300         0.34
GET       6.400         0.36
GET       6.500         0.36
GET       6.600         0.38
GET       6.700         0.39
GET       6.800         0.41
GET       6.900         0.41
GET       7.000         0.42
GET       7.100         0.42
GET       7.200         0.42
GET       7.300         0.42
GET       7.400         0.43
GET       7.500         0.44
GET       7.600         0.45
GET       7.700         0.45
GET       7.800         0.45
GET       7.900         0.46
GET       8.000         0.47
GET       8.100         0.47
GET       8.200         0.47
GET       8.300         0.48
GET       8.400         0.48
GET       8.500         0.49
GET       8.600         0.49
GET       8.700         0.49
GET       8.800         0.50
GET       8.900         0.50
GET       9.000         0.52
GET       9.100         0.55
GET       9.200         0.58
GET       9.300         0.61
GET       9.400         0.63
GET       9.500         0.64
GET       9.600         0.64
GET       9.700         0.64
GET       9.800         0.64
GET       9.900         0.65
GET      10.000         0.71
GET      11.000        99.94
GET      12.000        99.98
GET      13.000       100.00
