============== Configuration values: ==============
server = nsl200
port = 11123
unix socket = (null)
protocol = memcache_text
out_file = (null)
client_stats = (null)
run_count = 1
debug = 0
requests = 40000
clients = 50
threads = 4
test_time = 0
ratio = 1:10
pipeline = 5
data_size = 32
data_offset = 0
random_data = yes
data_size_range = 0-0
data_size_list =
data_size_pattern = R
expiry_range = 0-0
data_import = (null)
data_verify = no
verify_only = no
generate_keys = no
key_prefix = memtier-
key_minimum = 0
key_maximum = 1000
key_pattern = R:R
key_stddev = 0.000000
key_median = 0.000000
reconnect_interval = 0
multi_key_get = 0
authenticate =
select-db = 0
no-expiry = no
===================================================
[RUN #1] Preparing benchmark client...
[RUN #1] Launching threads now...
[RUN #1 0%,   0 secs]  4 threads:       14910 ops,       0 (avg:       0) ops/sec, 0.00KB/sec (avg: 0.00KB/sec),  0.00 (avg:  0.00) msec latency[RUN #1 1%,   0 secs]  4 threads:       40675 ops,       0 (avg:       0) ops/sec, 0.00KB/sec (avg: 0.00KB/sec),  0.00 (avg:  0.00) msec latency[RUN #1 1%,   0 secs]  4 threads:       68260 ops,       0 (avg:       0) ops/sec, 0.00KB/sec (avg: 0.00KB/sec),  0.00 (avg:  0.00) msec latency[RUN #1 1%,   0 secs]  4 threads:       95956 ops,       0 (avg:       0) ops/sec, 0.00KB/sec (avg: 0.00KB/sec),  0.00 (avg:  0.00) msec latency[RUN #1 2%,   1 secs]  4 threads:      123815 ops,       0 (avg:   99049) ops/sec, 0.00KB/sec (avg: 3.99MB/sec),  0.00 (avg:  7.66) msec latency[RUN #1 2%,   1 secs]  4 threads:      151490 ops,       0 (avg:  100989) ops/sec, 0.00KB/sec (avg: 4.20MB/sec),  0.00 (avg:  7.51) msec latency[RUN #1 2%,   1 secs]  4 threads:      179095 ops,       0 (avg:  102334) ops/sec, 0.00KB/sec (avg: 4.40MB/sec),  0.00 (avg:  7.41) msec latency[RUN #1 3%,   2 secs]  4 threads:      206655 ops,       0 (avg:  103320) ops/sec, 0.00KB/sec (avg: 4.59MB/sec),  0.00 (avg:  7.34) msec latency[RUN #1 3%,   2 secs]  4 threads:      234370 ops,       0 (avg:  104156) ops/sec, 0.00KB/sec (avg: 4.76MB/sec),  0.00 (avg:  7.28) msec latency[RUN #1 3%,   2 secs]  4 threads:      261940 ops,       0 (avg:  104767) ops/sec, 0.00KB/sec (avg: 4.90MB/sec),  0.00 (avg:  7.24) msec latency[RUN #1 4%,   2 secs]  4 threads:      293610 ops,       0 (avg:  106758) ops/sec, 0.00KB/sec (avg: 5.13MB/sec),  0.00 (avg:  7.11) msec latency[RUN #1 4%,   3 secs]  4 threads:      326063 ops,       0 (avg:  108677) ops/sec, 0.00KB/sec (avg: 5.34MB/sec),  0.00 (avg:  6.98) msec latency[RUN #1 4%,   3 secs]  4 threads:      358345 ops,       0 (avg:  110250) ops/sec, 0.00KB/sec (avg: 5.54MB/sec),  0.00 (avg:  6.88) msec latency[RUN #1 5%,   3 secs]  4 threads:      390615 ops,       0 (avg:  111594) ops/sec, 0.00KB/sec (avg: 5.71MB/sec),  0.00 (avg:  6.80) msec latency[RUN #1 5%,   3 secs]  4 threads:      423311 ops,       0 (avg:  112872) ops/sec, 0.00KB/sec (avg: 5.88MB/sec),  0.00 (avg:  6.72) msec latency[RUN #1 6%,   4 secs]  4 threads:      455874 ops,       0 (avg:  113957) ops/sec, 0.00KB/sec (avg: 6.04MB/sec),  0.00 (avg:  6.66) msec latency[RUN #1 6%,   4 secs]  4 threads:      488560 ops,       0 (avg:  114944) ops/sec, 0.00KB/sec (avg: 6.19MB/sec),  0.00 (avg:  6.60) msec latency[RUN #1 7%,   4 secs]  4 threads:      521095 ops,       0 (avg:  115787) ops/sec, 0.00KB/sec (avg: 6.32MB/sec),  0.00 (avg:  6.55) msec latency[RUN #1 7%,   4 secs]  4 threads:      553604 ops,       0 (avg:  116536) ops/sec, 0.00KB/sec (avg: 6.44MB/sec),  0.00 (avg:  6.51) msec latency[RUN #1 7%,   5 secs]  4 threads:      585840 ops,       0 (avg:  117156) ops/sec, 0.00KB/sec (avg: 6.55MB/sec),  0.00 (avg:  6.48) msec latency[RUN #1 8%,   5 secs]  4 threads:      618060 ops,       0 (avg:  117713) ops/sec, 0.00KB/sec (avg: 6.66MB/sec),  0.00 (avg:  6.45) msec latency[RUN #1 8%,   5 secs]  4 threads:      650350 ops,       0 (avg:  118233) ops/sec, 0.00KB/sec (avg: 6.76MB/sec),  0.00 (avg:  6.42) msec latency[RUN #1 9%,   5 secs]  4 threads:      682815 ops,       0 (avg:  118738) ops/sec, 0.00KB/sec (avg: 6.85MB/sec),  0.00 (avg:  6.39) msec latency[RUN #1 9%,   6 secs]  4 threads:      715445 ops,       0 (avg:  119228) ops/sec, 0.00KB/sec (avg: 6.95MB/sec),  0.00 (avg:  6.36) msec latency[RUN #1 9%,   6 secs]  4 threads:      747880 ops,       0 (avg:  119648) ops/sec, 0.00KB/sec (avg: 7.03MB/sec),  0.00 (avg:  6.34) msec latency[RUN #1 10%,   6 secs]  4 threads:      780240 ops,       0 (avg:  120023) ops/sec, 0.00KB/sec (avg: 7.11MB/sec),  0.00 (avg:  6.32) msec latency[RUN #1 10%,   6 secs]  4 threads:      812390 ops,       0 (avg:  120341) ops/sec, 0.00KB/sec (avg: 7.19MB/sec),  0.00 (avg:  6.31) msec latency[RUN #1 11%,   7 secs]  4 threads:      844685 ops,       0 (avg:  120656) ops/sec, 0.00KB/sec (avg: 7.26MB/sec),  0.00 (avg:  6.29) msec latency[RUN #1 11%,   7 secs]  4 threads:      876930 ops,       0 (avg:  120942) ops/sec, 0.00KB/sec (avg: 7.33MB/sec),  0.00 (avg:  6.27) msec latency[RUN #1 11%,   7 secs]  4 threads:      908705 ops,       0 (avg:  121147) ops/sec, 0.00KB/sec (avg: 7.39MB/sec),  0.00 (avg:  6.26) msec latency[RUN #1 12%,   7 secs]  4 threads:      940975 ops,       0 (avg:  121402) ops/sec, 0.00KB/sec (avg: 7.45MB/sec),  0.00 (avg:  6.25) msec latency[RUN #1 12%,   8 secs]  4 threads:      973280 ops,       0 (avg:  121646) ops/sec, 0.00KB/sec (avg: 7.51MB/sec),  0.00 (avg:  6.24) msec latency[RUN #1 13%,   8 secs]  4 threads:     1005800 ops,       0 (avg:  121901) ops/sec, 0.00KB/sec (avg: 7.57MB/sec),  0.00 (avg:  6.22) msec latency[RUN #1 13%,   8 secs]  4 threads:     1038140 ops,       0 (avg:  122120) ops/sec, 0.00KB/sec (avg: 7.62MB/sec),  0.00 (avg:  6.21) msec latency[RUN #1 13%,   8 secs]  4 threads:     1070215 ops,       0 (avg:  122296) ops/sec, 0.00KB/sec (avg: 7.67MB/sec),  0.00 (avg:  6.20) msec latency[RUN #1 14%,   9 secs]  4 threads:     1102455 ops,       0 (avg:  122481) ops/sec, 0.00KB/sec (avg: 7.72MB/sec),  0.00 (avg:  6.19) msec latency[RUN #1 14%,   9 secs]  4 threads:     1134625 ops,       0 (avg:  122648) ops/sec, 0.00KB/sec (avg: 7.77MB/sec),  0.00 (avg:  6.19) msec latency[RUN #1 15%,   9 secs]  4 threads:     1166630 ops,       0 (avg:  122789) ops/sec, 0.00KB/sec (avg: 7.81MB/sec),  0.00 (avg:  6.18) msec latency[RUN #1 15%,   9 secs]  4 threads:     1202230 ops,       0 (avg:  123291) ops/sec, 0.00KB/sec (avg: 7.88MB/sec),  0.00 (avg:  6.15) msec latency[RUN #1 15%,   9 secs]  4 threads:     1235110 ops,       0 (avg:  123971) ops/sec, 0.00KB/sec (avg: 7.95MB/sec),  0.00 (avg:  6.11) msec latency[RUN #1 16%,  10 secs]  4 threads:     1257840 ops,       0 (avg:  124163) ops/sec, 0.00KB/sec (avg: 7.98MB/sec),  0.00 (avg:  6.09) msec latency[RUN #1 16%,  10 secs]  4 threads:     1274275 ops,       0 (avg:  123829) ops/sec, 0.00KB/sec (avg: 7.98MB/sec),  0.00 (avg:  6.09) msec latency[RUN #1 16%,  10 secs]  4 threads:     1289270 ops,       0 (avg:  123368) ops/sec, 0.00KB/sec (avg: 7.96MB/sec),  0.00 (avg:  6.09) msec latency[RUN #1 16%,  10 secs]  4 threads:     1304705 ops,       0 (avg:  122962) ops/sec, 0.00KB/sec (avg: 7.95MB/sec),  0.00 (avg:  6.10) msec latency[RUN #1 17%,  10 secs]  4 threads:     1320120 ops,       0 (avg:  122566) ops/sec, 0.00KB/sec (avg: 7.93MB/sec),  0.00 (avg:  6.10) msec latency[RUN #1 17%,  10 secs]  4 threads:     1335120 ops,       0 (avg:  122144) ops/sec, 0.00KB/sec (avg: 7.92MB/sec),  0.00 (avg:  6.11) msec latency[RUN #1 17%,  11 secs]  4 threads:     1357800 ops,       0 (avg:  122547) ops/sec, 0.00KB/sec (avg: 7.96MB/sec),  0.00 (avg:  6.07) msec latency[RUN #1 17%,  11 secs]  4 threads:     1364380 ops,       0 (avg:  121931) ops/sec, 0.00KB/sec (avg: 7.93MB/sec),  0.00 (avg:  6.08) msec latency[RUN #1 17%,  11 secs]  4 threads:     1372145 ops,       0 (avg:  121431) ops/sec, 0.00KB/sec (avg: 7.90MB/sec),  0.00 (avg:  6.08) msec latency[RUN #1 17%,  11 secs]  4 threads:     1380715 ops,       0 (avg:  121011) ops/sec, 0.00KB/sec (avg: 7.88MB/sec),  0.00 (avg:  6.08) msec latency[RUN #1 17%,  11 secs]  4 threads:     1389150 ops,       0 (avg:  120587) ops/sec, 0.00KB/sec (avg: 7.86MB/sec),  0.00 (avg:  6.08) msec latency[RUN #1 17%,  11 secs]  4 threads:     1397395 ops,       0 (avg:  120156) ops/sec, 0.00KB/sec (avg: 7.83MB/sec),  0.00 (avg:  6.08) msec latency[RUN #1 18%,  11 secs]  4 threads:     1405705 ops,       0 (avg:  119738) ops/sec, 0.00KB/sec (avg: 7.81MB/sec),  0.00 (avg:  6.08) msec latency[RUN #1 18%,  11 secs]  4 threads:     1413320 ops,       0 (avg:  119269) ops/sec, 0.00KB/sec (avg: 7.79MB/sec),  0.00 (avg:  6.08) msec latency[RUN #1 18%,  11 secs]  4 threads:     1420920 ops,       0 (avg:  118807) ops/sec, 0.00KB/sec (avg: 7.76MB/sec),  0.00 (avg:  6.08) msec latency[RUN #1 18%,  12 secs]  4 threads:     1428525 ops,       0 (avg:  118354) ops/sec, 0.00KB/sec (avg: 7.74MB/sec),  0.00 (avg:  6.09) msec latency[RUN #1 18%,  12 secs]  4 threads:     1436110 ops,       0 (avg:  117908) ops/sec, 0.00KB/sec (avg: 7.71MB/sec),  0.00 (avg:  6.09) msec latency[RUN #1 18%,  12 secs]  4 threads:     1443765 ops,       0 (avg:  117475) ops/sec, 0.00KB/sec (avg: 7.69MB/sec),  0.00 (avg:  6.09) msec latency[RUN #1 18%,  12 secs]  4 threads:     1451390 ops,       0 (avg:  117048) ops/sec, 0.00KB/sec (avg: 7.67MB/sec),  0.00 (avg:  6.09) msec latency[RUN #1 18%,  12 secs]  4 threads:     1459015 ops,       0 (avg:  116628) ops/sec, 0.00KB/sec (avg: 7.65MB/sec),  0.00 (avg:  6.10) msec latency[RUN #1 18%,  12 secs]  4 threads:     1466630 ops,       0 (avg:  116215) ops/sec, 0.00KB/sec (avg: 7.62MB/sec),  0.00 (avg:  6.10) msec latency[RUN #1 18%,  12 secs]  4 threads:     1474195 ops,       0 (avg:  115805) ops/sec, 0.00KB/sec (avg: 7.60MB/sec),  0.00 (avg:  6.10) msec latency[RUN #1 19%,  12 secs]  4 threads:     1527188 ops,       0 (avg:  118992) ops/sec, 0.00KB/sec (avg: 7.84MB/sec),  0.00 (avg:  7.57) msec latency[RUN #1 22%,  13 secs]  4 threads:     1748619 ops,       0 (avg:  128890) ops/sec, 0.00KB/sec (avg: 8.62MB/sec),  0.00 (avg:  6.96) msec latency[RUN #1 25%,  14 secs]  4 threads:     2017805 ops,       0 (avg:  140204) ops/sec, 0.00KB/sec (avg: 9.50MB/sec),  0.00 (avg:  6.38) msec latency[RUN #1 29%,  15 secs]  4 threads:     2292904 ops,       0 (avg:  150718) ops/sec, 0.00KB/sec (avg: 10.31MB/sec),  0.00 (avg:  5.91) msec latency[RUN #1 32%,  16 secs]  4 threads:     2573190 ops,       0 (avg:  160590) ops/sec, 0.00KB/sec (avg: 11.08MB/sec),  0.00 (avg:  5.70) msec latency[RUN #1 36%,  16 secs]  4 threads:     2849896 ops,       0 (avg:  169300) ops/sec, 0.00KB/sec (avg: 11.75MB/sec),  0.00 (avg:  5.42) msec latency[RUN #1 39%,  17 secs]  4 threads:     3127808 ops,       0 (avg:  177278) ops/sec, 0.00KB/sec (avg: 12.37MB/sec),  0.00 (avg:  5.19) msec latency[RUN #1 43%,  18 secs]  4 threads:     3406243 ops,       0 (avg:  184584) ops/sec, 0.00KB/sec (avg: 12.93MB/sec),  0.00 (avg:  5.00) msec latency[RUN #1 46%,  19 secs]  4 threads:     3693025 ops,       0 (avg:  191708) ops/sec, 0.00KB/sec (avg: 13.48MB/sec),  0.00 (avg:  4.82) msec latency[RUN #1 50%,  20 secs]  4 threads:     3977449 ops,       0 (avg:  198140) ops/sec, 0.00KB/sec (avg: 13.97MB/sec),  0.00 (avg:  4.67) msec latency[RUN #1 53%,  20 secs]  4 threads:     4251591 ops,       0 (avg:  203581) ops/sec, 0.00KB/sec (avg: 14.39MB/sec),  0.00 (avg:  4.56) msec latency[RUN #1 57%,  21 secs]  4 threads:     4530851 ops,       0 (avg:  208852) ops/sec, 0.00KB/sec (avg: 14.80MB/sec),  0.00 (avg:  4.45) msec latency[RUN #1 60%,  22 secs]  4 threads:     4806193 ops,       0 (avg:  213651) ops/sec, 0.00KB/sec (avg: 15.17MB/sec),  0.00 (avg:  4.36) msec latency[RUN #1 64%,  23 secs]  4 threads:     5083855 ops,       0 (avg:  218231) ops/sec, 0.00KB/sec (avg: 15.52MB/sec),  0.00 (avg:  4.27) msec latency[RUN #1 67%,  24 secs]  4 threads:     5367136 ops,       0 (avg:  222825) ops/sec, 0.00KB/sec (avg: 15.87MB/sec),  0.00 (avg:  4.19) msec latency[RUN #1 71%,  24 secs]  4 threads:     5686790 ops,       0 (avg:  228628) ops/sec, 0.00KB/sec (avg: 16.31MB/sec),  0.00 (avg:  4.09) msec latency[RUN #1 75%,  25 secs]  4 threads:     5988367 ops,       0 (avg:  233517) ops/sec, 0.00KB/sec (avg: 16.69MB/sec),  0.00 (avg:  4.01) msec latency[RUN #1 78%,  26 secs]  4 threads:     6253889 ops,       0 (avg:  237769) ops/sec, 0.00KB/sec (avg: 17.01MB/sec),  0.00 (avg:  3.94) msec latency[RUN #1 81%,  26 secs]  4 threads:     6479215 ops,       0 (avg:  241262) ops/sec, 0.00KB/sec (avg: 17.28MB/sec),  0.00 (avg:  3.88) msec latency[RUN #1 84%,  27 secs]  4 threads:     6703465 ops,       0 (avg:  245429) ops/sec, 0.00KB/sec (avg: 17.59MB/sec),  0.00 (avg:  3.82) msec latency[RUN #1 86%,  27 secs]  4 threads:     6871743 ops,       0 (avg:  248057) ops/sec, 0.00KB/sec (avg: 17.79MB/sec),  0.00 (avg:  3.78) msec latency[RUN #1 88%,  27 secs]  4 threads:     7010106 ops,       0 (avg:  250487) ops/sec, 0.00KB/sec (avg: 17.97MB/sec),  0.00 (avg:  3.74) msec latency[RUN #1 89%,  28 secs]  4 threads:     7086727 ops,       0 (avg:  251249) ops/sec, 0.00KB/sec (avg: 18.03MB/sec),  0.00 (avg:  3.73) msec latency[RUN #1 90%,  28 secs]  4 threads:     7164835 ops,       0 (avg:  252052) ops/sec, 0.00KB/sec (avg: 18.09MB/sec),  0.00 (avg:  3.72) msec latency[RUN #1 91%,  28 secs]  4 threads:     7240935 ops,       0 (avg:  252773) ops/sec, 0.00KB/sec (avg: 18.15MB/sec),  0.00 (avg:  3.71) msec latency[RUN #1 91%,  28 secs]  4 threads:     7318235 ops,       0 (avg:  253524) ops/sec, 0.00KB/sec (avg: 18.20MB/sec),  0.00 (avg:  3.69) msec latency[RUN #1 92%,  29 secs]  4 threads:     7392359 ops,       0 (avg:  254155) ops/sec, 0.00KB/sec (avg: 18.25MB/sec),  0.00 (avg:  3.68) msec latency[RUN #1 93%,  29 secs]  4 threads:     7464740 ops,       0 (avg:  254760) ops/sec, 0.00KB/sec (avg: 18.30MB/sec),  0.00 (avg:  3.67) msec latency[RUN #1 94%,  29 secs]  4 threads:     7536412 ops,       0 (avg:  255376) ops/sec, 0.00KB/sec (avg: 18.35MB/sec),  0.00 (avg:  3.66) msec latency[RUN #1 95%,  29 secs]  4 threads:     7607384 ops,       0 (avg:  255959) ops/sec, 0.00KB/sec (avg: 18.40MB/sec),  0.00 (avg:  3.65) msec latency[RUN #1 96%,  29 secs]  4 threads:     7703063 ops,       0 (avg:  257553) ops/sec, 0.00KB/sec (avg: 18.51MB/sec),  0.00 (avg:  3.63) msec latency[RUN #1 98%,  30 secs]  1 threads:     7840000 ops,       0 (avg:  261281) ops/sec, 0.00KB/sec (avg: 18.79MB/sec),  0.00 (avg:  3.58) msec latency[RUN #1 98%,  30 secs]  1 threads:     7840000 ops,       0 (avg:  261107) ops/sec, 0.00KB/sec (avg: 18.78MB/sec),  0.00 (avg:  3.58) msec latency[RUN #1 98%,  30 secs]  1 threads:     7840000 ops,       0 (avg:  260933) ops/sec, 0.00KB/sec (avg: 18.76MB/sec),  0.00 (avg:  3.58) msec latency[RUN #1 98%,  30 secs]  1 threads:     7840000 ops,       0 (avg:  260759) ops/sec, 0.00KB/sec (avg: 18.75MB/sec),  0.00 (avg:  3.58) msec latency[RUN #1 98%,  30 secs]  1 threads:     7840000 ops,       0 (avg:  260586) ops/sec, 0.00KB/sec (avg: 18.74MB/sec),  0.00 (avg:  3.58) msec latency[RUN #1 98%,  30 secs]  1 threads:     7840000 ops,       0 (avg:  260413) ops/sec, 0.00KB/sec (avg: 18.73MB/sec),  0.00 (avg:  3.58) msec latency[RUN #1 98%,  30 secs]  1 threads:     7840000 ops,       0 (avg:  260240) ops/sec, 0.00KB/sec (avg: 18.72MB/sec),  0.00 (avg:  3.58) msec latency[RUN #1 98%,  30 secs]  1 threads:     7840000 ops,       0 (avg:  260067) ops/sec, 0.00KB/sec (avg: 18.70MB/sec),  0.00 (avg:  3.58) msec latency[RUN #1 98%,  30 secs]  1 threads:     7840000 ops,       0 (avg:  259895) ops/sec, 0.00KB/sec (avg: 18.69MB/sec),  0.00 (avg:  3.58) msec latency[RUN #1 98%,  30 secs]  1 threads:     7840000 ops,       0 (avg:  259723) ops/sec, 0.00KB/sec (avg: 18.68MB/sec),  0.00 (avg:  3.58) msec latency[RUN #1 98%,  30 secs]  1 threads:     7840000 ops,       0 (avg:  259551) ops/sec, 0.00KB/sec (avg: 18.67MB/sec),  0.00 (avg:  3.58) msec latencyread error: Connection reset by peer
read error: Connection reset by peer
read error: Connection reset by peer
read error: Connection reset by peer
[RUN #1 98%,  30 secs]  0 threads:     7840000 ops,       0 (avg:  259379) ops/sec, 0.00KB/sec (avg: 18.65MB/sec),  0.00 (avg:  3.58) msec latency

4         Threads
50        Connections per thread
40000     Requests per thread
Type        Ops/sec     Hits/sec   Misses/sec      Latency       KB/sec
------------------------------------------------------------------------
Sets       43364.74          ---          ---      4.03400      2790.18
Gets      433563.95    407959.33     25604.62      3.53100     32331.07
Totals    476928.70    407959.33     25604.62      3.57700     35121.26


Request Latency Distribution
Type     <= msec         Percent
------------------------------------------------------------------------
SET       1.000     36.42762
SET       2.000     59.25564
SET       3.000     69.64082
SET       4.000     81.68694
SET       5.000     93.93212
SET       6.000     94.76048
SET       7.000     95.00654
SET       8.000     95.87362
SET       9.000     97.04623
SET      10.000     98.48762
SET      11.000     98.89570
SET      12.000     98.91380
SET      13.000     99.06502
SET      14.000     99.10416
SET      15.000     99.35975
SET      16.000     99.40661
SET      17.000     99.41741
SET      18.000     99.42134
SET      19.000     99.45515
SET      20.000     99.47002
SET      21.000     99.47030
SET      22.000     99.47058
SET      23.000     99.47086
SET      24.000     99.47100
SET      25.000     99.47142
SET      26.000     99.47170
SET      27.000     99.47198
SET      28.000     99.47240
SET      29.000     99.47815
SET      30.000     99.49499
SET      31.000     99.49891
SET      32.000     99.49919
SET      33.000     99.49962
SET      34.000     99.49976
SET      35.000     99.49990
SET      36.000     99.50032
SET      38.000     99.50074
SET      39.000     99.50088
SET      40.000     99.50116
SET      41.000     99.50144
SET      42.000     99.50158
SET      43.000     99.50200
SET      45.000     99.50214
SET      46.000     99.50242
SET      47.000     99.50256
SET      49.000     99.50298
SET      51.000     99.50312
SET      52.000     99.50326
SET      53.000     99.50340
SET      55.000     99.50368
SET      59.000     99.50396
SET      65.000     99.50424
SET      68.000     99.50439
SET      69.000     99.50453
SET      71.000     99.50467
SET      73.000     99.50481
SET      74.000     99.50495
SET      76.000     99.50509
SET      77.000     99.50523
SET      79.000     99.50537
SET      80.000     99.50551
SET      82.000     99.50565
SET      84.000     99.50579
SET      85.000     99.50593
SET      87.000     99.50607
SET      89.000     99.50621
SET      91.000     99.50635
SET      92.000     99.50649
SET      94.000     99.50663
SET      95.000     99.50677
SET      98.000     99.50705
SET     100.000     99.50747
SET     110.000     99.50831
SET     120.000     99.50873
SET     130.000     99.50901
SET     220.000     99.50972
SET     230.000     99.51042
SET     240.000     99.51098
SET     250.000     99.51154
SET     500.000     99.51168
SET     510.000     99.51196
SET     520.000     99.51210
SET     530.000     99.51224
SET     540.000     99.51238
SET     550.000     99.51266
SET     560.000     99.51280
SET     570.000     99.51294
SET    1300.000     99.51364
SET    1400.000     99.51435
SET    3000.000     99.51743
SET    63000.000    100.00000
---
GET       0.069      0.00003
GET       0.071      0.00004
GET       0.072      0.00010
GET       0.073      0.00011
GET       0.074      0.00020
GET       0.075      0.00027
GET       0.076      0.00041
GET       0.077      0.00046
GET       0.078      0.00067
GET       0.079      0.00081
GET       0.080      0.00098
GET       0.081      0.00122
GET       0.082      0.00153
GET       0.083      0.00185
GET       0.084      0.00234
GET       0.085      0.00292
GET       0.086      0.00359
GET       0.087      0.00420
GET       0.088      0.00501
GET       0.089      0.00637
GET       0.090      0.00742
GET       0.091      0.00860
GET       0.092      0.01019
GET       0.093      0.01163
GET       0.094      0.01312
GET       0.095      0.01479
GET       0.096      0.01621
GET       0.097      0.01764
GET       0.098      0.01865
GET       0.099      0.01976
GET       0.100      0.02461
GET       0.110      0.03446
GET       0.120      0.04605
GET       0.130      0.06923
GET       0.140      0.10453
GET       0.150      0.13714
GET       0.160      0.16646
GET       0.170      0.19842
GET       0.180      0.23614
GET       0.190      0.27885
GET       0.200      0.32135
GET       0.210      0.36360
GET       0.220      0.40995
GET       0.230      0.45843
GET       0.240      0.50931
GET       0.250      0.56234
GET       0.260      0.61586
GET       0.270      0.67129
GET       0.280      0.72935
GET       0.290      0.79312
GET       0.300      0.86081
GET       0.310      0.92525
GET       0.320      0.99726
GET       0.330      1.07154
GET       0.340      1.14503
GET       0.350      1.21708
GET       0.360      1.28735
GET       0.370      1.35653
GET       0.380      1.42173
GET       0.390      1.49004
GET       0.400      1.54993
GET       0.410      1.60965
GET       0.420      1.66472
GET       0.430      1.72112
GET       0.440      1.77364
GET       0.450      1.82097
GET       0.460      1.86709
GET       0.470      1.91044
GET       0.480      1.94863
GET       0.490      1.98876
GET       0.500      2.02607
GET       0.510      2.06436
GET       0.520      2.10376
GET       0.530      2.14306
GET       0.540      2.18542
GET       0.550      2.22771
GET       0.560      2.26987
GET       0.570      2.31265
GET       0.580      2.35683
GET       0.590      2.40431
GET       0.600      2.44903
GET       0.610      2.49304
GET       0.620      2.54148
GET       0.630      2.58747
GET       0.640      2.63714
GET       0.650      2.68654
GET       0.660      2.73491
GET       0.670      2.78075
GET       0.680      2.83127
GET       0.690      2.88345
GET       0.700      2.93591
GET       0.710      2.98638
GET       0.720      3.04092
GET       0.730      3.09365
GET       0.740      3.14889
GET       0.750      3.20336
GET       0.760      3.26070
GET       0.770      3.32113
GET       0.780      3.38103
GET       0.790      3.44185
GET       0.800      3.50363
GET       0.810      3.56678
GET       0.820      3.62967
GET       0.830      3.69353
GET       0.840      3.76033
GET       0.850      3.82550
GET       0.860      3.89114
GET       0.870      3.95917
GET       0.880      4.02764
GET       0.890      4.09441
GET       0.900      4.16534
GET       0.910      4.23526
GET       0.920      4.30799
GET       0.930      4.38314
GET       0.940      4.46216
GET       0.950      4.53831
GET       0.960      4.61492
GET       0.970      4.69321
GET       0.980      4.77497
GET       0.990      4.85809
GET       1.000      5.35169
GET       1.100      6.32120
GET       1.200      7.71262
GET       1.300      9.64198
GET       1.400     12.44832
GET       1.500     16.89063
GET       1.600     22.19717
GET       1.700     27.63102
GET       1.800     32.10611
GET       1.900     35.46503
GET       2.000     38.31140
GET       2.100     41.06884
GET       2.200     43.84991
GET       2.300     48.39972
GET       2.400     54.07232
GET       2.500     55.56375
GET       2.600     56.43823
GET       2.700     57.14333
GET       2.800     57.98288
GET       2.900     59.10392
GET       3.000     60.61217
GET       3.100     62.14700
GET       3.200     63.50163
GET       3.300     64.81723
GET       3.400     66.07181
GET       3.500     67.16709
GET       3.600     68.05776
GET       3.700     68.78374
GET       3.800     69.37079
GET       3.900     69.91029
GET       4.000     70.42862
GET       4.100     70.95596
GET       4.200     71.52757
GET       4.300     72.14544
GET       4.400     72.85392
GET       4.500     73.66593
GET       4.600     74.79963
GET       4.700     76.30152
GET       4.800     77.93373
GET       4.900     80.38245
GET       5.000     83.88134
GET       5.100     86.80582
GET       5.200     88.82655
GET       5.300     90.11896
GET       5.400     90.90697
GET       5.500     91.86515
GET       5.600     93.05797
GET       5.700     93.62675
GET       5.800     94.02507
GET       5.900     94.32535
GET       6.000     94.54480
GET       6.100     94.70592
GET       6.200     94.80551
GET       6.300     94.86219
GET       6.400     94.90955
GET       6.500     94.96143
GET       6.600     95.02435
GET       6.700     95.09631
GET       6.800     95.18591
GET       6.900     95.25098
GET       7.000     95.29047
GET       7.100     95.32218
GET       7.200     95.35243
GET       7.300     95.38259
GET       7.400     95.40729
GET       7.500     95.42167
GET       7.600     95.43427
GET       7.700     95.45148
GET       7.800     95.47416
GET       7.900     95.50340
GET       8.000     95.53548
GET       8.100     95.58975
GET       8.200     95.67229
GET       8.300     95.78527
GET       8.400     95.91963
GET       8.500     96.05775
GET       8.600     96.16984
GET       8.700     96.25337
GET       8.800     96.31771
GET       8.900     96.36510
GET       9.000     96.40080
GET       9.100     96.42836
GET       9.200     96.45554
GET       9.300     96.48098
GET       9.400     96.51040
GET       9.500     96.55378
GET       9.600     96.63341
GET       9.700     96.77421
GET       9.800     97.00117
GET       9.900     97.32395
GET      10.000     98.68765
GET      11.000     99.35161
GET      12.000     99.41230
GET      13.000     99.47815
GET      14.000     99.57125
GET      15.000     99.76112
GET      16.000     99.88816
GET      17.000     99.91548
GET      18.000     99.91865
GET      19.000     99.92860
GET      20.000     99.96645
GET      21.000     99.96722
GET      22.000     99.96728
GET      23.000     99.96734
GET      24.000     99.96750
GET      26.000     99.96779
GET      27.000     99.96784
GET      28.000     99.96801
GET      29.000     99.96896
GET      30.000     99.98002
GET      31.000     99.99105
GET      32.000     99.99220
GET      33.000     99.99231
GET      34.000     99.99242
GET      35.000     99.99254
GET      36.000     99.99265
GET      37.000     99.99270
GET      38.000     99.99282
GET      39.000     99.99287
GET      40.000     99.99298
GET      41.000     99.99310
GET      42.000     99.99315
GET      43.000     99.99321
GET      44.000     99.99338
GET      46.000     99.99349
GET      47.000     99.99355
GET      48.000     99.99360
GET      49.000     99.99371
GET      50.000     99.99377
GET      51.000     99.99383
GET      53.000     99.99394
GET      55.000     99.99399
GET      56.000     99.99405
GET      59.000     99.99411
GET      60.000     99.99416
GET      66.000     99.99428
GET      68.000     99.99433
GET      70.000     99.99439
GET      71.000     99.99444
GET      73.000     99.99450
GET      74.000     99.99456
GET      77.000     99.99467
GET      80.000     99.99472
GET      81.000     99.99478
GET      82.000     99.99484
GET      84.000     99.99489
GET      85.000     99.99495
GET      88.000     99.99501
GET      89.000     99.99506
GET      92.000     99.99517
GET      95.000     99.99529
GET      98.000     99.99540
GET     100.000     99.99557
GET     110.000     99.99590
GET     120.000     99.99607
GET     130.000     99.99618
GET     220.000     99.99646
GET     230.000     99.99674
GET     240.000     99.99697
GET     250.000     99.99719
GET     500.000     99.99725
GET     510.000     99.99736
GET     520.000     99.99742
GET     530.000     99.99747
GET     540.000     99.99753
GET     550.000     99.99764
GET     560.000     99.99770
GET     570.000     99.99776
GET    1300.000     99.99804
GET    1400.000     99.99832
GET    3000.000     99.99955
GET    63000.000    100.00000
