============== Configuration values: ==============
server = nsl200
port = 11123
unix socket = (null)
protocol = memcache_text
out_file = (null)
client_stats = (null)
run_count = 1
debug = 0
requests = 40000
clients = 50
threads = 4
test_time = 0
ratio = 1:10
pipeline = 1
data_size = 32
data_offset = 0
random_data = no
data_size_range = 0-0
data_size_list =
data_size_pattern = R
expiry_range = 0-0
data_import = (null)
data_verify = no
verify_only = no
generate_keys = no
key_prefix = memtier-
key_minimum = 0
key_maximum = 10000000
key_pattern = R:R
key_stddev = 0.000000
key_median = 0.000000
reconnect_interval = 0
multi_key_get = 0
authenticate =
select-db = 0
no-expiry = no
===================================================
[RUN #1] Preparing benchmark client...
[RUN #1] Launching threads now...
[RUN #1 1%,   0 secs]  4 threads:      107124 ops,       0 (avg:       0) ops/sec, 0.00KB/sec (avg: 0.00KB/sec),  0.00 (avg:  0.00) msec latency[RUN #1 3%,   1 secs]  4 threads:      208563 ops,  101424 (avg:  104297) ops/sec, 2.89MB/sec (avg: 2.98MB/sec),  1.97 (avg:  1.91) msec latency[RUN #1 4%,   2 secs]  4 threads:      310516 ops,  101938 (avg:  103510) ops/sec, 2.91MB/sec (avg: 2.95MB/sec),  1.96 (avg:  1.93) msec latency[RUN #1 5%,   3 secs]  4 threads:      415694 ops,  105163 (avg:  103924) ops/sec, 3.00MB/sec (avg: 2.96MB/sec),  1.90 (avg:  1.92) msec latency[RUN #1 7%,   5 secs]  4 threads:      525846 ops,  110136 (avg:  105166) ops/sec, 3.14MB/sec (avg: 3.00MB/sec),  1.81 (avg:  1.90) msec latency[RUN #1 8%,   6 secs]  4 threads:      648719 ops,  122856 (avg:  108115) ops/sec, 3.50MB/sec (avg: 3.08MB/sec),  1.62 (avg:  1.85) msec latency[RUN #1 10%,   7 secs]  4 threads:      769798 ops,  121060 (avg:  109964) ops/sec, 3.45MB/sec (avg: 3.14MB/sec),  1.65 (avg:  1.81) msec latency[RUN #1 11%,   8 secs]  4 threads:      887799 ops,  117983 (avg:  110967) ops/sec, 3.36MB/sec (avg: 3.16MB/sec),  1.69 (avg:  1.80) msec latency[RUN #1 13%,   9 secs]  4 threads:     1008603 ops,  120785 (avg:  112058) ops/sec, 3.44MB/sec (avg: 3.20MB/sec),  1.65 (avg:  1.78) msec latency[RUN #1 14%,  10 secs]  4 threads:     1130877 ops,  122256 (avg:  113078) ops/sec, 3.49MB/sec (avg: 3.22MB/sec),  1.63 (avg:  1.77) msec latency[RUN #1 16%,  11 secs]  4 threads:     1251174 ops,  120279 (avg:  113732) ops/sec, 3.43MB/sec (avg: 3.24MB/sec),  1.66 (avg:  1.75) msec latency[RUN #1 17%,  12 secs]  4 threads:     1371971 ops,  120779 (avg:  114320) ops/sec, 3.44MB/sec (avg: 3.26MB/sec),  1.65 (avg:  1.75) msec latency[RUN #1 19%,  13 secs]  4 threads:     1490476 ops,  118487 (avg:  114640) ops/sec, 3.38MB/sec (avg: 3.27MB/sec),  1.68 (avg:  1.74) msec latency[RUN #1 20%,  14 secs]  4 threads:     1612398 ops,  121904 (avg:  115159) ops/sec, 3.48MB/sec (avg: 3.28MB/sec),  1.64 (avg:  1.73) msec latency[RUN #1 22%,  15 secs]  4 threads:     1734657 ops,  122241 (avg:  115631) ops/sec, 3.49MB/sec (avg: 3.30MB/sec),  1.63 (avg:  1.73) msec latency[RUN #1 23%,  16 secs]  4 threads:     1850026 ops,  115351 (avg:  115614) ops/sec, 3.29MB/sec (avg: 3.30MB/sec),  1.73 (avg:  1.73) msec latency[RUN #1 25%,  17 secs]  4 threads:     1966066 ops,  116023 (avg:  115638) ops/sec, 3.31MB/sec (avg: 3.30MB/sec),  1.72 (avg:  1.73) msec latency[RUN #1 26%,  18 secs]  4 threads:     2077331 ops,  111248 (avg:  115394) ops/sec, 3.17MB/sec (avg: 3.29MB/sec),  1.79 (avg:  1.73) msec latency[RUN #1 27%,  19 secs]  4 threads:     2190582 ops,  113234 (avg:  115280) ops/sec, 3.23MB/sec (avg: 3.29MB/sec),  1.76 (avg:  1.73) msec latency[RUN #1 29%,  20 secs]  4 threads:     2301419 ops,  110820 (avg:  115057) ops/sec, 3.16MB/sec (avg: 3.28MB/sec),  1.80 (avg:  1.73) msec latency[RUN #1 30%,  21 secs]  4 threads:     2417703 ops,  116268 (avg:  115115) ops/sec, 3.31MB/sec (avg: 3.28MB/sec),  1.72 (avg:  1.73) msec latency[RUN #1 32%,  22 secs]  4 threads:     2531072 ops,  113352 (avg:  115035) ops/sec, 3.23MB/sec (avg: 3.28MB/sec),  1.76 (avg:  1.73) msec latency[RUN #1 33%,  23 secs]  4 threads:     2644451 ops,  113364 (avg:  114962) ops/sec, 3.23MB/sec (avg: 3.28MB/sec),  1.76 (avg:  1.74) msec latency[RUN #1 35%,  24 secs]  4 threads:     2761918 ops,  117450 (avg:  115066) ops/sec, 3.35MB/sec (avg: 3.28MB/sec),  1.70 (avg:  1.73) msec latency[RUN #1 36%,  25 secs]  4 threads:     2873668 ops,  111734 (avg:  114932) ops/sec, 3.19MB/sec (avg: 3.28MB/sec),  1.79 (avg:  1.74) msec latency[RUN #1 37%,  26 secs]  4 threads:     2984031 ops,  110347 (avg:  114756) ops/sec, 3.15MB/sec (avg: 3.27MB/sec),  1.81 (avg:  1.74) msec latency[RUN #1 39%,  27 secs]  4 threads:     3098541 ops,  114493 (avg:  114746) ops/sec, 3.26MB/sec (avg: 3.27MB/sec),  1.75 (avg:  1.74) msec latency[RUN #1 40%,  28 secs]  4 threads:     3210851 ops,  112293 (avg:  114659) ops/sec, 3.20MB/sec (avg: 3.27MB/sec),  1.78 (avg:  1.74) msec latency[RUN #1 42%,  29 secs]  4 threads:     3321927 ops,  111060 (avg:  114535) ops/sec, 3.17MB/sec (avg: 3.27MB/sec),  1.80 (avg:  1.74) msec latency[RUN #1 43%,  30 secs]  4 threads:     3435771 ops,  113828 (avg:  114511) ops/sec, 3.25MB/sec (avg: 3.26MB/sec),  1.76 (avg:  1.74) msec latency[RUN #1 44%,  31 secs]  4 threads:     3549594 ops,  113805 (avg:  114488) ops/sec, 3.24MB/sec (avg: 3.26MB/sec),  1.75 (avg:  1.74) msec latency[RUN #1 46%,  32 secs]  4 threads:     3661603 ops,  111992 (avg:  114410) ops/sec, 3.19MB/sec (avg: 3.26MB/sec),  1.78 (avg:  1.74) msec latency[RUN #1 47%,  33 secs]  4 threads:     3772145 ops,  110526 (avg:  114293) ops/sec, 3.15MB/sec (avg: 3.26MB/sec),  1.81 (avg:  1.75) msec latency[RUN #1 49%,  34 secs]  4 threads:     3888111 ops,  115948 (avg:  114341) ops/sec, 3.31MB/sec (avg: 3.26MB/sec),  1.72 (avg:  1.75) msec latency[RUN #1 50%,  35 secs]  4 threads:     4023798 ops,  135667 (avg:  114951) ops/sec, 3.87MB/sec (avg: 3.28MB/sec),  1.47 (avg:  1.74) msec latency[RUN #1 52%,  36 secs]  4 threads:     4161041 ops,  137222 (avg:  115569) ops/sec, 3.92MB/sec (avg: 3.30MB/sec),  1.45 (avg:  1.73) msec latency[RUN #1 54%,  37 secs]  4 threads:     4300112 ops,  139050 (avg:  116204) ops/sec, 3.96MB/sec (avg: 3.31MB/sec),  1.43 (avg:  1.72) msec latency[RUN #1 55%,  38 secs]  4 threads:     4435752 ops,  135621 (avg:  116715) ops/sec, 3.87MB/sec (avg: 3.33MB/sec),  1.47 (avg:  1.71) msec latency[RUN #1 57%,  39 secs]  4 threads:     4574661 ops,  138892 (avg:  117283) ops/sec, 3.96MB/sec (avg: 3.34MB/sec),  1.44 (avg:  1.70) msec latency[RUN #1 59%,  40 secs]  4 threads:     4714207 ops,  139529 (avg:  117840) ops/sec, 3.98MB/sec (avg: 3.36MB/sec),  1.43 (avg:  1.69) msec latency[RUN #1 61%,  41 secs]  4 threads:     4853319 ops,  139095 (avg:  118358) ops/sec, 3.97MB/sec (avg: 3.37MB/sec),  1.43 (avg:  1.69) msec latency[RUN #1 62%,  42 secs]  4 threads:     4995778 ops,  142441 (avg:  118931) ops/sec, 4.06MB/sec (avg: 3.39MB/sec),  1.40 (avg:  1.68) msec latency[RUN #1 64%,  43 secs]  4 threads:     5139994 ops,  144199 (avg:  119519) ops/sec, 4.11MB/sec (avg: 3.41MB/sec),  1.38 (avg:  1.67) msec latency[RUN #1 66%,  44 secs]  4 threads:     5288026 ops,  144199 (avg:  120174) ops/sec, 4.11MB/sec (avg: 3.43MB/sec),  1.38 (avg:  1.66) msec latency[RUN #1 68%,  44 secs]  4 threads:     5436815 ops,  144199 (avg:  120880) ops/sec, 4.11MB/sec (avg: 3.45MB/sec),  1.38 (avg:  1.65) msec latency[RUN #1 70%,  45 secs]  4 threads:     5591576 ops,  144199 (avg:  121797) ops/sec, 4.11MB/sec (avg: 3.47MB/sec),  1.38 (avg:  1.64) msec latency[RUN #1 72%,  46 secs]  4 threads:     5745226 ops,  144199 (avg:  122790) ops/sec, 4.11MB/sec (avg: 3.50MB/sec),  1.38 (avg:  1.63) msec latency[RUN #1 73%,  47 secs]  4 threads:     5868421 ops,  144199 (avg:  123176) ops/sec, 4.11MB/sec (avg: 3.51MB/sec),  1.38 (avg:  1.62) msec latency[RUN #1 75%,  48 secs]  4 threads:     5990683 ops,  144199 (avg:  123600) ops/sec, 4.11MB/sec (avg: 3.52MB/sec),  1.38 (avg:  1.61) msec latency[RUN #1 76%,  49 secs]  4 threads:     6113542 ops,  144199 (avg:  124125) ops/sec, 4.11MB/sec (avg: 3.54MB/sec),  1.38 (avg:  1.61) msec latency[RUN #1 78%,  49 secs]  4 threads:     6237151 ops,  144199 (avg:  124871) ops/sec, 4.11MB/sec (avg: 3.56MB/sec),  1.38 (avg:  1.60) msec latency[RUN #1 79%,  50 secs]  4 threads:     6333856 ops,  144199 (avg:  125353) ops/sec, 4.11MB/sec (avg: 3.57MB/sec),  1.38 (avg:  1.59) msec latency[RUN #1 80%,  51 secs]  4 threads:     6420170 ops,  144199 (avg:  125748) ops/sec, 4.11MB/sec (avg: 3.59MB/sec),  1.38 (avg:  1.59) msec latency[RUN #1 81%,  51 secs]  4 threads:     6503082 ops,  144199 (avg:  126087) ops/sec, 4.11MB/sec (avg: 3.60MB/sec),  1.38 (avg:  1.58) msec latency[RUN #1 82%,  52 secs]  4 threads:     6584409 ops,  144199 (avg:  126389) ops/sec, 4.11MB/sec (avg: 3.60MB/sec),  1.38 (avg:  1.58) msec latency[RUN #1 83%,  52 secs]  4 threads:     6667184 ops,  144199 (avg:  126713) ops/sec, 4.11MB/sec (avg: 3.61MB/sec),  1.38 (avg:  1.57) msec latency[RUN #1 84%,  53 secs]  4 threads:     6749848 ops,  144199 (avg:  127029) ops/sec, 4.11MB/sec (avg: 3.62MB/sec),  1.38 (avg:  1.57) msec latency[RUN #1 85%,  53 secs]  4 threads:     6830628 ops,  144199 (avg:  127303) ops/sec, 4.11MB/sec (avg: 3.63MB/sec),  1.38 (avg:  1.57) msec latency[RUN #1 86%,  54 secs]  4 threads:     6912679 ops,  144199 (avg:  127596) ops/sec, 4.11MB/sec (avg: 3.64MB/sec),  1.38 (avg:  1.56) msec latency[RUN #1 87%,  54 secs]  4 threads:     6994726 ops,  144199 (avg:  127882) ops/sec, 4.11MB/sec (avg: 3.65MB/sec),  1.38 (avg:  1.56) msec latency[RUN #1 88%,  55 secs]  4 threads:     7074795 ops,  144199 (avg:  128128) ops/sec, 4.11MB/sec (avg: 3.65MB/sec),  1.38 (avg:  1.56) msec latency[RUN #1 89%,  55 secs]  4 threads:     7155296 ops,  144199 (avg:  128377) ops/sec, 4.11MB/sec (avg: 3.66MB/sec),  1.38 (avg:  1.55) msec latency[RUN #1 90%,  56 secs]  4 threads:     7237697 ops,  144199 (avg:  128655) ops/sec, 4.11MB/sec (avg: 3.67MB/sec),  1.38 (avg:  1.55) msec latency[RUN #1 92%,  56 secs]  4 threads:     7325532 ops,  144199 (avg:  129026) ops/sec, 4.11MB/sec (avg: 3.68MB/sec),  1.38 (avg:  1.55) msec latency[RUN #1 93%,  57 secs]  4 threads:     7420473 ops,  144199 (avg:  129542) ops/sec, 4.11MB/sec (avg: 3.69MB/sec),  1.38 (avg:  1.54) msec latency[RUN #1 94%,  57 secs]  4 threads:     7518176 ops,  144199 (avg:  130148) ops/sec, 4.11MB/sec (avg: 3.71MB/sec),  1.38 (avg:  1.53) msec latency[RUN #1 95%,  58 secs]  4 threads:     7617392 ops,  144199 (avg:  130884) ops/sec, 4.11MB/sec (avg: 3.73MB/sec),  1.38 (avg:  1.52) msec latency[RUN #1 96%,  58 secs]  4 threads:     7713920 ops,  144199 (avg:  131733) ops/sec, 4.11MB/sec (avg: 3.76MB/sec),  1.38 (avg:  1.51) msec latency[RUN #1 97%,  58 secs]  4 threads:     7785705 ops,  144199 (avg:  132330) ops/sec, 4.11MB/sec (avg: 3.77MB/sec),  1.38 (avg:  1.51) msec latency[RUN #1 98%,  59 secs]  4 threads:     7846010 ops,  144199 (avg:  132795) ops/sec, 4.11MB/sec (avg: 3.79MB/sec),  1.38 (avg:  1.50) msec latency[RUN #1 99%,  59 secs]  4 threads:     7898820 ops,  144199 (avg:  133262) ops/sec, 4.11MB/sec (avg: 3.80MB/sec),  1.38 (avg:  1.50) msec latency[RUN #1 99%,  59 secs]  4 threads:     7957677 ops,  144199 (avg:  133898) ops/sec, 4.11MB/sec (avg: 3.82MB/sec),  1.38 (avg:  1.49) msec latency[RUN #1 100%,  59 secs]  0 threads:     8000000 ops,  144199 (avg:  134465) ops/sec, 4.11MB/sec (avg: 3.83MB/sec),  1.38 (avg:  1.48) msec latency

4         Threads
50        Connections per thread
40000     Requests per thread
Type        Ops/sec     Hits/sec   Misses/sec      Latency       KB/sec
------------------------------------------------------------------------
Sets       15053.56          ---          ---      1.48800      1027.32
Gets      150506.65        34.00    150472.65      1.48300      3807.55
Totals    165560.22        34.00    150472.65      1.48300      4834.87


Request Latency Distribution
Type     <= msec         Percent
------------------------------------------------------------------------
SET        -nan       100.00
---
GET       0.058         0.00
GET       0.059         0.00
GET       0.060         0.00
GET       0.061         0.00
GET       0.062         0.00
GET       0.064         0.00
GET       0.065         0.00
GET       0.066         0.00
GET       0.067         0.00
GET       0.068         0.00
GET       0.069         0.00
GET       0.070         0.00
GET       0.071         0.00
GET       0.072         0.00
GET       0.073         0.00
GET       0.074         0.00
GET       0.075         0.00
GET       0.076         0.00
GET       0.077         0.00
GET       0.078         0.00
GET       0.079         0.00
GET       0.080         0.00
GET       0.081         0.00
GET       0.082         0.00
GET       0.083         0.00
GET       0.084         0.00
GET       0.085         0.00
GET       0.086         0.00
GET       0.087         0.00
GET       0.088         0.00
GET       0.089         0.01
GET       0.090         0.01
GET       0.091         0.01
GET       0.092         0.01
GET       0.093         0.01
GET       0.094         0.01
GET       0.095         0.01
GET       0.096         0.01
GET       0.097         0.01
GET       0.098         0.01
GET       0.099         0.02
GET       0.100         0.02
GET       0.110         0.03
GET       0.120         0.04
GET       0.130         0.06
GET       0.140         0.09
GET       0.150         0.12
GET       0.160         0.15
GET       0.170         0.18
GET       0.180         0.22
GET       0.190         0.26
GET       0.200         0.31
GET       0.210         0.36
GET       0.220         0.41
GET       0.230         0.47
GET       0.240         0.53
GET       0.250         0.59
GET       0.260         0.65
GET       0.270         0.71
GET       0.280         0.77
GET       0.290         0.84
GET       0.300         0.91
GET       0.310         0.98
GET       0.320         1.06
GET       0.330         1.14
GET       0.340         1.23
GET       0.350         1.32
GET       0.360         1.40
GET       0.370         1.50
GET       0.380         1.60
GET       0.390         1.73
GET       0.400         1.87
GET       0.410         2.01
GET       0.420         2.16
GET       0.430         2.31
GET       0.440         2.47
GET       0.450         2.62
GET       0.460         2.76
GET       0.470         2.90
GET       0.480         3.05
GET       0.490         3.20
GET       0.500         3.34
GET       0.510         3.48
GET       0.520         3.62
GET       0.530         3.78
GET       0.540         3.94
GET       0.550         4.10
GET       0.560         4.25
GET       0.570         4.41
GET       0.580         4.56
GET       0.590         4.72
GET       0.600         4.88
GET       0.610         5.04
GET       0.620         5.21
GET       0.630         5.38
GET       0.640         5.56
GET       0.650         5.74
GET       0.660         5.93
GET       0.670         6.14
GET       0.680         6.36
GET       0.690         6.58
GET       0.700         6.81
GET       0.710         7.04
GET       0.720         7.28
GET       0.730         7.54
GET       0.740         7.81
GET       0.750         8.08
GET       0.760         8.37
GET       0.770         8.68
GET       0.780         9.00
GET       0.790         9.35
GET       0.800         9.72
GET       0.810        10.11
GET       0.820        10.54
GET       0.830        11.01
GET       0.840        11.53
GET       0.850        12.09
GET       0.860        12.68
GET       0.870        13.33
GET       0.880        14.06
GET       0.890        14.87
GET       0.900        15.76
GET       0.910        16.76
GET       0.920        17.89
GET       0.930        19.18
GET       0.940        20.65
GET       0.950        22.28
GET       0.960        24.10
GET       0.970        26.16
GET       0.980        28.45
GET       0.990        30.93
GET       1.000        45.16
GET       1.100        54.18
GET       1.200        56.36
GET       1.300        60.03
GET       1.400        63.58
GET       1.500        67.35
GET       1.600        72.87
GET       1.700        77.33
GET       1.800        80.79
GET       1.900        84.54
GET       2.000        88.33
GET       2.100        90.60
GET       2.200        91.32
GET       2.300        91.67
GET       2.400        92.05
GET       2.500        92.55
GET       2.600        93.01
GET       2.700        93.40
GET       2.800        93.57
GET       2.900        93.75
GET       3.000        94.05
GET       3.100        94.53
GET       3.200        95.18
GET       3.300        95.85
GET       3.400        96.47
GET       3.500        97.04
GET       3.600        97.53
GET       3.700        97.86
GET       3.800        98.03
GET       3.900        98.11
GET       4.000        98.15
GET       4.100        98.17
GET       4.200        98.19
GET       4.300        98.20
GET       4.400        98.21
GET       4.500        98.22
GET       4.600        98.23
GET       4.700        98.25
GET       4.800        98.26
GET       4.900        98.28
GET       5.000        98.32
GET       5.100        98.38
GET       5.200        98.47
GET       5.300        98.56
GET       5.400        98.64
GET       5.500        98.69
GET       5.600        98.71
GET       5.700        98.73
GET       5.800        98.74
GET       5.900        98.74
GET       6.000        98.74
GET       6.100        98.74
GET       6.200        98.74
GET       6.300        98.75
GET       6.400        98.75
GET       6.500        98.75
GET       6.600        98.75
GET       6.700        98.76
GET       6.800        98.76
GET       6.900        98.77
GET       7.000        98.78
GET       7.100        98.78
GET       7.200        98.78
GET       7.300        98.78
GET       7.400        98.78
GET       7.500        98.79
GET       7.600        98.79
GET       7.700        98.79
GET       7.800        98.79
GET       7.900        98.79
GET       8.000        98.79
GET       8.100        98.79
GET       8.200        98.79
GET       8.300        98.79
GET       8.400        98.80
GET       8.500        98.80
GET       8.600        98.80
GET       8.700        98.81
GET       8.800        98.81
GET       8.900        98.82
GET       9.000        98.83
GET       9.100        98.84
GET       9.200        98.86
GET       9.300        98.88
GET       9.400        98.90
GET       9.500        98.93
GET       9.600        98.96
GET       9.700        99.00
GET       9.800        99.05
GET       9.900        99.11
GET      10.000        99.48
GET      11.000        99.95
GET      12.000        99.99
GET      13.000        99.99
GET      14.000        99.99
GET      15.000        99.99
GET      16.000       100.00
GET      17.000       100.00
GET      18.000       100.00
GET      19.000       100.00
GET      20.000       100.00
GET      21.000       100.00
GET      22.000       100.00
GET      23.000       100.00
GET      24.000       100.00
GET      25.000       100.00
GET      26.000       100.00
GET      27.000       100.00
GET      28.000       100.00
GET      29.000       100.00
GET      30.000       100.00
GET      31.000       100.00
GET      32.000       100.00
GET      33.000       100.00
GET      34.000       100.00
GET      35.000       100.00
GET      36.000       100.00
GET      37.000       100.00
GET      38.000       100.00
GET      39.000       100.00
GET      40.000       100.00
GET      41.000       100.00
GET      43.000       100.00
GET      46.000       100.00
GET      47.000       100.00
GET      50.000       100.00
GET      55.000       100.00
GET      56.000       100.00
GET      59.000       100.00
GET      60.000       100.00
GET      61.000       100.00
GET      62.000       100.00
GET      63.000       100.00
GET      67.000       100.00
