============== Configuration values: ==============
server = nsl200
port = 11123
unix socket = (null)
protocol = memcache_text
out_file = (null)
client_stats = (null)
run_count = 1
debug = 0
requests = 40000
clients = 50
threads = 4
test_time = 0
ratio = 1:10
pipeline = 5
data_size = 32
data_offset = 0
random_data = yes
data_size_range = 0-0
data_size_list =
data_size_pattern = R
expiry_range = 0-0
data_import = (null)
data_verify = no
verify_only = no
generate_keys = no
key_prefix = memtier-
key_minimum = 0
key_maximum = 1000
key_pattern = R:R
key_stddev = 0.000000
key_median = 0.000000
reconnect_interval = 0
multi_key_get = 0
authenticate =
select-db = 0
no-expiry = no
===================================================
[RUN #1] Preparing benchmark client...
[RUN #1] Launching threads now...
[RUN #1 3%,   0 secs]  4 threads:      206255 ops,       0 (avg:       0) ops/sec, 0.00KB/sec (avg: 0.00KB/sec),  0.00 (avg:  0.00) msec latency[RUN #1 4%,   1 secs]  4 threads:      347332 ops,  141058 (avg:  173705) ops/sec, 10.43MB/sec (avg: 12.86MB/sec),  7.07 (avg:  5.73) msec latency[RUN #1 6%,   2 secs]  4 threads:      487190 ops,  139835 (avg:  162412) ops/sec, 10.38MB/sec (avg: 12.03MB/sec),  7.15 (avg:  6.14) msec latency[RUN #1 8%,   3 secs]  4 threads:      627493 ops,  140276 (avg:  156877) ops/sec, 10.42MB/sec (avg: 11.63MB/sec),  7.11 (avg:  6.36) msec latency[RUN #1 10%,   5 secs]  4 threads:      767957 ops,  140443 (avg:  153590) ops/sec, 10.44MB/sec (avg: 11.39MB/sec),  7.11 (avg:  6.49) msec latency[RUN #1 11%,   6 secs]  4 threads:      909375 ops,  141400 (avg:  151558) ops/sec, 10.54MB/sec (avg: 11.25MB/sec),  7.07 (avg:  6.58) msec latency[RUN #1 13%,   7 secs]  4 threads:     1050551 ops,  141156 (avg:  150072) ops/sec, 10.54MB/sec (avg: 11.15MB/sec),  7.08 (avg:  6.65) msec latency[RUN #1 15%,   8 secs]  4 threads:     1191300 ops,  140732 (avg:  148904) ops/sec, 10.52MB/sec (avg: 11.07MB/sec),  7.10 (avg:  6.70) msec latency[RUN #1 17%,   9 secs]  4 threads:     1332005 ops,  140684 (avg:  147991) ops/sec, 10.53MB/sec (avg: 11.01MB/sec),  7.09 (avg:  6.74) msec latency[RUN #1 18%,  10 secs]  4 threads:     1473666 ops,  141643 (avg:  147356) ops/sec, 10.60MB/sec (avg: 10.97MB/sec),  7.05 (avg:  6.77) msec latency[RUN #1 20%,  11 secs]  4 threads:     1615051 ops,  141366 (avg:  146811) ops/sec, 10.58MB/sec (avg: 10.93MB/sec),  7.06 (avg:  6.80) msec latency[RUN #1 22%,  12 secs]  4 threads:     1756367 ops,  141298 (avg:  146352) ops/sec, 10.58MB/sec (avg: 10.90MB/sec),  7.07 (avg:  6.82) msec latency[RUN #1 24%,  13 secs]  4 threads:     1897215 ops,  140827 (avg:  145927) ops/sec, 10.54MB/sec (avg: 10.88MB/sec),  7.11 (avg:  6.84) msec latency[RUN #1 25%,  14 secs]  4 threads:     2038698 ops,  141462 (avg:  145608) ops/sec, 10.59MB/sec (avg: 10.85MB/sec),  7.06 (avg:  6.86) msec latency[RUN #1 27%,  15 secs]  4 threads:     2179510 ops,  140794 (avg:  145287) ops/sec, 10.54MB/sec (avg: 10.83MB/sec),  7.08 (avg:  6.87) msec latency[RUN #1 29%,  16 secs]  4 threads:     2320578 ops,  141046 (avg:  145022) ops/sec, 10.56MB/sec (avg: 10.82MB/sec),  7.07 (avg:  6.88) msec latency[RUN #1 31%,  17 secs]  4 threads:     2462152 ops,  141554 (avg:  144818) ops/sec, 10.60MB/sec (avg: 10.80MB/sec),  7.07 (avg:  6.89) msec latency[RUN #1 33%,  18 secs]  4 threads:     2603098 ops,  140928 (avg:  144602) ops/sec, 10.55MB/sec (avg: 10.79MB/sec),  7.07 (avg:  6.90) msec latency[RUN #1 34%,  19 secs]  4 threads:     2748235 ops,  145120 (avg:  144629) ops/sec, 10.87MB/sec (avg: 10.79MB/sec),  6.91 (avg:  6.90) msec latency[RUN #1 36%,  20 secs]  4 threads:     2915095 ops,  166839 (avg:  145740) ops/sec, 12.50MB/sec (avg: 10.88MB/sec),  5.98 (avg:  6.85) msec latency[RUN #1 39%,  21 secs]  4 threads:     3082265 ops,  167148 (avg:  146759) ops/sec, 12.52MB/sec (avg: 10.96MB/sec),  5.97 (avg:  6.80) msec latency[RUN #1 41%,  22 secs]  4 threads:     3249565 ops,  167276 (avg:  147692) ops/sec, 12.52MB/sec (avg: 11.03MB/sec),  5.97 (avg:  6.76) msec latency[RUN #1 43%,  23 secs]  4 threads:     3416361 ops,  166757 (avg:  148521) ops/sec, 12.49MB/sec (avg: 11.09MB/sec),  5.98 (avg:  6.72) msec latency[RUN #1 45%,  24 secs]  4 threads:     3583270 ops,  166880 (avg:  149286) ops/sec, 12.50MB/sec (avg: 11.15MB/sec),  5.99 (avg:  6.69) msec latency[RUN #1 47%,  25 secs]  4 threads:     3750057 ops,  166766 (avg:  149985) ops/sec, 12.49MB/sec (avg: 11.20MB/sec),  5.98 (avg:  6.66) msec latency[RUN #1 49%,  26 secs]  4 threads:     3916910 ops,  166829 (avg:  150633) ops/sec, 12.49MB/sec (avg: 11.25MB/sec),  5.98 (avg:  6.63) msec latency[RUN #1 51%,  27 secs]  4 threads:     4083345 ops,  166412 (avg:  151217) ops/sec, 12.46MB/sec (avg: 11.30MB/sec),  6.00 (avg:  6.60) msec latency[RUN #1 53%,  28 secs]  4 threads:     4250152 ops,  166783 (avg:  151773) ops/sec, 12.49MB/sec (avg: 11.34MB/sec),  5.99 (avg:  6.58) msec latency[RUN #1 55%,  29 secs]  4 threads:     4416633 ops,  166460 (avg:  152280) ops/sec, 12.47MB/sec (avg: 11.38MB/sec),  5.99 (avg:  6.56) msec latency[RUN #1 57%,  30 secs]  4 threads:     4582750 ops,  166096 (avg:  152740) ops/sec, 12.44MB/sec (avg: 11.41MB/sec),  6.01 (avg:  6.54) msec latency[RUN #1 59%,  31 secs]  4 threads:     4749804 ops,  167031 (avg:  153201) ops/sec, 12.51MB/sec (avg: 11.45MB/sec),  5.99 (avg:  6.52) msec latency[RUN #1 61%,  32 secs]  4 threads:     4916544 ops,  166716 (avg:  153624) ops/sec, 12.48MB/sec (avg: 11.48MB/sec),  5.98 (avg:  6.50) msec latency[RUN #1 64%,  33 secs]  4 threads:     5083430 ops,  166863 (avg:  154025) ops/sec, 12.50MB/sec (avg: 11.51MB/sec),  5.98 (avg:  6.48) msec latency[RUN #1 66%,  34 secs]  4 threads:     5250390 ops,  166940 (avg:  154405) ops/sec, 12.50MB/sec (avg: 11.54MB/sec),  5.98 (avg:  6.47) msec latency[RUN #1 68%,  35 secs]  4 threads:     5417320 ops,  166908 (avg:  154762) ops/sec, 12.50MB/sec (avg: 11.57MB/sec),  5.98 (avg:  6.45) msec latency[RUN #1 70%,  36 secs]  4 threads:     5584044 ops,  166683 (avg:  155093) ops/sec, 12.48MB/sec (avg: 11.59MB/sec),  5.99 (avg:  6.44) msec latency[RUN #1 72%,  37 secs]  4 threads:     5751052 ops,  166975 (avg:  155414) ops/sec, 12.50MB/sec (avg: 11.62MB/sec),  5.98 (avg:  6.42) msec latency[RUN #1 74%,  38 secs]  4 threads:     5917679 ops,  166607 (avg:  155709) ops/sec, 12.48MB/sec (avg: 11.64MB/sec),  5.99 (avg:  6.41) msec latency[RUN #1 76%,  39 secs]  4 threads:     6084508 ops,  166802 (avg:  155993) ops/sec, 12.49MB/sec (avg: 11.66MB/sec),  5.99 (avg:  6.40) msec latency[RUN #1 78%,  40 secs]  4 threads:     6250977 ops,  166446 (avg:  156255) ops/sec, 12.46MB/sec (avg: 11.68MB/sec),  5.99 (avg:  6.39) msec latency[RUN #1 80%,  40 secs]  4 threads:     6416693 ops,  166446 (avg:  156568) ops/sec, 12.46MB/sec (avg: 11.71MB/sec),  5.99 (avg:  6.38) msec latency[RUN #1 81%,  41 secs]  4 threads:     6499320 ops,  166446 (avg:  156579) ops/sec, 12.46MB/sec (avg: 11.71MB/sec),  5.99 (avg:  6.38) msec latency[RUN #1 82%,  42 secs]  4 threads:     6579460 ops,  166446 (avg:  156622) ops/sec, 12.46MB/sec (avg: 11.71MB/sec),  5.99 (avg:  6.37) msec latency[RUN #1 83%,  42 secs]  4 threads:     6664975 ops,  166446 (avg:  156792) ops/sec, 12.46MB/sec (avg: 11.72MB/sec),  5.99 (avg:  6.37) msec latency[RUN #1 84%,  43 secs]  4 threads:     6751210 ops,  166446 (avg:  156974) ops/sec, 12.46MB/sec (avg: 11.74MB/sec),  5.99 (avg:  6.36) msec latency[RUN #1 85%,  43 secs]  4 threads:     6837214 ops,  166446 (avg:  157146) ops/sec, 12.46MB/sec (avg: 11.75MB/sec),  5.99 (avg:  6.35) msec latency[RUN #1 87%,  44 secs]  4 threads:     6923151 ops,  166446 (avg:  157313) ops/sec, 12.46MB/sec (avg: 11.76MB/sec),  5.99 (avg:  6.35) msec latency[RUN #1 88%,  44 secs]  4 threads:     7009177 ops,  166446 (avg:  157479) ops/sec, 12.46MB/sec (avg: 11.78MB/sec),  5.99 (avg:  6.34) msec latency[RUN #1 89%,  45 secs]  4 threads:     7095210 ops,  166446 (avg:  157640) ops/sec, 12.46MB/sec (avg: 11.79MB/sec),  5.99 (avg:  6.33) msec latency[RUN #1 90%,  45 secs]  4 threads:     7181460 ops,  166446 (avg:  157803) ops/sec, 12.46MB/sec (avg: 11.80MB/sec),  5.99 (avg:  6.33) msec latency[RUN #1 91%,  46 secs]  4 threads:     7267440 ops,  166446 (avg:  157957) ops/sec, 12.46MB/sec (avg: 11.81MB/sec),  5.99 (avg:  6.32) msec latency[RUN #1 92%,  46 secs]  4 threads:     7353317 ops,  166446 (avg:  158105) ops/sec, 12.46MB/sec (avg: 11.82MB/sec),  5.99 (avg:  6.31) msec latency[RUN #1 93%,  47 secs]  4 threads:     7439460 ops,  166446 (avg:  158256) ops/sec, 12.46MB/sec (avg: 11.84MB/sec),  5.99 (avg:  6.31) msec latency[RUN #1 94%,  47 secs]  4 threads:     7500790 ops,  166446 (avg:  158328) ops/sec, 12.46MB/sec (avg: 11.84MB/sec),  5.99 (avg:  6.31) msec latency[RUN #1 94%,  47 secs]  4 threads:     7540375 ops,  166446 (avg:  158328) ops/sec, 12.46MB/sec (avg: 11.84MB/sec),  5.99 (avg:  6.31) msec latency[RUN #1 95%,  47 secs]  4 threads:     7584375 ops,  166446 (avg:  158420) ops/sec, 12.46MB/sec (avg: 11.85MB/sec),  5.99 (avg:  6.30) msec latency[RUN #1 95%,  48 secs]  4 threads:     7628330 ops,  166446 (avg:  158510) ops/sec, 12.46MB/sec (avg: 11.86MB/sec),  5.99 (avg:  6.30) msec latency[RUN #1 96%,  48 secs]  4 threads:     7672375 ops,  166446 (avg:  158601) ops/sec, 12.46MB/sec (avg: 11.86MB/sec),  5.99 (avg:  6.29) msec latency[RUN #1 96%,  48 secs]  4 threads:     7716125 ops,  166446 (avg:  158686) ops/sec, 12.46MB/sec (avg: 11.87MB/sec),  5.99 (avg:  6.29) msec latency[RUN #1 97%,  48 secs]  4 threads:     7759875 ops,  166446 (avg:  158769) ops/sec, 12.46MB/sec (avg: 11.87MB/sec),  5.99 (avg:  6.29) msec latency[RUN #1 98%,  49 secs]  4 threads:     7804125 ops,  166446 (avg:  158862) ops/sec, 12.46MB/sec (avg: 11.88MB/sec),  5.99 (avg:  6.28) msec latency[RUN #1 98%,  49 secs]  4 threads:     7848625 ops,  166446 (avg:  158958) ops/sec, 12.46MB/sec (avg: 11.89MB/sec),  5.99 (avg:  6.28) msec latency[RUN #1 99%,  49 secs]  4 threads:     7893055 ops,  166446 (avg:  159053) ops/sec, 12.46MB/sec (avg: 11.90MB/sec),  5.99 (avg:  6.28) msec latency[RUN #1 99%,  49 secs]  4 threads:     7937375 ops,  166446 (avg:  159144) ops/sec, 12.46MB/sec (avg: 11.90MB/sec),  5.99 (avg:  6.27) msec latency[RUN #1 100%,  50 secs]  4 threads:     7981875 ops,  166446 (avg:  159238) ops/sec, 12.46MB/sec (avg: 11.91MB/sec),  5.99 (avg:  6.27) msec latency[RUN #1 100%,  50 secs]  0 threads:     8000000 ops,  166446 (avg:  159306) ops/sec, 12.46MB/sec (avg: 11.92MB/sec),  5.99 (avg:  6.27) msec latency

4         Threads
50        Connections per thread
40000     Requests per thread
Type        Ops/sec     Hits/sec   Misses/sec      Latency       KB/sec
------------------------------------------------------------------------
Sets       17953.24          ---          ---      6.26300      1155.05
Gets      179497.87    179187.92       309.95      6.26700     13967.56
Totals    197451.11    179187.92       309.95      6.26700     15122.61


Request Latency Distribution
Type     <= msec         Percent
------------------------------------------------------------------------
SET       1.000      2.71859
SET       2.000      3.10311
SET       3.000      3.67418
SET       4.000     12.90775
SET       5.000     77.04028
SET       6.000     80.88878
SET       7.000     82.85854
SET       8.000     83.74265
SET       9.000     89.29475
SET      10.000     95.98928
SET      11.000     96.25323
SET      12.000     96.29777
SET      13.000     96.35345
SET      14.000     98.53753
SET      15.000     99.99271
SET      16.000     99.99698
SET      17.000     99.99711
SET      18.000     99.99739
SET      19.000     99.99753
SET      20.000     99.99766
SET      21.000     99.99794
SET      23.000     99.99808
SET      24.000     99.99835
SET      26.000     99.99863
SET      28.000     99.99876
SET      29.000     99.99890
SET      31.000     99.99904
SET      32.000     99.99918
SET      35.000     99.99931
SET      38.000     99.99945
SET      42.000     99.99959
SET      47.000     99.99973
SET      52.000     99.99986
SET      57.000    100.00000
---
GET       0.440      0.00001
GET       0.450      0.00011
GET       0.460      0.00017
GET       0.470      0.00026
GET       0.480      0.00040
GET       0.490      0.00051
GET       0.500      0.00061
GET       0.510      0.00080
GET       0.520      0.00091
GET       0.530      0.00139
GET       0.540      0.00162
GET       0.550      0.00190
GET       0.560      0.00231
GET       0.570      0.00286
GET       0.580      0.00370
GET       0.590      0.00448
GET       0.600      0.00546
GET       0.610      0.00667
GET       0.620      0.00795
GET       0.630      0.00958
GET       0.640      0.01099
GET       0.650      0.01224
GET       0.660      0.01400
GET       0.670      0.01566
GET       0.680      0.01722
GET       0.690      0.01900
GET       0.700      0.02031
GET       0.710      0.02229
GET       0.720      0.02362
GET       0.730      0.02520
GET       0.740      0.02756
GET       0.750      0.02960
GET       0.760      0.03101
GET       0.770      0.03226
GET       0.780      0.03367
GET       0.790      0.03495
GET       0.800      0.03637
GET       0.810      0.03779
GET       0.820      0.03926
GET       0.830      0.04044
GET       0.840      0.04210
GET       0.850      0.04305
GET       0.860      0.04450
GET       0.870      0.04553
GET       0.880      0.04659
GET       0.890      0.04764
GET       0.900      0.04830
GET       0.910      0.04910
GET       0.920      0.04980
GET       0.930      0.05066
GET       0.940      0.05136
GET       0.950      0.05189
GET       0.960      0.05248
GET       0.970      0.05299
GET       0.980      0.05341
GET       0.990      0.05360
GET       1.000      0.05562
GET       1.100      0.05977
GET       1.200      0.06454
GET       1.300      0.07286
GET       1.400      0.08415
GET       1.500      0.10106
GET       1.600      0.12792
GET       1.700      0.16463
GET       1.800      0.19804
GET       1.900      0.22575
GET       2.000      0.25124
GET       2.100      0.28523
GET       2.200      0.33024
GET       2.300      0.37898
GET       2.400      0.42146
GET       2.500      0.45673
GET       2.600      0.49178
GET       2.700      0.52280
GET       2.800      0.56269
GET       2.900      0.60863
GET       3.000      0.66416
GET       3.100      0.73712
GET       3.200      0.80688
GET       3.300      0.87509
GET       3.400      0.93348
GET       3.500      0.99002
GET       3.600      1.04008
GET       3.700      1.08615
GET       3.800      1.13196
GET       3.900      1.18395
GET       4.000      1.24893
GET       4.100      1.31417
GET       4.200      1.38888
GET       4.300      1.46715
GET       4.400      1.56303
GET       4.500      1.68651
GET       4.600      1.86786
GET       4.700      2.21102
GET       4.800      3.14640
GET       4.900      6.85291
GET       5.000     15.01404
GET       5.100     32.35599
GET       5.200     53.83456
GET       5.300     65.00578
GET       5.400     69.27022
GET       5.500     71.05199
GET       5.600     73.67747
GET       5.700     76.22417
GET       5.800     76.83388
GET       5.900     77.00008
GET       6.000     77.06997
GET       6.100     77.12751
GET       6.200     77.17721
GET       6.300     77.22264
GET       6.400     77.30164
GET       6.500     77.42554
GET       6.600     77.57329
GET       6.700     77.76579
GET       6.800     78.33622
GET       6.900     79.85249
GET       7.000     81.59231
GET       7.100     82.23540
GET       7.200     82.44571
GET       7.300     82.51623
GET       7.400     82.56379
GET       7.500     82.62839
GET       7.600     82.71047
GET       7.700     82.78431
GET       7.800     82.82533
GET       7.900     82.84817
GET       8.000     82.86724
GET       8.100     82.88371
GET       8.200     82.89953
GET       8.300     82.91414
GET       8.400     82.93290
GET       8.500     82.95456
GET       8.600     82.99296
GET       8.700     83.06197
GET       8.800     83.19542
GET       8.900     83.48508
GET       9.000     84.06095
GET       9.100     85.10751
GET       9.200     86.51662
GET       9.300     87.82867
GET       9.400     88.63372
GET       9.500     89.01580
GET       9.600     89.15734
GET       9.700     89.21272
GET       9.800     89.24427
GET       9.900     89.27580
GET      10.000     91.19472
GET      11.000     96.22264
GET      12.000     96.28966
GET      13.000     96.31293
GET      14.000     96.68300
GET      15.000     99.87028
GET      16.000     99.99873
GET      17.000     99.99884
GET      18.000     99.99895
GET      19.000     99.99901
GET      21.000     99.99912
GET      22.000     99.99917
GET      24.000     99.99928
GET      25.000     99.99934
GET      26.000     99.99939
GET      27.000     99.99945
GET      29.000     99.99956
GET      32.000     99.99961
GET      33.000     99.99967
GET      36.000     99.99972
GET      39.000     99.99978
GET      43.000     99.99983
GET      47.000     99.99989
GET      52.000     99.99994
GET      57.000    100.00000
