[RUN #1] Preparing benchmark client...
[RUN #1] Launching threads now...
[RUN #1 2%,   0 secs] 20 threads:      105980 ops,       0 (avg:       0) ops/sec, 0.00KB/sec (avg: 0.00KB/sec),  0.00 (avg:  0.00) msec latency[RUN #1 4%,   1 secs] 20 threads:      212455 ops,       0 (avg:  176940) ops/sec, 0.00KB/sec (avg: 6.68MB/sec),  0.00 (avg:  1.80) msec latency[RUN #1 6%,   1 secs] 20 threads:      318359 ops,       0 (avg:  176787) ops/sec, 0.00KB/sec (avg: 6.67MB/sec),  0.00 (avg:  1.81) msec latency[RUN #1 8%,   2 secs] 20 threads:      424394 ops,       0 (avg:  176766) ops/sec, 0.00KB/sec (avg: 6.67MB/sec),  0.00 (avg:  1.81) msec latency[RUN #1 10%,   3 secs] 20 threads:      531210 ops,       0 (avg:  177013) ops/sec, 0.00KB/sec (avg: 6.68MB/sec),  0.00 (avg:  1.80) msec latency[RUN #1 12%,   3 secs] 20 threads:      638724 ops,       0 (avg:  177372) ops/sec, 0.00KB/sec (avg: 6.69MB/sec),  0.00 (avg:  1.80) msec latency[RUN #1 14%,   4 secs] 20 threads:      758810 ops,       0 (avg:  180612) ops/sec, 0.00KB/sec (avg: 6.81MB/sec),  0.00 (avg:  1.77) msec latency[RUN #1 16%,   4 secs] 20 threads:      895600 ops,       0 (avg:  186286) ops/sec, 0.00KB/sec (avg: 7.03MB/sec),  0.00 (avg:  1.71) msec latency[RUN #1 18%,   5 secs] 20 threads:     1031871 ops,       0 (avg:  190594) ops/sec, 0.00KB/sec (avg: 7.19MB/sec),  0.00 (avg:  1.67) msec latency[RUN #1 20%,   6 secs] 20 threads:     1168143 ops,       0 (avg:  194033) ops/sec, 0.00KB/sec (avg: 7.32MB/sec),  0.00 (avg:  1.64) msec latency[RUN #1 22%,   6 secs] 20 threads:     1304395 ops,       0 (avg:  196841) ops/sec, 0.00KB/sec (avg: 7.42MB/sec),  0.00 (avg:  1.62) msec latency[RUN #1 24%,   7 secs] 20 threads:     1440077 ops,       0 (avg:  199099) ops/sec, 0.00KB/sec (avg: 7.51MB/sec),  0.00 (avg:  1.60) msec latency[RUN #1 26%,   7 secs] 20 threads:     1575705 ops,       0 (avg:  201000) ops/sec, 0.00KB/sec (avg: 7.58MB/sec),  0.00 (avg:  1.58) msec latency[RUN #1 28%,   8 secs] 20 threads:     1710921 ops,       0 (avg:  202579) ops/sec, 0.00KB/sec (avg: 7.64MB/sec),  0.00 (avg:  1.57) msec latency[RUN #1 30%,   9 secs] 20 threads:     1845159 ops,       0 (avg:  203840) ops/sec, 0.00KB/sec (avg: 7.69MB/sec),  0.00 (avg:  1.56) msec latency[RUN #1 32%,   9 secs] 20 threads:     1979898 ops,       0 (avg:  204994) ops/sec, 0.00KB/sec (avg: 7.73MB/sec),  0.00 (avg:  1.55) msec latency[RUN #1 34%,  10 secs] 20 threads:     2114349 ops,       0 (avg:  205983) ops/sec, 0.00KB/sec (avg: 7.77MB/sec),  0.00 (avg:  1.54) msec latency[RUN #1 36%,  10 secs] 20 threads:     2248499 ops,       0 (avg:  206835) ops/sec, 0.00KB/sec (avg: 7.80MB/sec),  0.00 (avg:  1.53) msec latency[RUN #1 38%,  11 secs] 20 threads:     2382228 ops,       0 (avg:  207560) ops/sec, 0.00KB/sec (avg: 7.83MB/sec),  0.00 (avg:  1.53) msec latency[RUN #1 40%,  12 secs] 20 threads:     2516244 ops,       0 (avg:  208235) ops/sec, 0.00KB/sec (avg: 7.85MB/sec),  0.00 (avg:  1.52) msec latency[RUN #1 42%,  12 secs] 20 threads:     2650712 ops,       0 (avg:  208882) ops/sec, 0.00KB/sec (avg: 7.88MB/sec),  0.00 (avg:  1.52) msec latency[RUN #1 44%,  13 secs] 20 threads:     2785367 ops,       0 (avg:  209484) ops/sec, 0.00KB/sec (avg: 7.90MB/sec),  0.00 (avg:  1.51) msec latency[RUN #1 46%,  13 secs] 20 threads:     2919087 ops,       0 (avg:  209967) ops/sec, 0.00KB/sec (avg: 7.92MB/sec),  0.00 (avg:  1.51) msec latency[RUN #1 48%,  14 secs] 20 threads:     3053318 ops,       0 (avg:  210444) ops/sec, 0.00KB/sec (avg: 7.94MB/sec),  0.00 (avg:  1.51) msec latency[RUN #1 50%,  15 secs] 20 threads:     3187007 ops,       0 (avg:  210847) ops/sec, 0.00KB/sec (avg: 7.95MB/sec),  0.00 (avg:  1.50) msec latency[RUN #1 52%,  15 secs] 20 threads:     3321244 ops,       0 (avg:  211253) ops/sec, 0.00KB/sec (avg: 7.97MB/sec),  0.00 (avg:  1.50) msec latency[RUN #1 54%,  16 secs] 20 threads:     3455165 ops,       0 (avg:  211611) ops/sec, 0.00KB/sec (avg: 7.98MB/sec),  0.00 (avg:  1.50) msec latency[RUN #1 56%,  16 secs] 20 threads:     3589036 ops,       0 (avg:  211939) ops/sec, 0.00KB/sec (avg: 7.99MB/sec),  0.00 (avg:  1.49) msec latency[RUN #1 58%,  17 secs] 20 threads:     3723108 ops,       0 (avg:  212257) ops/sec, 0.00KB/sec (avg: 8.00MB/sec),  0.00 (avg:  1.49) msec latency[RUN #1 60%,  18 secs]  8 threads:     3859258 ops,       0 (avg:  212698) ops/sec, 0.00KB/sec (avg: 8.02MB/sec),  0.00 (avg:  1.49) msec latency[RUN #1 61%,  18 secs]  8 threads:     3859414 ops,       0 (avg:  212632) ops/sec, 0.00KB/sec (avg: 8.02MB/sec),  0.00 (avg:  1.49) msec latency[RUN #1 61%,  18 secs]  8 threads:     3960162 ops,       0 (avg:  215286) ops/sec, 0.00KB/sec (avg: 8.12MB/sec),  0.00 (avg:  1.47) msec latency[RUN #1 62%,  18 secs]  8 threads:     4064755 ops,       0 (avg:  218008) ops/sec, 0.00KB/sec (avg: 8.22MB/sec),  0.00 (avg:  1.45) msec latency[RUN #1 63%,  18 secs]  8 threads:     4169168 ops,       0 (avg:  220650) ops/sec, 0.00KB/sec (avg: 8.32MB/sec),  0.00 (avg:  1.43) msec latency[RUN #1 64%,  19 secs]  8 threads:     4274160 ops,       0 (avg:  223252) ops/sec, 0.00KB/sec (avg: 8.42MB/sec),  0.00 (avg:  1.42) msec latency[RUN #1 65%,  19 secs]  8 threads:     4378313 ops,       0 (avg:  225744) ops/sec, 0.00KB/sec (avg: 8.51MB/sec),  0.00 (avg:  1.40) msec latency[RUN #1 65%,  19 secs]  8 threads:     4482131 ops,       0 (avg:  228155) ops/sec, 0.00KB/sec (avg: 8.60MB/sec),  0.00 (avg:  1.39) msec latency[RUN #1 66%,  19 secs]  8 threads:     4586699 ops,       0 (avg:  230544) ops/sec, 0.00KB/sec (avg: 8.69MB/sec),  0.00 (avg:  1.37) msec latency[RUN #1 67%,  20 secs]  8 threads:     4690682 ops,       0 (avg:  232844) ops/sec, 0.00KB/sec (avg: 8.78MB/sec),  0.00 (avg:  1.36) msec latency[RUN #1 68%,  20 secs]  8 threads:     4796245 ops,       0 (avg:  235166) ops/sec, 0.00KB/sec (avg: 8.87MB/sec),  0.00 (avg:  1.34) msec latency[RUN #1 69%,  20 secs]  8 threads:     4902370 ops,       0 (avg:  237458) ops/sec, 0.00KB/sec (avg: 8.96MB/sec),  0.00 (avg:  1.33) msec latency[RUN #1 70%,  20 secs]  8 threads:     5007884 ops,       0 (avg:  239666) ops/sec, 0.00KB/sec (avg: 9.04MB/sec),  0.00 (avg:  1.32) msec latency[RUN #1 70%,  21 secs]  8 threads:     5112962 ops,       0 (avg:  241802) ops/sec, 0.00KB/sec (avg: 9.12MB/sec),  0.00 (avg:  1.31) msec latency[RUN #1 71%,  21 secs]  8 threads:     5219108 ops,       0 (avg:  243937) ops/sec, 0.00KB/sec (avg: 9.20MB/sec),  0.00 (avg:  1.29) msec latency[RUN #1 72%,  21 secs]  8 threads:     5323612 ops,       0 (avg:  245947) ops/sec, 0.00KB/sec (avg: 9.28MB/sec),  0.00 (avg:  1.28) msec latency[RUN #1 73%,  21 secs]  8 threads:     5428535 ops,       0 (avg:  247931) ops/sec, 0.00KB/sec (avg: 9.35MB/sec),  0.00 (avg:  1.27) msec latency[RUN #1 74%,  22 secs]  8 threads:     5533667 ops,       0 (avg:  249879) ops/sec, 0.00KB/sec (avg: 9.42MB/sec),  0.00 (avg:  1.26) msec latency[RUN #1 75%,  22 secs]  8 threads:     5638679 ops,       0 (avg:  251778) ops/sec, 0.00KB/sec (avg: 9.50MB/sec),  0.00 (avg:  1.25) msec latency[RUN #1 75%,  22 secs]  8 threads:     5744130 ops,       0 (avg:  253655) ops/sec, 0.00KB/sec (avg: 9.57MB/sec),  0.00 (avg:  1.24) msec latency[RUN #1 76%,  22 secs]  8 threads:     5850532 ops,       0 (avg:  255532) ops/sec, 0.00KB/sec (avg: 9.64MB/sec),  0.00 (avg:  1.23) msec latency[RUN #1 77%,  23 secs]  8 threads:     5953545 ops,       0 (avg:  257222) ops/sec, 0.00KB/sec (avg: 9.70MB/sec),  0.00 (avg:  1.23) msec latency[RUN #1 78%,  23 secs]  8 threads:     6057943 ops,       0 (avg:  258935) ops/sec, 0.00KB/sec (avg: 9.76MB/sec),  0.00 (avg:  1.22) msec latency[RUN #1 79%,  23 secs]  8 threads:     6162917 ops,       0 (avg:  260637) ops/sec, 0.00KB/sec (avg: 9.83MB/sec),  0.00 (avg:  1.21) msec latency[RUN #1 80%,  23 secs]  8 threads:     6267269 ops,       0 (avg:  262277) ops/sec, 0.00KB/sec (avg: 9.89MB/sec),  0.00 (avg:  1.20) msec latency[RUN #1 80%,  24 secs]  8 threads:     6372382 ops,       0 (avg:  263914) ops/sec, 0.00KB/sec (avg: 9.95MB/sec),  0.00 (avg:  1.19) msec latency[RUN #1 81%,  24 secs]  8 threads:     6477558 ops,       0 (avg:  265520) ops/sec, 0.00KB/sec (avg: 10.01MB/sec),  0.00 (avg:  1.19) msec latency[RUN #1 82%,  24 secs]  8 threads:     6582554 ops,       0 (avg:  267087) ops/sec, 0.00KB/sec (avg: 10.07MB/sec),  0.00 (avg:  1.18) msec latency[RUN #1 83%,  24 secs]  8 threads:     6687659 ops,       0 (avg:  268626) ops/sec, 0.00KB/sec (avg: 10.13MB/sec),  0.00 (avg:  1.17) msec latency[RUN #1 84%,  25 secs]  8 threads:     6792188 ops,       0 (avg:  270112) ops/sec, 0.00KB/sec (avg: 10.19MB/sec),  0.00 (avg:  1.17) msec latency[RUN #1 85%,  25 secs]  8 threads:     6897827 ops,       0 (avg:  271613) ops/sec, 0.00KB/sec (avg: 10.24MB/sec),  0.00 (avg:  1.16) msec latency[RUN #1 85%,  25 secs]  8 threads:     7002338 ops,       0 (avg:  273043) ops/sec, 0.00KB/sec (avg: 10.30MB/sec),  0.00 (avg:  1.15) msec latency[RUN #1 86%,  25 secs]  4 threads:     7006285 ops,       0 (avg:  273076) ops/sec, 0.00KB/sec (avg: 10.30MB/sec),  0.00 (avg:  1.15) msec latency[RUN #1 86%,  25 secs]  4 threads:     7006285 ops,       0 (avg:  273010) ops/sec, 0.00KB/sec (avg: 10.30MB/sec),  0.00 (avg:  1.15) msec latency[RUN #1 86%,  25 secs]  4 threads:     7006285 ops,       0 (avg:  272943) ops/sec, 0.00KB/sec (avg: 10.29MB/sec),  0.00 (avg:  1.15) msec latency[RUN #1 86%,  25 secs]  4 threads:     7006285 ops,       0 (avg:  272877) ops/sec, 0.00KB/sec (avg: 10.29MB/sec),  0.00 (avg:  1.15) msec latency[RUN #1 86%,  25 secs]  4 threads:     7006285 ops,       0 (avg:  272810) ops/sec, 0.00KB/sec (avg: 10.29MB/sec),  0.00 (avg:  1.15) msec latency[RUN #1 86%,  25 secs]  4 threads:     7006285 ops,       0 (avg:  272744) ops/sec, 0.00KB/sec (avg: 10.29MB/sec),  0.00 (avg:  1.15) msec latency[RUN #1 86%,  25 secs]  4 threads:     7006285 ops,       0 (avg:  272677) ops/sec, 0.00KB/sec (avg: 10.28MB/sec),  0.00 (avg:  1.15) msec latency[RUN #1 86%,  25 secs]  4 threads:     7006285 ops,       0 (avg:  272611) ops/sec, 0.00KB/sec (avg: 10.28MB/sec),  0.00 (avg:  1.15) msec latency[RUN #1 86%,  25 secs]  4 threads:     7006285 ops,       0 (avg:  272545) ops/sec, 0.00KB/sec (avg: 10.28MB/sec),  0.00 (avg:  1.15) msec latency[RUN #1 86%,  25 secs]  4 threads:     7006285 ops,       0 (avg:  272479) ops/sec, 0.00KB/sec (avg: 10.28MB/sec),  0.00 (avg:  1.15) msec latency[RUN #1 86%,  25 secs]  4 threads:     7006285 ops,       0 (avg:  272412) ops/sec, 0.00KB/sec (avg: 10.27MB/sec),  0.00 (avg:  1.15) msec latency[RUN #1 86%,  25 secs]  4 threads:     7006285 ops,       0 (avg:  272346) ops/sec, 0.00KB/sec (avg: 10.27MB/sec),  0.00 (avg:  1.15) msec latency[RUN #1 86%,  25 secs]  4 threads:     7006285 ops,       0 (avg:  272280) ops/sec, 0.00KB/sec (avg: 10.27MB/sec),  0.00 (avg:  1.15) msec latency[RUN #1 86%,  25 secs]  4 threads:     7006285 ops,       0 (avg:  272214) ops/sec, 0.00KB/sec (avg: 10.27MB/sec),  0.00 (avg:  1.15) msec latency[RUN #1 86%,  25 secs]  4 threads:     7006285 ops,       0 (avg:  272148) ops/sec, 0.00KB/sec (avg: 10.26MB/sec),  0.00 (avg:  1.15) msec latency[RUN #1 86%,  25 secs]  4 threads:     7006285 ops,       0 (avg:  272082) ops/sec, 0.00KB/sec (avg: 10.26MB/sec),  0.00 (avg:  1.15) msec latency[RUN #1 86%,  25 secs]  4 threads:     7006285 ops,       0 (avg:  272016) ops/sec, 0.00KB/sec (avg: 10.26MB/sec),  0.00 (avg:  1.15) msec latency[RUN #1 86%,  25 secs]  4 threads:     7006285 ops,       0 (avg:  271950) ops/sec, 0.00KB/sec (avg: 10.26MB/sec),  0.00 (avg:  1.15) msec latency[RUN #1 86%,  25 secs]  4 threads:     7006285 ops,       0 (avg:  271884) ops/sec, 0.00KB/sec (avg: 10.25MB/sec),  0.00 (avg:  1.15) msec latency[RUN #1 86%,  25 secs]  4 threads:     7006285 ops,       0 (avg:  271818) ops/sec, 0.00KB/sec (avg: 10.25MB/sec),  0.00 (avg:  1.15) msec latency[RUN #1 86%,  25 secs]  4 threads:     7006285 ops,       0 (avg:  271752) ops/sec, 0.00KB/sec (avg: 10.25MB/sec),  0.00 (avg:  1.15) msec latency[RUN #1 86%,  25 secs]  4 threads:     7006285 ops,       0 (avg:  271686) ops/sec, 0.00KB/sec (avg: 10.25MB/sec),  0.00 (avg:  1.15) msec latency[RUN #1 86%,  25 secs]  4 threads:     7006285 ops,       0 (avg:  271620) ops/sec, 0.00KB/sec (avg: 10.24MB/sec),  0.00 (avg:  1.15) msec latency[RUN #1 86%,  25 secs]  4 threads:     7006285 ops,       0 (avg:  271554) ops/sec, 0.00KB/sec (avg: 10.24MB/sec),  0.00 (avg:  1.15) msec latency[RUN #1 86%,  25 secs]  4 threads:     7006285 ops,       0 (avg:  271489) ops/sec, 0.00KB/sec (avg: 10.24MB/sec),  0.00 (avg:  1.15) msec latency[RUN #1 86%,  25 secs]  4 threads:     7006285 ops,       0 (avg:  271423) ops/sec, 0.00KB/sec (avg: 10.24MB/sec),  0.00 (avg:  1.15) msec latency[RUN #1 86%,  25 secs]  4 threads:     7006285 ops,       0 (avg:  271357) ops/sec, 0.00KB/sec (avg: 10.23MB/sec),  0.00 (avg:  1.15) msec latency[RUN #1 86%,  25 secs]  4 threads:     7006285 ops,       0 (avg:  271291) ops/sec, 0.00KB/sec (avg: 10.23MB/sec),  0.00 (avg:  1.15) msec latency[RUN #1 86%,  25 secs]  4 threads:     7006285 ops,       0 (avg:  271226) ops/sec, 0.00KB/sec (avg: 10.23MB/sec),  0.00 (avg:  1.15) msec latency[RUN #1 86%,  25 secs]  4 threads:     7006285 ops,       0 (avg:  271160) ops/sec, 0.00KB/sec (avg: 10.23MB/sec),  0.00 (avg:  1.15) msec latency[RUN #1 86%,  25 secs]  4 threads:     7006285 ops,       0 (avg:  271095) ops/sec, 0.00KB/sec (avg: 10.22MB/sec),  0.00 (avg:  1.15) msec latency[RUN #1 86%,  25 secs]  4 threads:     7006285 ops,       0 (avg:  271029) ops/sec, 0.00KB/sec (avg: 10.22MB/sec),  0.00 (avg:  1.15) msec latency[RUN #1 86%,  25 secs]  4 threads:     7006285 ops,       0 (avg:  270963) ops/sec, 0.00KB/sec (avg: 10.22MB/sec),  0.00 (avg:  1.15) msec latency[RUN #1 86%,  25 secs]  4 threads:     7006285 ops,       0 (avg:  270898) ops/sec, 0.00KB/sec (avg: 10.22MB/sec),  0.00 (avg:  1.15) msec latency[RUN #1 86%,  25 secs]  4 threads:     7006285 ops,       0 (avg:  270833) ops/sec, 0.00KB/sec (avg: 10.21MB/sec),  0.00 (avg:  1.15) msec latency[RUN #1 86%,  25 secs]  4 threads:     7006285 ops,       0 (avg:  270767) ops/sec, 0.00KB/sec (avg: 10.21MB/sec),  0.00 (avg:  1.15) msec latency[RUN #1 86%,  25 secs]  4 threads:     7006285 ops,       0 (avg:  270702) ops/sec, 0.00KB/sec (avg: 10.21MB/sec),  0.00 (avg:  1.15) msec latency[RUN #1 86%,  25 secs]  4 threads:     7006285 ops,       0 (avg:  270636) ops/sec, 0.00KB/sec (avg: 10.21MB/sec),  0.00 (avg:  1.15) msec latency[RUN #1 86%,  25 secs]  4 threads:     7006285 ops,       0 (avg:  270571) ops/sec, 0.00KB/sec (avg: 10.20MB/sec),  0.00 (avg:  1.15) msec latency[RUN #1 86%,  25 secs]  4 threads:     7006285 ops,       0 (avg:  270506) ops/sec, 0.00KB/sec (avg: 10.20MB/sec),  0.00 (avg:  1.15) msec latency[RUN #1 86%,  25 secs]  4 threads:     7006285 ops,       0 (avg:  270440) ops/sec, 0.00KB/sec (avg: 10.20MB/sec),  0.00 (avg:  1.15) msec latency[RUN #1 86%,  25 secs]  4 threads:     7006285 ops,       0 (avg:  270375) ops/sec, 0.00KB/sec (avg: 10.20MB/sec),  0.00 (avg:  1.15) msec latency[RUN #1 86%,  25 secs]  4 threads:     7006285 ops,       0 (avg:  270310) ops/sec, 0.00KB/sec (avg: 10.19MB/sec),  0.00 (avg:  1.15) msec latency[RUN #1 86%,  25 secs]  4 threads:     7006285 ops,       0 (avg:  270245) ops/sec, 0.00KB/sec (avg: 10.19MB/sec),  0.00 (avg:  1.15) msec latency[RUN #1 86%,  25 secs]  4 threads:     7006285 ops,       0 (avg:  270180) ops/sec, 0.00KB/sec (avg: 10.19MB/sec),  0.00 (avg:  1.15) msec latency[RUN #1 86%,  25 secs]  4 threads:     7006285 ops,       0 (avg:  270115) ops/sec, 0.00KB/sec (avg: 10.19MB/sec),  0.00 (avg:  1.15) msec latency[RUN #1 86%,  25 secs]  4 threads:     7006285 ops,       0 (avg:  270050) ops/sec, 0.00KB/sec (avg: 10.18MB/sec),  0.00 (avg:  1.15) msec latency[RUN #1 87%,  25 secs]  4 threads:     7006285 ops,       0 (avg:  269984) ops/sec, 0.00KB/sec (avg: 10.18MB/sec),  0.00 (avg:  1.15) msec latency[RUN #1 87%,  25 secs]  4 threads:     7006285 ops,       0 (avg:  269919) ops/sec, 0.00KB/sec (avg: 10.18MB/sec),  0.00 (avg:  1.15) msec latency[RUN #1 87%,  25 secs]  4 threads:     7006285 ops,       0 (avg:  269854) ops/sec, 0.00KB/sec (avg: 10.18MB/sec),  0.00 (avg:  1.15) msec latencyread error: Connection reset by peer
read error: Connection reset by peer
[RUN #1 87%,  25 secs]  3 threads:     7006285 ops,       0 (avg:  269790) ops/sec, 0.00KB/sec (avg: 10.17MB/sec),  0.00 (avg:  1.15) msec latency[RUN #1 87%,  25 secs]  3 threads:     7006285 ops,       0 (avg:  269725) ops/sec, 0.00KB/sec (avg: 10.17MB/sec),  0.00 (avg:  1.15) msec latency[RUN #1 87%,  25 secs]  3 threads:     7006285 ops,       0 (avg:  269660) ops/sec, 0.00KB/sec (avg: 10.17MB/sec),  0.00 (avg:  1.15) msec latency[RUN #1 87%,  25 secs]  3 threads:     7006285 ops,       0 (avg:  269595) ops/sec, 0.00KB/sec (avg: 10.17MB/sec),  0.00 (avg:  1.15) msec latency[RUN #1 87%,  25 secs]  3 threads:     7006285 ops,       0 (avg:  269530) ops/sec, 0.00KB/sec (avg: 10.16MB/sec),  0.00 (avg:  1.15) msec latency[RUN #1 87%,  26 secs]  3 threads:     7006285 ops,       0 (avg:  269465) ops/sec, 0.00KB/sec (avg: 10.16MB/sec),  0.00 (avg:  1.15) msec latency[RUN #1 87%,  26 secs]  3 threads:     7006285 ops,       0 (avg:  269400) ops/sec, 0.00KB/sec (avg: 10.16MB/sec),  0.00 (avg:  1.15) msec latency[RUN #1 87%,  26 secs]  3 threads:     7006285 ops,       0 (avg:  269336) ops/sec, 0.00KB/sec (avg: 10.16MB/sec),  0.00 (avg:  1.15) msec latency[RUN #1 87%,  26 secs]  3 threads:     7006285 ops,       0 (avg:  269271) ops/sec, 0.00KB/sec (avg: 10.15MB/sec),  0.00 (avg:  1.15) msec latency[RUN #1 87%,  26 secs]  3 threads:     7006285 ops,       0 (avg:  269206) ops/sec, 0.00KB/sec (avg: 10.15MB/sec),  0.00 (avg:  1.15) msec latency[RUN #1 87%,  26 secs]  3 threads:     7006285 ops,       0 (avg:  269142) ops/sec, 0.00KB/sec (avg: 10.15MB/sec),  0.00 (avg:  1.15) msec latency[RUN #1 87%,  26 secs]  3 threads:     7006285 ops,       0 (avg:  269077) ops/sec, 0.00KB/sec (avg: 10.15MB/sec),  0.00 (avg:  1.15) msec latency[RUN #1 87%,  26 secs]  3 threads:     7006285 ops,       0 (avg:  269012) ops/sec, 0.00KB/sec (avg: 10.15MB/sec),  0.00 (avg:  1.15) msec latency[RUN #1 87%,  26 secs]  3 threads:     7006285 ops,       0 (avg:  268948) ops/sec, 0.00KB/sec (avg: 10.14MB/sec),  0.00 (avg:  1.15) msec latency[RUN #1 87%,  26 secs]  3 threads:     7006285 ops,       0 (avg:  268883) ops/sec, 0.00KB/sec (avg: 10.14MB/sec),  0.00 (avg:  1.15) msec latency[RUN #1 87%,  26 secs]  3 threads:     7006285 ops,       0 (avg:  268819) ops/sec, 0.00KB/sec (avg: 10.14MB/sec),  0.00 (avg:  1.15) msec latencyconnect: connection failed: Connection timed out
connect: connection failed: Connection timed out
connect: connection failed: Connection timed out
connect: connection failed: Connection timed out
connect: connection failed: Connection timed out
connect: connection failed: Connection timed out
connect: connection failed: Connection timed out
connect: connection failed: Connection timed out
connect: connection failed: Connection timed out
connect: connection failed: Connection timed out
connect: connection failed: Connection timed out
connect: connection failed: Connection timed out
connect: connection failed: Connection timed out
connect: connection failed: Connection timed out
connect: connection failed: Connection timed out
connect: connection failed: Connection timed out
connect: connection failed: Connection timed out
connect: connection failed: Connection timed out
connect: connection failed: Connection timed out
connect: connection failed: Connection timed out
connect: connection failed: Connection timed out
connect: connection failed: Connection timed out
connect: connection failed: Connection timed out
connect: connection failed: Connection timed out
connect: connection failed: Connection timed out
connect: connection failed: Connection timed out
connect: connection failed: Connection timed out
connect: connection failed: Connection timed out
connect: connection failed: Connection timed out
connect: connection failed: Connection timed out
connect: connection failed: Connection timed out
connect: connection failed: Connection timed out
connect: connection failed: Connection timed out
connect: connection failed: Connection timed out
connect: connection failed: Connection timed out
connect: connection failed: Connection timed out
connect: connection failed: Connection timed out
connect: connection failed: Connection timed out
connect: connection failed: Connection timed out
connect: connection failed: Connection timed out
connect: connection failed: Connection timed out
connect: connection failed: Connection timed out
connect: connection failed: Connection timed out
connect: connection failed: Connection timed out
connect: connection failed: Connection timed out
connect: connection failed: Connection timed out
connect: connection failed: Connection timed out
connect: connection failed: Connection timed out
[RUN #1 87%,  26 secs]  0 threads:     7006285 ops,       0 (avg:  268754) ops/sec, 0.00KB/sec (avg: 10.14MB/sec),  0.00 (avg:  1.15) msec latency

20        Threads
16        Connections per thread
30        Seconds
Type        Ops/sec     Hits/sec   Misses/sec      Latency       KB/sec
------------------------------------------------------------------------
Sets            inf          ---          ---      1.15700          inf
Gets            inf          inf          inf      1.15200          inf
Totals          inf          inf          inf      1.15200          inf


Request Latency Distribution
Type     <= msec         Percent
------------------------------------------------------------------------
SET       1.000     78.85727
SET       2.000     86.19023
SET       3.000     91.10690
SET       4.000     97.22505
SET       5.000     99.28279
SET       6.000     99.38687
SET       7.000     99.97379
SET       8.000     99.98430
SET       9.000     99.98477
SET      10.000     99.98572
SET      11.000     99.98729
SET      12.000     99.99309
SET      13.000     99.99529
SET      14.000     99.99686
SET      15.000     99.99717
SET      16.000     99.99749
SET      29.000     99.99765
SET      30.000     99.99780
SET      32.000     99.99796
SET      33.000     99.99812
SET      35.000     99.99827
SET      36.000     99.99843
SET      38.000     99.99859
SET      40.000     99.99874
SET      42.000     99.99890
SET      44.000     99.99906
SET      45.000     99.99922
SET      47.000     99.99937
SET      49.000     99.99953
SET      50.000     99.99969
SET      52.000     99.99984
SET      54.000    100.00000
---
GET       0.082      0.00002
GET       0.092      0.00003
GET       0.095      0.00005
GET       0.099      0.00006
GET       0.100      0.00014
GET       0.110      0.00035
GET       0.120      0.00047
GET       0.130      0.00075
GET       0.140      0.00168
GET       0.150      0.00300
GET       0.160      0.00479
GET       0.170      0.00743
GET       0.180      0.01225
GET       0.190      0.02467
GET       0.200      0.04567
GET       0.210      0.08142
GET       0.220      0.14914
GET       0.230      0.30818
GET       0.240      0.67471
GET       0.250      1.21577
GET       0.260      1.81969
GET       0.270      2.54915
GET       0.280      3.55509
GET       0.290      5.06879
GET       0.300      6.36411
GET       0.310      7.22500
GET       0.320      7.79322
GET       0.330      8.20930
GET       0.340      8.57237
GET       0.350      8.82386
GET       0.360      9.00530
GET       0.370      9.17861
GET       0.380      9.41508
GET       0.390      9.77396
GET       0.400     10.21836
GET       0.410     10.74552
GET       0.420     11.36565
GET       0.430     12.16417
GET       0.440     13.15946
GET       0.450     14.06167
GET       0.460     14.81765
GET       0.470     15.44198
GET       0.480     16.00701
GET       0.490     16.52971
GET       0.500     16.97147
GET       0.510     17.36314
GET       0.520     17.79379
GET       0.530     18.34371
GET       0.540     19.05201
GET       0.550     19.86667
GET       0.560     20.76790
GET       0.570     21.73582
GET       0.580     22.75704
GET       0.590     23.74605
GET       0.600     24.60772
GET       0.610     25.33117
GET       0.620     25.93975
GET       0.630     26.46937
GET       0.640     26.94824
GET       0.650     27.39424
GET       0.660     27.83307
GET       0.670     28.29247
GET       0.680     28.79403
GET       0.690     29.33044
GET       0.700     29.86889
GET       0.710     30.39864
GET       0.720     30.90564
GET       0.730     31.40065
GET       0.740     31.86246
GET       0.750     32.26565
GET       0.760     32.61399
GET       0.770     32.91916
GET       0.780     33.20320
GET       0.790     33.45978
GET       0.800     33.70824
GET       0.810     33.96711
GET       0.820     34.25090
GET       0.830     34.58271
GET       0.840     34.95677
GET       0.850     35.37766
GET       0.860     35.84172
GET       0.870     36.34073
GET       0.880     36.87296
GET       0.890     37.40418
GET       0.900     37.92465
GET       0.910     38.42267
GET       0.920     38.90129
GET       0.930     39.36469
GET       0.940     39.81504
GET       0.950     40.26472
GET       0.960     40.72601
GET       0.970     41.21502
GET       0.980     41.73951
GET       0.990     42.31944
GET       1.000     47.23322
GET       1.100     66.91871
GET       1.200     81.64384
GET       1.300     85.09699
GET       1.400     87.23786
GET       1.500     88.16882
GET       1.600     88.46289
GET       1.700     88.86309
GET       1.800     89.63882
GET       1.900     90.63310
GET       2.000     91.51343
GET       2.100     92.22325
GET       2.200     92.79607
GET       2.300     93.14220
GET       2.400     93.27622
GET       2.500     93.33866
GET       2.600     93.43431
GET       2.700     93.71707
GET       2.800     94.25128
GET       2.900     94.68603
GET       3.000     94.84622
GET       3.100     94.89213
GET       3.200     94.91310
GET       3.300     94.94096
GET       3.400     94.99106
GET       3.500     95.08035
GET       3.600     95.22614
GET       3.700     95.42973
GET       3.800     95.70198
GET       3.900     96.04963
GET       4.000     96.49666
GET       4.100     97.10172
GET       4.200     97.85498
GET       4.300     98.58388
GET       4.400     99.03550
GET       4.500     99.23152
GET       4.600     99.31097
GET       4.700     99.33931
GET       4.800     99.35171
GET       4.900     99.35774
GET       5.000     99.35986
GET       5.100     99.36152
GET       5.200     99.36262
GET       5.300     99.36364
GET       5.400     99.36551
GET       5.500     99.36854
GET       5.600     99.37272
GET       5.700     99.37658
GET       5.800     99.37859
GET       5.900     99.37971
GET       6.000     99.38052
GET       6.100     99.38115
GET       6.200     99.38189
GET       6.300     99.38291
GET       6.400     99.38525
GET       6.500     99.38991
GET       6.600     99.39862
GET       6.700     99.41447
GET       6.800     99.44428
GET       6.900     99.49200
GET       7.000     99.55378
GET       7.100     99.62429
GET       7.200     99.69751
GET       7.300     99.76479
GET       7.400     99.82929
GET       7.500     99.88378
GET       7.600     99.92509
GET       7.700     99.95552
GET       7.800     99.97554
GET       7.900     99.98543
GET       8.000     99.99165
GET       8.100     99.99498
GET       8.200     99.99640
GET       8.300     99.99738
GET       8.400     99.99771
GET       8.500     99.99804
GET       8.600     99.99845
GET       8.700     99.99863
GET       8.800     99.99874
GET       8.900     99.99879
GET       9.000     99.99882
GET      12.000     99.99895
GET      13.000     99.99903
GET      14.000     99.99959
GET      15.000    100.00000
