[RUN #1] Preparing benchmark client...
[RUN #1] Launching threads now...
[RUN #1 1%,   0 secs] 20 threads:       34555 ops,       0 (avg:       0) ops/sec, 0.00KB/sec (avg: 0.00KB/sec),  0.00 (avg:  0.00) msec latency[RUN #1 1%,   0 secs] 20 threads:       69457 ops,       0 (avg:       0) ops/sec, 0.00KB/sec (avg: 0.00KB/sec),  0.00 (avg:  0.00) msec latency[RUN #1 2%,   0 secs] 20 threads:      104160 ops,       0 (avg:       0) ops/sec, 0.00KB/sec (avg: 0.00KB/sec),  0.00 (avg:  0.00) msec latency[RUN #1 3%,   0 secs] 20 threads:      138926 ops,       0 (avg:       0) ops/sec, 0.00KB/sec (avg: 0.00KB/sec),  0.00 (avg:  0.00) msec latency[RUN #1 3%,   1 secs] 20 threads:      173812 ops,       0 (avg:  173752) ops/sec, 0.00KB/sec (avg: 6.55MB/sec),  0.00 (avg:  1.84) msec latency[RUN #1 4%,   1 secs] 20 threads:      209018 ops,       0 (avg:  174127) ops/sec, 0.00KB/sec (avg: 6.57MB/sec),  0.00 (avg:  1.83) msec latency[RUN #1 5%,   1 secs] 20 threads:      249381 ops,       0 (avg:  178078) ops/sec, 0.00KB/sec (avg: 6.72MB/sec),  0.00 (avg:  1.79) msec latency[RUN #1 5%,   1 secs] 20 threads:      295957 ops,       0 (avg:  184924) ops/sec, 0.00KB/sec (avg: 6.97MB/sec),  0.00 (avg:  1.73) msec latency[RUN #1 6%,   1 secs] 20 threads:      342621 ops,       0 (avg:  190297) ops/sec, 0.00KB/sec (avg: 7.18MB/sec),  0.00 (avg:  1.68) msec latency[RUN #1 7%,   2 secs] 20 threads:      389302 ops,       0 (avg:  194604) ops/sec, 0.00KB/sec (avg: 7.34MB/sec),  0.00 (avg:  1.64) msec latency[RUN #1 7%,   2 secs] 20 threads:      436157 ops,       0 (avg:  198207) ops/sec, 0.00KB/sec (avg: 7.47MB/sec),  0.00 (avg:  1.61) msec latency[RUN #1 8%,   2 secs] 20 threads:      482867 ops,       0 (avg:  201149) ops/sec, 0.00KB/sec (avg: 7.59MB/sec),  0.00 (avg:  1.59) msec latency[RUN #1 9%,   2 secs] 20 threads:      529678 ops,       0 (avg:  203677) ops/sec, 0.00KB/sec (avg: 7.68MB/sec),  0.00 (avg:  1.57) msec latency[RUN #1 9%,   2 secs] 20 threads:      576156 ops,       0 (avg:  205725) ops/sec, 0.00KB/sec (avg: 7.76MB/sec),  0.00 (avg:  1.55) msec latency[RUN #1 10%,   3 secs] 20 threads:      622530 ops,       0 (avg:  207466) ops/sec, 0.00KB/sec (avg: 7.82MB/sec),  0.00 (avg:  1.54) msec latency[RUN #1 11%,   3 secs] 20 threads:      668987 ops,       0 (avg:  209015) ops/sec, 0.00KB/sec (avg: 7.88MB/sec),  0.00 (avg:  1.53) msec latency[RUN #1 11%,   3 secs] 20 threads:      715491 ops,       0 (avg:  210395) ops/sec, 0.00KB/sec (avg: 7.93MB/sec),  0.00 (avg:  1.52) msec latency[RUN #1 12%,   3 secs] 20 threads:      761741 ops,       0 (avg:  211552) ops/sec, 0.00KB/sec (avg: 7.98MB/sec),  0.00 (avg:  1.51) msec latency[RUN #1 13%,   3 secs] 20 threads:      808126 ops,       0 (avg:  212623) ops/sec, 0.00KB/sec (avg: 8.02MB/sec),  0.00 (avg:  1.50) msec latency[RUN #1 13%,   4 secs] 20 threads:      854571 ops,       0 (avg:  213601) ops/sec, 0.00KB/sec (avg: 8.06MB/sec),  0.00 (avg:  1.50) msec latency[RUN #1 14%,   4 secs] 20 threads:      900980 ops,       0 (avg:  214477) ops/sec, 0.00KB/sec (avg: 8.09MB/sec),  0.00 (avg:  1.49) msec latency[RUN #1 15%,   4 secs] 20 threads:      947412 ops,       0 (avg:  215280) ops/sec, 0.00KB/sec (avg: 8.12MB/sec),  0.00 (avg:  1.48) msec latency[RUN #1 15%,   4 secs] 20 threads:      993876 ops,       0 (avg:  216019) ops/sec, 0.00KB/sec (avg: 8.15MB/sec),  0.00 (avg:  1.48) msec latency[RUN #1 16%,   4 secs] 20 threads:     1040419 ops,       0 (avg:  216713) ops/sec, 0.00KB/sec (avg: 8.17MB/sec),  0.00 (avg:  1.47) msec latency[RUN #1 17%,   5 secs] 20 threads:     1086689 ops,       0 (avg:  217297) ops/sec, 0.00KB/sec (avg: 8.19MB/sec),  0.00 (avg:  1.47) msec latency[RUN #1 17%,   5 secs] 20 threads:     1133113 ops,       0 (avg:  217866) ops/sec, 0.00KB/sec (avg: 8.22MB/sec),  0.00 (avg:  1.47) msec latency[RUN #1 18%,   5 secs] 20 threads:     1179512 ops,       0 (avg:  218388) ops/sec, 0.00KB/sec (avg: 8.24MB/sec),  0.00 (avg:  1.46) msec latency[RUN #1 19%,   5 secs] 20 threads:     1225971 ops,       0 (avg:  218884) ops/sec, 0.00KB/sec (avg: 8.25MB/sec),  0.00 (avg:  1.46) msec latency[RUN #1 19%,   5 secs] 20 threads:     1272166 ops,       0 (avg:  219299) ops/sec, 0.00KB/sec (avg: 8.27MB/sec),  0.00 (avg:  1.46) msec latency[RUN #1 20%,   6 secs] 16 threads:     1324282 ops,       0 (avg:  220712) ops/sec, 0.00KB/sec (avg: 8.32MB/sec),  0.00 (avg:  1.45) msec latency[RUN #1 20%,   6 secs] 16 threads:     1327731 ops,       0 (avg:  221114) ops/sec, 0.00KB/sec (avg: 8.34MB/sec),  0.00 (avg:  1.44) msec latency[RUN #1 21%,   6 secs] 16 threads:     1409636 ops,       0 (avg:  221827) ops/sec, 0.00KB/sec (avg: 8.37MB/sec),  0.00 (avg:  1.40) msec latency[RUN #1 22%,   6 secs] 16 threads:     1492254 ops,       0 (avg:  222568) ops/sec, 0.00KB/sec (avg: 8.39MB/sec),  0.00 (avg:  1.36) msec latency[RUN #1 24%,   7 secs] 16 threads:     1573852 ops,       0 (avg:  223090) ops/sec, 0.00KB/sec (avg: 8.41MB/sec),  0.00 (avg:  1.32) msec latency[RUN #1 25%,   7 secs] 16 threads:     1655006 ops,       0 (avg:  223503) ops/sec, 0.00KB/sec (avg: 8.43MB/sec),  0.00 (avg:  1.29) msec latency[RUN #1 26%,   7 secs] 16 threads:     1737396 ops,       0 (avg:  224039) ops/sec, 0.00KB/sec (avg: 8.45MB/sec),  0.00 (avg:  1.26) msec latency[RUN #1 27%,   8 secs] 16 threads:     1820320 ops,       0 (avg:  224594) ops/sec, 0.00KB/sec (avg: 8.47MB/sec),  0.00 (avg:  1.23) msec latency[RUN #1 28%,   8 secs] 16 threads:     1903271 ops,       0 (avg:  225106) ops/sec, 0.00KB/sec (avg: 8.49MB/sec),  0.00 (avg:  1.20) msec latency[RUN #1 29%,   8 secs] 16 threads:     1987163 ops,       0 (avg:  225685) ops/sec, 0.00KB/sec (avg: 8.51MB/sec),  0.00 (avg:  1.18) msec latency[RUN #1 31%,   9 secs] 16 threads:     2069826 ops,       0 (avg:  226084) ops/sec, 0.00KB/sec (avg: 8.53MB/sec),  0.00 (avg:  1.16) msec latency[RUN #1 32%,   9 secs] 16 threads:     2152922 ops,       0 (avg:  226501) ops/sec, 0.00KB/sec (avg: 8.54MB/sec),  0.00 (avg:  1.14) msec latency[RUN #1 33%,   9 secs] 16 threads:     2237417 ops,       0 (avg:  227029) ops/sec, 0.00KB/sec (avg: 8.56MB/sec),  0.00 (avg:  1.12) msec latency[RUN #1 34%,  10 secs] 16 threads:     2319958 ops,       0 (avg:  227330) ops/sec, 0.00KB/sec (avg: 8.57MB/sec),  0.00 (avg:  1.10) msec latency[RUN #1 35%,  10 secs] 16 threads:     2402600 ops,       0 (avg:  227620) ops/sec, 0.00KB/sec (avg: 8.58MB/sec),  0.00 (avg:  1.08) msec latency[RUN #1 36%,  10 secs] 16 threads:     2485439 ops,       0 (avg:  227910) ops/sec, 0.00KB/sec (avg: 8.59MB/sec),  0.00 (avg:  1.07) msec latency[RUN #1 38%,  11 secs] 16 threads:     2568121 ops,       0 (avg:  228168) ops/sec, 0.00KB/sec (avg: 8.60MB/sec),  0.00 (avg:  1.05) msec latency[RUN #1 39%,  11 secs] 16 threads:     2650791 ops,       0 (avg:  228409) ops/sec, 0.00KB/sec (avg: 8.61MB/sec),  0.00 (avg:  1.04) msec latency[RUN #1 40%,  11 secs] 16 threads:     2734819 ops,       0 (avg:  228749) ops/sec, 0.00KB/sec (avg: 8.63MB/sec),  0.00 (avg:  1.03) msec latency[RUN #1 41%,  12 secs] 16 threads:     2817166 ops,       0 (avg:  228934) ops/sec, 0.00KB/sec (avg: 8.63MB/sec),  0.00 (avg:  1.02) msec latency[RUN #1 42%,  12 secs] 16 threads:     2899314 ops,       0 (avg:  229093) ops/sec, 0.00KB/sec (avg: 8.64MB/sec),  0.00 (avg:  1.01) msec latency[RUN #1 43%,  13 secs] 16 threads:     2982719 ops,       0 (avg:  229340) ops/sec, 0.00KB/sec (avg: 8.65MB/sec),  0.00 (avg:  1.00) msec latency[RUN #1 45%,  13 secs] 16 threads:     3068052 ops,       0 (avg:  229718) ops/sec, 0.00KB/sec (avg: 8.66MB/sec),  0.00 (avg:  0.99) msec latency[RUN #1 46%,  13 secs] 16 threads:     3151866 ops,       0 (avg:  229966) ops/sec, 0.00KB/sec (avg: 8.67MB/sec),  0.00 (avg:  0.98) msec latency[RUN #1 47%,  14 secs] 16 threads:     3234690 ops,       0 (avg:  230132) ops/sec, 0.00KB/sec (avg: 8.68MB/sec),  0.00 (avg:  0.97) msec latency[RUN #1 48%,  14 secs] 16 threads:     3316212 ops,       0 (avg:  230199) ops/sec, 0.00KB/sec (avg: 8.68MB/sec),  0.00 (avg:  0.96) msec latency[RUN #1 49%,  14 secs] 16 threads:     3398761 ops,       0 (avg:  230332) ops/sec, 0.00KB/sec (avg: 8.69MB/sec),  0.00 (avg:  0.95) msec latency[RUN #1 50%,  15 secs] 16 threads:     3481091 ops,       0 (avg:  230445) ops/sec, 0.00KB/sec (avg: 8.69MB/sec),  0.00 (avg:  0.94) msec latency[RUN #1 52%,  15 secs] 16 threads:     3564027 ops,       0 (avg:  230592) ops/sec, 0.00KB/sec (avg: 8.70MB/sec),  0.00 (avg:  0.94) msec latency[RUN #1 53%,  15 secs] 16 threads:     3645940 ops,       0 (avg:  230667) ops/sec, 0.00KB/sec (avg: 8.70MB/sec),  0.00 (avg:  0.93) msec latency[RUN #1 54%,  16 secs] 16 threads:     3729006 ops,       0 (avg:  230811) ops/sec, 0.00KB/sec (avg: 8.70MB/sec),  0.00 (avg:  0.92) msec latency[RUN #1 55%,  16 secs] 13 threads:     3810683 ops,       0 (avg:  230939) ops/sec, 0.00KB/sec (avg: 8.71MB/sec),  0.00 (avg:  0.92) msec latency[RUN #1 56%,  16 secs]  9 threads:     3810742 ops,       0 (avg:  228497) ops/sec, 0.00KB/sec (avg: 8.62MB/sec),  0.00 (avg:  1.40) msec latency[RUN #1 56%,  16 secs]  9 threads:     3810742 ops,       0 (avg:  228497) ops/sec, 0.00KB/sec (avg: 8.62MB/sec),  0.00 (avg:  1.40) msec latency[RUN #1 56%,  16 secs]  9 threads:     3810742 ops,       0 (avg:  228497) ops/sec, 0.00KB/sec (avg: 8.62MB/sec),  0.00 (avg:  1.40) msec latency[RUN #1 56%,  16 secs]  9 threads:     3810742 ops,       0 (avg:  228497) ops/sec, 0.00KB/sec (avg: 8.62MB/sec),  0.00 (avg:  1.40) msec latency[RUN #1 56%,  16 secs]  9 threads:     3810742 ops,       0 (avg:  228497) ops/sec, 0.00KB/sec (avg: 8.62MB/sec),  0.00 (avg:  1.40) msec latency[RUN #1 56%,  16 secs]  9 threads:     3810742 ops,       0 (avg:  228497) ops/sec, 0.00KB/sec (avg: 8.62MB/sec),  0.00 (avg:  1.40) msec latency[RUN #1 56%,  16 secs]  9 threads:     3810742 ops,       0 (avg:  228497) ops/sec, 0.00KB/sec (avg: 8.62MB/sec),  0.00 (avg:  1.40) msec latency[RUN #1 56%,  16 secs]  9 threads:     3810742 ops,       0 (avg:  228497) ops/sec, 0.00KB/sec (avg: 8.62MB/sec),  0.00 (avg:  1.40) msec latency[RUN #1 56%,  16 secs]  9 threads:     3810742 ops,       0 (avg:  228497) ops/sec, 0.00KB/sec (avg: 8.62MB/sec),  0.00 (avg:  1.40) msec latency[RUN #1 56%,  16 secs]  9 threads:     3810742 ops,       0 (avg:  228497) ops/sec, 0.00KB/sec (avg: 8.62MB/sec),  0.00 (avg:  1.40) msec latency[RUN #1 56%,  16 secs]  9 threads:     3810742 ops,       0 (avg:  228497) ops/sec, 0.00KB/sec (avg: 8.62MB/sec),  0.00 (avg:  1.40) msec latency[RUN #1 56%,  16 secs]  9 threads:     3810742 ops,       0 (avg:  228497) ops/sec, 0.00KB/sec (avg: 8.62MB/sec),  0.00 (avg:  1.40) msec latency[RUN #1 56%,  16 secs]  9 threads:     3810742 ops,       0 (avg:  228497) ops/sec, 0.00KB/sec (avg: 8.62MB/sec),  0.00 (avg:  1.40) msec latency[RUN #1 56%,  16 secs]  9 threads:     3810742 ops,       0 (avg:  228497) ops/sec, 0.00KB/sec (avg: 8.62MB/sec),  0.00 (avg:  1.40) msec latency[RUN #1 56%,  16 secs]  9 threads:     3810742 ops,       0 (avg:  228497) ops/sec, 0.00KB/sec (avg: 8.62MB/sec),  0.00 (avg:  1.40) msec latency[RUN #1 56%,  16 secs]  9 threads:     3810742 ops,       0 (avg:  228497) ops/sec, 0.00KB/sec (avg: 8.62MB/sec),  0.00 (avg:  1.40) msec latency[RUN #1 56%,  16 secs]  9 threads:     3810742 ops,       0 (avg:  228497) ops/sec, 0.00KB/sec (avg: 8.62MB/sec),  0.00 (avg:  1.40) msec latency[RUN #1 56%,  16 secs]  9 threads:     3810742 ops,       0 (avg:  228497) ops/sec, 0.00KB/sec (avg: 8.62MB/sec),  0.00 (avg:  1.40) msec latency[RUN #1 56%,  16 secs]  9 threads:     3810742 ops,       0 (avg:  228497) ops/sec, 0.00KB/sec (avg: 8.62MB/sec),  0.00 (avg:  1.40) msec latency[RUN #1 56%,  16 secs]  9 threads:     3810742 ops,       0 (avg:  228497) ops/sec, 0.00KB/sec (avg: 8.62MB/sec),  0.00 (avg:  1.40) msec latency[RUN #1 56%,  16 secs]  9 threads:     3810742 ops,       0 (avg:  228497) ops/sec, 0.00KB/sec (avg: 8.62MB/sec),  0.00 (avg:  1.40) msec latency[RUN #1 56%,  16 secs]  9 threads:     3810742 ops,       0 (avg:  228497) ops/sec, 0.00KB/sec (avg: 8.62MB/sec),  0.00 (avg:  1.40) msec latency[RUN #1 56%,  16 secs]  9 threads:     3810742 ops,       0 (avg:  228497) ops/sec, 0.00KB/sec (avg: 8.62MB/sec),  0.00 (avg:  1.40) msec latency[RUN #1 56%,  16 secs]  9 threads:     3810742 ops,       0 (avg:  228497) ops/sec, 0.00KB/sec (avg: 8.62MB/sec),  0.00 (avg:  1.40) msec latency[RUN #1 56%,  16 secs]  9 threads:     3810742 ops,       0 (avg:  228497) ops/sec, 0.00KB/sec (avg: 8.62MB/sec),  0.00 (avg:  1.40) msec latency[RUN #1 56%,  16 secs]  9 threads:     3810742 ops,       0 (avg:  228497) ops/sec, 0.00KB/sec (avg: 8.62MB/sec),  0.00 (avg:  1.40) msec latency[RUN #1 56%,  16 secs]  9 threads:     3810742 ops,       0 (avg:  228497) ops/sec, 0.00KB/sec (avg: 8.62MB/sec),  0.00 (avg:  1.40) msec latency[RUN #1 56%,  16 secs]  9 threads:     3810742 ops,       0 (avg:  228497) ops/sec, 0.00KB/sec (avg: 8.62MB/sec),  0.00 (avg:  1.40) msec latency[RUN #1 56%,  16 secs]  9 threads:     3810742 ops,       0 (avg:  228497) ops/sec, 0.00KB/sec (avg: 8.62MB/sec),  0.00 (avg:  1.40) msec latency[RUN #1 56%,  16 secs]  9 threads:     3810742 ops,       0 (avg:  228497) ops/sec, 0.00KB/sec (avg: 8.62MB/sec),  0.00 (avg:  1.40) msec latency[RUN #1 56%,  16 secs]  9 threads:     3810742 ops,       0 (avg:  228497) ops/sec, 0.00KB/sec (avg: 8.62MB/sec),  0.00 (avg:  1.40) msec latency[RUN #1 56%,  16 secs]  9 threads:     3810742 ops,       0 (avg:  228497) ops/sec, 0.00KB/sec (avg: 8.62MB/sec),  0.00 (avg:  1.40) msec latency[RUN #1 56%,  16 secs]  9 threads:     3810742 ops,       0 (avg:  228497) ops/sec, 0.00KB/sec (avg: 8.62MB/sec),  0.00 (avg:  1.40) msec latency[RUN #1 56%,  16 secs]  9 threads:     3810742 ops,       0 (avg:  228497) ops/sec, 0.00KB/sec (avg: 8.62MB/sec),  0.00 (avg:  1.40) msec latency[RUN #1 56%,  16 secs]  9 threads:     3810742 ops,       0 (avg:  228497) ops/sec, 0.00KB/sec (avg: 8.62MB/sec),  0.00 (avg:  1.40) msec latency[RUN #1 56%,  16 secs]  9 threads:     3810742 ops,       0 (avg:  228497) ops/sec, 0.00KB/sec (avg: 8.62MB/sec),  0.00 (avg:  1.40) msec latency[RUN #1 56%,  16 secs]  9 threads:     3810742 ops,       0 (avg:  228497) ops/sec, 0.00KB/sec (avg: 8.62MB/sec),  0.00 (avg:  1.40) msec latency[RUN #1 56%,  16 secs]  9 threads:     3810742 ops,       0 (avg:  228497) ops/sec, 0.00KB/sec (avg: 8.62MB/sec),  0.00 (avg:  1.40) msec latency[RUN #1 56%,  16 secs]  9 threads:     3810742 ops,       0 (avg:  228497) ops/sec, 0.00KB/sec (avg: 8.62MB/sec),  0.00 (avg:  1.40) msec latency[RUN #1 56%,  16 secs]  9 threads:     3810742 ops,       0 (avg:  228497) ops/sec, 0.00KB/sec (avg: 8.62MB/sec),  0.00 (avg:  1.40) msec latency[RUN #1 56%,  16 secs]  9 threads:     3810742 ops,       0 (avg:  228497) ops/sec, 0.00KB/sec (avg: 8.62MB/sec),  0.00 (avg:  1.40) msec latency[RUN #1 56%,  16 secs]  9 threads:     3810742 ops,       0 (avg:  228497) ops/sec, 0.00KB/sec (avg: 8.62MB/sec),  0.00 (avg:  1.40) msec latency[RUN #1 56%,  16 secs]  9 threads:     3810742 ops,       0 (avg:  228497) ops/sec, 0.00KB/sec (avg: 8.62MB/sec),  0.00 (avg:  1.40) msec latency[RUN #1 56%,  16 secs]  9 threads:     3810742 ops,       0 (avg:  228497) ops/sec, 0.00KB/sec (avg: 8.62MB/sec),  0.00 (avg:  1.40) msec latency[RUN #1 56%,  16 secs]  9 threads:     3810742 ops,       0 (avg:  228497) ops/sec, 0.00KB/sec (avg: 8.62MB/sec),  0.00 (avg:  1.40) msec latency[RUN #1 56%,  16 secs]  9 threads:     3810742 ops,       0 (avg:  228497) ops/sec, 0.00KB/sec (avg: 8.62MB/sec),  0.00 (avg:  1.40) msec latency[RUN #1 56%,  16 secs]  9 threads:     3810742 ops,       0 (avg:  228497) ops/sec, 0.00KB/sec (avg: 8.62MB/sec),  0.00 (avg:  1.40) msec latency[RUN #1 56%,  16 secs]  9 threads:     3810742 ops,       0 (avg:  228497) ops/sec, 0.00KB/sec (avg: 8.62MB/sec),  0.00 (avg:  1.40) msec latency[RUN #1 56%,  16 secs]  9 threads:     3810742 ops,       0 (avg:  228497) ops/sec, 0.00KB/sec (avg: 8.62MB/sec),  0.00 (avg:  1.40) msec latency[RUN #1 56%,  16 secs]  9 threads:     3810742 ops,       0 (avg:  228497) ops/sec, 0.00KB/sec (avg: 8.62MB/sec),  0.00 (avg:  1.40) msec latency[RUN #1 56%,  16 secs]  9 threads:     3810742 ops,       0 (avg:  228497) ops/sec, 0.00KB/sec (avg: 8.62MB/sec),  0.00 (avg:  1.40) msec latency[RUN #1 56%,  16 secs]  9 threads:     3810742 ops,       0 (avg:  228497) ops/sec, 0.00KB/sec (avg: 8.62MB/sec),  0.00 (avg:  1.40) msec latency[RUN #1 56%,  16 secs]  9 threads:     3810742 ops,       0 (avg:  228497) ops/sec, 0.00KB/sec (avg: 8.62MB/sec),  0.00 (avg:  1.40) msec latency[RUN #1 56%,  16 secs]  9 threads:     3810742 ops,       0 (avg:  228497) ops/sec, 0.00KB/sec (avg: 8.62MB/sec),  0.00 (avg:  1.40) msec latency[RUN #1 56%,  16 secs]  9 threads:     3810742 ops,       0 (avg:  228497) ops/sec, 0.00KB/sec (avg: 8.62MB/sec),  0.00 (avg:  1.40) msec latency[RUN #1 56%,  16 secs]  9 threads:     3810742 ops,       0 (avg:  228497) ops/sec, 0.00KB/sec (avg: 8.62MB/sec),  0.00 (avg:  1.40) msec latency[RUN #1 56%,  16 secs]  9 threads:     3810742 ops,       0 (avg:  228497) ops/sec, 0.00KB/sec (avg: 8.62MB/sec),  0.00 (avg:  1.40) msec latency[RUN #1 56%,  16 secs]  9 threads:     3810742 ops,       0 (avg:  228497) ops/sec, 0.00KB/sec (avg: 8.62MB/sec),  0.00 (avg:  1.40) msec latency[RUN #1 56%,  16 secs]  9 threads:     3810742 ops,       0 (avg:  228497) ops/sec, 0.00KB/sec (avg: 8.62MB/sec),  0.00 (avg:  1.40) msec latency[RUN #1 56%,  16 secs]  9 threads:     3810742 ops,       0 (avg:  228497) ops/sec, 0.00KB/sec (avg: 8.62MB/sec),  0.00 (avg:  1.40) msec latency[RUN #1 56%,  16 secs]  9 threads:     3810742 ops,       0 (avg:  228497) ops/sec, 0.00KB/sec (avg: 8.62MB/sec),  0.00 (avg:  1.40) msec latency[RUN #1 56%,  16 secs]  9 threads:     3810742 ops,       0 (avg:  228497) ops/sec, 0.00KB/sec (avg: 8.62MB/sec),  0.00 (avg:  1.40) msec latency[RUN #1 56%,  16 secs]  9 threads:     3810742 ops,       0 (avg:  228497) ops/sec, 0.00KB/sec (avg: 8.62MB/sec),  0.00 (avg:  1.40) msec latency[RUN #1 56%,  16 secs]  9 threads:     3810742 ops,       0 (avg:  228497) ops/sec, 0.00KB/sec (avg: 8.62MB/sec),  0.00 (avg:  1.40) msec latency[RUN #1 56%,  16 secs]  9 threads:     3810742 ops,       0 (avg:  228497) ops/sec, 0.00KB/sec (avg: 8.62MB/sec),  0.00 (avg:  1.40) msec latency[RUN #1 56%,  16 secs]  9 threads:     3810742 ops,       0 (avg:  228497) ops/sec, 0.00KB/sec (avg: 8.62MB/sec),  0.00 (avg:  1.40) msec latencyconnect: connection failed: Connection timed out
connect: connection failed: Connection timed out
connect: connection failed: Connection timed out
connect: connection failed: Connection timed out
connect: connection failed: Connection timed out
connect: connection failed: Connection timed out
connect: connection failed: Connection timed out
connect: connection failed: Connection timed out
connect: connection failed: Connection timed out
connect: connection failed: Connection timed out
connect: connection failed: Connection timed out
connect: connection failed: Connection timed out
connect: connection failed: Connection timed out
connect: connection failed: Connection timed out
connect: connection failed: Connection timed out
connect: connection failed: Connection timed out
connect: connection failed: Connection timed out
connect: connection failed: Connection timed out
connect: connection failed: Connection timed out
connect: connection failed: Connection timed out
connect: connection failed: Connection timed out
connect: connection failed: Connection timed out
connect: connection failed: Connection timed out
connect: connection failed: Connection timed out
connect: connection failed: Connection timed out
connect: connection failed: Connection timed out
connect: connection failed: Connection timed out
connect: connection failed: Connection timed out
connect: connection failed: Connection timed out
connect: connection failed: Connection timed out
connect: connection failed: Connection timed out
connect: connection failed: Connection timed out
connect: connection failed: Connection timed out
connect: connection failed: Connection timed out
connect: connection failed: Connection timed out
connect: connection failed: Connection timed out
connect: connection failed: Connection timed out
connect: connection failed: Connection timed out
connect: connection failed: Connection timed out
connect: connection failed: Connection timed out
connect: connection failed: Connection timed out
connect: connection failed: Connection timed out
connect: connection failed: Connection timed out
connect: connection failed: Connection timed out
connect: connection failed: Connection timed out
connect: connection failed: Connection timed out
connect: connection failed: Connection timed out
connect: connection failed: Connection timed out
connect: connection failed: Connection timed out
connect: connection failed: Connection timed out
connect: connection failed: Connection timed out
connect: connection failed: Connection timed out
connect: connection failed: Connection timed out
connect: connection failed: Connection timed out
connect: connection failed: Connection timed out
connect: connection failed: Connection timed out
connect: connection failed: Connection timed out
connect: connection failed: Connection timed out
connect: connection failed: Connection timed out
connect: connection failed: Connection timed out
connect: connection failed: Connection timed out
connect: connection failed: Connection timed out
connect: connection failed: Connection timed out
connect: connection failed: Connection timed out
connect: connection failed: Connection timed out
connect: connection failed: Connection timed out
connect: connection failed: Connection timed out
connect: connection failed: Connection timed out
connect: connection failed: Connection timed out
connect: connection failed: Connection timed out
connect: connection failed: Connection timed out
connect: connection failed: Connection timed out
connect: connection failed: Connection timed out
connect: connection failed: Connection timed out
connect: connection failed: Connection timed out
connect: connection failed: Connection timed out
connect: connection failed: Connection timed out
connect: connection failed: Connection timed out
connect: connection failed: Connection timed out
connect: connection failed: Connection timed out
connect: connection failed: Connection timed out
connect: connection failed: Connection timed out
connect: connection failed: Connection timed out
connect: connection failed: Connection timed out
connect: connection failed: Connection timed out
connect: connection failed: Connection timed out
connect: connection failed: Connection timed out
connect: connection failed: Connection timed out
connect: connection failed: Connection timed out
connect: connection failed: Connection timed out
connect: connection failed: Connection timed out
connect: connection failed: Connection timed out
connect: connection failed: Connection timed out
connect: connection failed: Connection timed out
connect: connection failed: Connection timed out
connect: connection failed: Connection timed out
connect: connection failed: Connection timed out
connect: connection failed: Connection timed out
connect: connection failed: Connection timed out
connect: connection failed: Connection timed out
connect: connection failed: Connection timed out
connect: connection failed: Connection timed out
connect: connection failed: Connection timed out
connect: connection failed: Connection timed out
connect: connection failed: Connection timed out
connect: connection failed: Connection timed out
connect: connection failed: Connection timed out
connect: connection failed: Connection timed out
connect: connection failed: Connection timed out
connect: connection failed: Connection timed out
connect: connection failed: Connection timed out
connect: connection failed: Connection timed out
connect: connection failed: Connection timed out
connect: connection failed: Connection timed out
connect: connection failed: Connection timed out
connect: connection failed: Connection timed out
connect: connection failed: Connection timed out
connect: connection failed: Connection timed out
connect: connection failed: Connection timed out
connect: connection failed: Connection timed out
connect: connection failed: Connection timed out
connect: connection failed: Connection timed out
connect: connection failed: Connection timed out
connect: connection failed: Connection timed out
connect: connection failed: Connection timed out
connect: connection failed: Connection timed out
connect: connection failed: Connection timed out
connect: connection failed: Connection timed out
connect: connection failed: Connection timed out
connect: connection failed: Connection timed out
connect: connection failed: Connection timed out
connect: connection failed: Connection timed out
connect: connection failed: Connection timed out
connect: connection failed: Connection timed out
connect: connection failed: Connection timed out
connect: connection failed: Connection timed out
connect: connection failed: Connection timed out
connect: connection failed: Connection timed out
connect: connection failed: Connection timed out
connect: connection failed: Connection timed out
connect: connection failed: Connection timed out
connect: connection failed: Connection timed out
connect: connection failed: Connection timed out
connect: connection failed: Connection timed out
[RUN #1 56%,  16 secs]  0 threads:     3810742 ops,       0 (avg:  228497) ops/sec, 0.00KB/sec (avg: 8.62MB/sec),  0.00 (avg:  1.40) msec latency

20        Threads
16        Connections per thread
30        Seconds
Type        Ops/sec     Hits/sec   Misses/sec      Latency       KB/sec
------------------------------------------------------------------------
Sets            inf          ---          ---      6.19200          inf
Gets            inf          inf          inf      0.91700          inf
Totals          inf          inf          inf      1.39700          inf


Request Latency Distribution
Type     <= msec         Percent
------------------------------------------------------------------------
SET       1.000     92.56152
SET       2.000     97.14113
SET       3.000     97.56851
SET       4.000     99.54637
SET       6.000     99.64073
SET       7.000     99.95325
SET       9.000     99.97778
SET      14.000     99.98095
SET      15.000     99.98269
SET      48.000     99.98297
SET    31000.000    100.00000
---
GET       0.063      0.00003
GET       0.065      0.00006
GET       0.070      0.00009
GET       0.073      0.00012
GET       0.076      0.00014
GET       0.077      0.00020
GET       0.078      0.00023
GET       0.079      0.00035
GET       0.081      0.00038
GET       0.082      0.00049
GET       0.083      0.00061
GET       0.085      0.00066
GET       0.086      0.00075
GET       0.087      0.00095
GET       0.088      0.00107
GET       0.089      0.00130
GET       0.090      0.00150
GET       0.091      0.00182
GET       0.092      0.00222
GET       0.093      0.00234
GET       0.094      0.00271
GET       0.095      0.00297
GET       0.096      0.00315
GET       0.097      0.00332
GET       0.098      0.00352
GET       0.099      0.00375
GET       0.100      0.00511
GET       0.110      0.00785
GET       0.120      0.00964
GET       0.130      0.01230
GET       0.140      0.01744
GET       0.150      0.02399
GET       0.160      0.03095
GET       0.170      0.04076
GET       0.180      0.05814
GET       0.190      0.09359
GET       0.200      0.15308
GET       0.210      0.24283
GET       0.220      0.40055
GET       0.230      0.72051
GET       0.240      1.36063
GET       0.250      2.33118
GET       0.260      3.54589
GET       0.270      5.05129
GET       0.280      6.92603
GET       0.290      9.31555
GET       0.300     11.47342
GET       0.310     13.08153
GET       0.320     14.21486
GET       0.330     15.03695
GET       0.340     15.66974
GET       0.350     16.12211
GET       0.360     16.48366
GET       0.370     16.87218
GET       0.380     17.39715
GET       0.390     18.17741
GET       0.400     19.20163
GET       0.410     20.45476
GET       0.420     21.94191
GET       0.430     23.73395
GET       0.440     25.79281
GET       0.450     27.74685
GET       0.460     29.42911
GET       0.470     30.82051
GET       0.480     31.96453
GET       0.490     32.90722
GET       0.500     33.62205
GET       0.510     34.20691
GET       0.520     34.74715
GET       0.530     35.32807
GET       0.540     36.02517
GET       0.550     36.83704
GET       0.560     37.72784
GET       0.570     38.68035
GET       0.580     39.67362
GET       0.590     40.63690
GET       0.600     41.51765
GET       0.610     42.28559
GET       0.620     42.97392
GET       0.630     43.61095
GET       0.640     44.24295
GET       0.650     44.89358
GET       0.660     45.57939
GET       0.670     46.33919
GET       0.680     47.18654
GET       0.690     48.09630
GET       0.700     49.02578
GET       0.710     49.93973
GET       0.720     50.82232
GET       0.730     51.64609
GET       0.740     52.39686
GET       0.750     53.04078
GET       0.760     53.57245
GET       0.770     54.00865
GET       0.780     54.36417
GET       0.790     54.65951
GET       0.800     54.90929
GET       0.810     55.12839
GET       0.820     55.33741
GET       0.830     55.56168
GET       0.840     55.79732
GET       0.850     56.05380
GET       0.860     56.33242
GET       0.870     56.62934
GET       0.880     56.93945
GET       0.890     57.24642
GET       0.900     57.53708
GET       0.910     57.81166
GET       0.920     58.06162
GET       0.930     58.29544
GET       0.940     58.51347
GET       0.950     58.71825
GET       0.960     58.92037
GET       0.970     59.14342
GET       0.980     59.39006
GET       0.990     59.67558
GET       1.000     62.61319
GET       1.100     77.94028
GET       1.200     88.36241
GET       1.300     89.61038
GET       1.400     90.50842
GET       1.500     90.88565
GET       1.600     91.09551
GET       1.700     91.67951
GET       1.800     92.93832
GET       1.900     94.43289
GET       2.000     95.54559
GET       2.100     96.07119
GET       2.200     96.22557
GET       2.300     96.25862
GET       2.400     96.26532
GET       2.500     96.27233
GET       2.600     96.31298
GET       2.700     96.48895
GET       2.800     96.85599
GET       2.900     97.14639
GET       3.000     97.23149
GET       3.100     97.24465
GET       3.200     97.24656
GET       3.300     97.24722
GET       3.400     97.24892
GET       3.500     97.25351
GET       3.600     97.26653
GET       3.700     97.30030
GET       3.800     97.37648
GET       3.900     97.52679
GET       4.000     97.80818
GET       4.100     98.25446
GET       4.200     98.76728
GET       4.300     99.21154
GET       4.400     99.47402
GET       4.500     99.56712
GET       4.600     99.59142
GET       4.700     99.59610
GET       4.800     99.59702
GET       4.900     99.59708
GET       5.500     99.59711
GET       6.200     99.59717
GET       6.300     99.59760
GET       6.400     99.59887
GET       6.500     99.60098
GET       6.600     99.60467
GET       6.700     99.61345
GET       6.800     99.63273
GET       6.900     99.66316
GET       7.000     99.70178
GET       7.100     99.74710
GET       7.200     99.79372
GET       7.300     99.84063
GET       7.400     99.88583
GET       7.500     99.92246
GET       7.600     99.95205
GET       7.700     99.97136
GET       7.800     99.98395
GET       7.900     99.99122
GET       8.000     99.99535
GET       8.100     99.99752
GET       8.200     99.99853
GET       8.300     99.99911
GET       8.400     99.99939
GET       8.500     99.99954
GET       8.600     99.99968
GET       8.700     99.99988
GET       8.800    100.00000
