[RUN #1] Preparing benchmark client...
[RUN #1] Launching threads now...
[RUN #1 1%,   0 secs] 20 threads:       34968 ops,       0 (avg:       0) ops/sec, 0.00KB/sec (avg: 0.00KB/sec),  0.00 (avg:  0.00) msec latency[RUN #1 1%,   0 secs] 20 threads:       70578 ops,       0 (avg:       0) ops/sec, 0.00KB/sec (avg: 0.00KB/sec),  0.00 (avg:  0.00) msec latency[RUN #1 2%,   0 secs] 20 threads:      105992 ops,       0 (avg:       0) ops/sec, 0.00KB/sec (avg: 0.00KB/sec),  0.00 (avg:  0.00) msec latency[RUN #1 3%,   0 secs] 20 threads:      141480 ops,       0 (avg:       0) ops/sec, 0.00KB/sec (avg: 0.00KB/sec),  0.00 (avg:  0.00) msec latency[RUN #1 3%,   1 secs] 20 threads:      177097 ops,       0 (avg:  177042) ops/sec, 0.00KB/sec (avg: 6.68MB/sec),  0.00 (avg:  1.80) msec latency[RUN #1 4%,   1 secs] 20 threads:      213080 ops,       0 (avg:  177517) ops/sec, 0.00KB/sec (avg: 6.70MB/sec),  0.00 (avg:  1.80) msec latency[RUN #1 5%,   1 secs] 20 threads:      253847 ops,       0 (avg:  181272) ops/sec, 0.00KB/sec (avg: 6.84MB/sec),  0.00 (avg:  1.76) msec latency[RUN #1 5%,   1 secs] 20 threads:      300408 ops,       0 (avg:  187709) ops/sec, 0.00KB/sec (avg: 7.08MB/sec),  0.00 (avg:  1.70) msec latency[RUN #1 6%,   1 secs] 20 threads:      347016 ops,       0 (avg:  192742) ops/sec, 0.00KB/sec (avg: 7.27MB/sec),  0.00 (avg:  1.66) msec latency[RUN #1 7%,   2 secs] 20 threads:      393736 ops,       0 (avg:  196824) ops/sec, 0.00KB/sec (avg: 7.42MB/sec),  0.00 (avg:  1.62) msec latency[RUN #1 7%,   2 secs] 20 threads:      440540 ops,       0 (avg:  200202) ops/sec, 0.00KB/sec (avg: 7.55MB/sec),  0.00 (avg:  1.60) msec latency[RUN #1 8%,   2 secs] 20 threads:      487256 ops,       0 (avg:  202981) ops/sec, 0.00KB/sec (avg: 7.66MB/sec),  0.00 (avg:  1.57) msec latency[RUN #1 9%,   2 secs] 20 threads:      534024 ops,       0 (avg:  205351) ops/sec, 0.00KB/sec (avg: 7.74MB/sec),  0.00 (avg:  1.56) msec latency[RUN #1 9%,   2 secs] 20 threads:      580489 ops,       0 (avg:  207276) ops/sec, 0.00KB/sec (avg: 7.82MB/sec),  0.00 (avg:  1.54) msec latency[RUN #1 10%,   3 secs] 20 threads:      626840 ops,       0 (avg:  208905) ops/sec, 0.00KB/sec (avg: 7.88MB/sec),  0.00 (avg:  1.53) msec latency[RUN #1 11%,   3 secs] 20 threads:      673310 ops,       0 (avg:  210369) ops/sec, 0.00KB/sec (avg: 7.93MB/sec),  0.00 (avg:  1.52) msec latency[RUN #1 11%,   3 secs] 20 threads:      719816 ops,       0 (avg:  211670) ops/sec, 0.00KB/sec (avg: 7.98MB/sec),  0.00 (avg:  1.51) msec latency[RUN #1 12%,   3 secs] 20 threads:      766008 ops,       0 (avg:  212740) ops/sec, 0.00KB/sec (avg: 8.02MB/sec),  0.00 (avg:  1.50) msec latency[RUN #1 13%,   3 secs] 20 threads:      812376 ops,       0 (avg:  213743) ops/sec, 0.00KB/sec (avg: 8.06MB/sec),  0.00 (avg:  1.49) msec latency[RUN #1 13%,   4 secs] 20 threads:      858817 ops,       0 (avg:  214665) ops/sec, 0.00KB/sec (avg: 8.10MB/sec),  0.00 (avg:  1.49) msec latency[RUN #1 14%,   4 secs] 20 threads:      905192 ops,       0 (avg:  215482) ops/sec, 0.00KB/sec (avg: 8.13MB/sec),  0.00 (avg:  1.48) msec latency[RUN #1 15%,   4 secs] 20 threads:      951647 ops,       0 (avg:  216244) ops/sec, 0.00KB/sec (avg: 8.16MB/sec),  0.00 (avg:  1.48) msec latency[RUN #1 15%,   4 secs] 20 threads:      998056 ops,       0 (avg:  216930) ops/sec, 0.00KB/sec (avg: 8.18MB/sec),  0.00 (avg:  1.47) msec latency[RUN #1 16%,   4 secs] 20 threads:     1044584 ops,       0 (avg:  217583) ops/sec, 0.00KB/sec (avg: 8.21MB/sec),  0.00 (avg:  1.47) msec latency[RUN #1 17%,   5 secs] 20 threads:     1090846 ops,       0 (avg:  218131) ops/sec, 0.00KB/sec (avg: 8.23MB/sec),  0.00 (avg:  1.46) msec latency[RUN #1 17%,   5 secs] 20 threads:     1137256 ops,       0 (avg:  218665) ops/sec, 0.00KB/sec (avg: 8.25MB/sec),  0.00 (avg:  1.46) msec latency[RUN #1 18%,   5 secs] 20 threads:     1183626 ops,       0 (avg:  219152) ops/sec, 0.00KB/sec (avg: 8.26MB/sec),  0.00 (avg:  1.46) msec latency[RUN #1 19%,   5 secs] 20 threads:     1230072 ops,       0 (avg:  219618) ops/sec, 0.00KB/sec (avg: 8.28MB/sec),  0.00 (avg:  1.45) msec latency[RUN #1 19%,   5 secs] 20 threads:     1276252 ops,       0 (avg:  220006) ops/sec, 0.00KB/sec (avg: 8.30MB/sec),  0.00 (avg:  1.45) msec latency[RUN #1 20%,   6 secs] 16 threads:     1328217 ops,       0 (avg:  221368) ops/sec, 0.00KB/sec (avg: 8.35MB/sec),  0.00 (avg:  1.44) msec latency[RUN #1 20%,   6 secs] 16 threads:     1329506 ops,       0 (avg:  221473) ops/sec, 0.00KB/sec (avg: 8.35MB/sec),  0.00 (avg:  1.44) msec latency[RUN #1 21%,   6 secs] 16 threads:     1414453 ops,       0 (avg:  228025) ops/sec, 0.00KB/sec (avg: 8.60MB/sec),  0.00 (avg:  1.40) msec latency[RUN #1 21%,   6 secs] 16 threads:     1498287 ops,       0 (avg:  233995) ops/sec, 0.00KB/sec (avg: 8.82MB/sec),  0.00 (avg:  1.36) msec latency[RUN #1 22%,   6 secs] 16 threads:     1582002 ops,       0 (avg:  239585) ops/sec, 0.00KB/sec (avg: 9.04MB/sec),  0.00 (avg:  1.33) msec latency[RUN #1 23%,   6 secs] 16 threads:     1666453 ops,       0 (avg:  244954) ops/sec, 0.00KB/sec (avg: 9.24MB/sec),  0.00 (avg:  1.30) msec latency[RUN #1 23%,   7 secs] 16 threads:     1749672 ops,       0 (avg:  249841) ops/sec, 0.00KB/sec (avg: 9.42MB/sec),  0.00 (avg:  1.28) msec latency[RUN #1 24%,   7 secs] 16 threads:     1834910 ops,       0 (avg:  254736) ops/sec, 0.00KB/sec (avg: 9.61MB/sec),  0.00 (avg:  1.25) msec latency[RUN #1 25%,   7 secs] 16 threads:     1920129 ops,       0 (avg:  259364) ops/sec, 0.00KB/sec (avg: 9.78MB/sec),  0.00 (avg:  1.23) msec latency[RUN #1 25%,   7 secs] 16 threads:     2004249 ops,       0 (avg:  263605) ops/sec, 0.00KB/sec (avg: 9.94MB/sec),  0.00 (avg:  1.21) msec latency[RUN #1 26%,   7 secs] 16 threads:     2087924 ops,       0 (avg:  267571) ops/sec, 0.00KB/sec (avg: 10.09MB/sec),  0.00 (avg:  1.19) msec latency[RUN #1 27%,   8 secs] 16 threads:     2171947 ops,       0 (avg:  271382) ops/sec, 0.00KB/sec (avg: 10.23MB/sec),  0.00 (avg:  1.18) msec latency[RUN #1 27%,   8 secs] 16 threads:     2255875 ops,       0 (avg:  274996) ops/sec, 0.00KB/sec (avg: 10.37MB/sec),  0.00 (avg:  1.16) msec latency[RUN #1 28%,   8 secs] 16 threads:     2338981 ops,       0 (avg:  278339) ops/sec, 0.00KB/sec (avg: 10.50MB/sec),  0.00 (avg:  1.15) msec latency[RUN #1 29%,   8 secs] 16 threads:     2422022 ops,       0 (avg:  281520) ops/sec, 0.00KB/sec (avg: 10.62MB/sec),  0.00 (avg:  1.13) msec latency[RUN #1 29%,   8 secs] 16 threads:     2505834 ops,       0 (avg:  284644) ops/sec, 0.00KB/sec (avg: 10.73MB/sec),  0.00 (avg:  1.12) msec latency[RUN #1 30%,   9 secs] 16 threads:     2589859 ops,       0 (avg:  287653) ops/sec, 0.00KB/sec (avg: 10.85MB/sec),  0.00 (avg:  1.11) msec latency[RUN #1 31%,   9 secs] 16 threads:     2673436 ops,       0 (avg:  290482) ops/sec, 0.00KB/sec (avg: 10.95MB/sec),  0.00 (avg:  1.10) msec latency[RUN #1 31%,   9 secs] 16 threads:     2757078 ops,       0 (avg:  293198) ops/sec, 0.00KB/sec (avg: 11.06MB/sec),  0.00 (avg:  1.09) msec latency[RUN #1 32%,   9 secs] 16 threads:     2842404 ops,       0 (avg:  295976) ops/sec, 0.00KB/sec (avg: 11.16MB/sec),  0.00 (avg:  1.08) msec latency[RUN #1 33%,   9 secs] 16 threads:     2924628 ops,       0 (avg:  298324) ops/sec, 0.00KB/sec (avg: 11.25MB/sec),  0.00 (avg:  1.07) msec latency[RUN #1 33%,  10 secs] 16 threads:     3007759 ops,       0 (avg:  300669) ops/sec, 0.00KB/sec (avg: 11.34MB/sec),  0.00 (avg:  1.06) msec latency[RUN #1 34%,  10 secs] 16 threads:     3089674 ops,       0 (avg:  302803) ops/sec, 0.00KB/sec (avg: 11.42MB/sec),  0.00 (avg:  1.05) msec latency[RUN #1 35%,  10 secs] 16 threads:     3173211 ops,       0 (avg:  305011) ops/sec, 0.00KB/sec (avg: 11.50MB/sec),  0.00 (avg:  1.05) msec latency[RUN #1 35%,  10 secs] 16 threads:     3257720 ops,       0 (avg:  307227) ops/sec, 0.00KB/sec (avg: 11.59MB/sec),  0.00 (avg:  1.04) msec latency[RUN #1 36%,  10 secs] 16 threads:     3340634 ops,       0 (avg:  309213) ops/sec, 0.00KB/sec (avg: 11.66MB/sec),  0.00 (avg:  1.03) msec latency[RUN #1 37%,  11 secs] 16 threads:     3423839 ops,       0 (avg:  311154) ops/sec, 0.00KB/sec (avg: 11.73MB/sec),  0.00 (avg:  1.03) msec latency[RUN #1 37%,  11 secs] 16 threads:     3506950 ops,       0 (avg:  313017) ops/sec, 0.00KB/sec (avg: 11.80MB/sec),  0.00 (avg:  1.02) msec latency[RUN #1 38%,  11 secs] 16 threads:     3590546 ops,       0 (avg:  314857) ops/sec, 0.00KB/sec (avg: 11.87MB/sec),  0.00 (avg:  1.01) msec latency[RUN #1 39%,  11 secs] 16 threads:     3672624 ops,       0 (avg:  316503) ops/sec, 0.00KB/sec (avg: 11.94MB/sec),  0.00 (avg:  1.01) msec latency[RUN #1 39%,  11 secs] 16 threads:     3755143 ops,       0 (avg:  318130) ops/sec, 0.00KB/sec (avg: 12.00MB/sec),  0.00 (avg:  1.00) msec latency[RUN #1 40%,  12 secs] 12 threads:     3836714 ops,       0 (avg:  319724) ops/sec, 0.00KB/sec (avg: 12.06MB/sec),  0.00 (avg:  1.00) msec latency[RUN #1 40%,  12 secs] 12 threads:     3836714 ops,       0 (avg:  319724) ops/sec, 0.00KB/sec (avg: 12.06MB/sec),  0.00 (avg:  1.00) msec latency[RUN #1 40%,  12 secs] 12 threads:     3836714 ops,       0 (avg:  319724) ops/sec, 0.00KB/sec (avg: 12.06MB/sec),  0.00 (avg:  1.00) msec latency[RUN #1 42%,  12 secs] 12 threads:     3942547 ops,       0 (avg:  314057) ops/sec, 0.00KB/sec (avg: 11.84MB/sec),  0.00 (avg:  0.98) msec latency[RUN #1 44%,  13 secs] 12 threads:     4058235 ops,       0 (avg:  308524) ops/sec, 0.00KB/sec (avg: 11.64MB/sec),  0.00 (avg:  0.97) msec latency[RUN #1 46%,  13 secs] 12 threads:     4173236 ops,       0 (avg:  303425) ops/sec, 0.00KB/sec (avg: 11.44MB/sec),  0.00 (avg:  0.95) msec latency[RUN #1 48%,  14 secs] 12 threads:     4288197 ops,       0 (avg:  298748) ops/sec, 0.00KB/sec (avg: 11.27MB/sec),  0.00 (avg:  0.94) msec latency[RUN #1 50%,  14 secs] 12 threads:     4403289 ops,       0 (avg:  294455) ops/sec, 0.00KB/sec (avg: 11.10MB/sec),  0.00 (avg:  0.92) msec latency[RUN #1 52%,  15 secs] 12 threads:     4518635 ops,       0 (avg:  290511) ops/sec, 0.00KB/sec (avg: 10.96MB/sec),  0.00 (avg:  0.91) msec latency[RUN #1 54%,  16 secs] 12 threads:     4634278 ops,       0 (avg:  286878) ops/sec, 0.00KB/sec (avg: 10.82MB/sec),  0.00 (avg:  0.90) msec latency[RUN #1 56%,  16 secs] 12 threads:     4749500 ops,       0 (avg:  283480) ops/sec, 0.00KB/sec (avg: 10.69MB/sec),  0.00 (avg:  0.89) msec latency[RUN #1 58%,  17 secs] 12 threads:     4865061 ops,       0 (avg:  280337) ops/sec, 0.00KB/sec (avg: 10.57MB/sec),  0.00 (avg:  0.87) msec latency[RUN #1 60%,  17 secs] 12 threads:     4981095 ops,       0 (avg:  277430) ops/sec, 0.00KB/sec (avg: 10.46MB/sec),  0.00 (avg:  0.86) msec latency[RUN #1 62%,  18 secs] 12 threads:     5096589 ops,       0 (avg:  274682) ops/sec, 0.00KB/sec (avg: 10.36MB/sec),  0.00 (avg:  0.85) msec latency[RUN #1 64%,  19 secs] 12 threads:     5211558 ops,       0 (avg:  272079) ops/sec, 0.00KB/sec (avg: 10.26MB/sec),  0.00 (avg:  0.84) msec latency[RUN #1 66%,  19 secs] 12 threads:     5326688 ops,       0 (avg:  269642) ops/sec, 0.00KB/sec (avg: 10.17MB/sec),  0.00 (avg:  0.83) msec latency[RUN #1 68%,  20 secs] 12 threads:     5442056 ops,       0 (avg:  267361) ops/sec, 0.00KB/sec (avg: 10.08MB/sec),  0.00 (avg:  0.83) msec latency[RUN #1 70%,  20 secs] 12 threads:     5557774 ops,       0 (avg:  265227) ops/sec, 0.00KB/sec (avg: 10.00MB/sec),  0.00 (avg:  0.82) msec latency[RUN #1 72%,  21 secs] 12 threads:     5673705 ops,       0 (avg:  263221) ops/sec, 0.00KB/sec (avg: 9.93MB/sec),  0.00 (avg:  0.81) msec latency[RUN #1 74%,  22 secs] 12 threads:     5789559 ops,       0 (avg:  261321) ops/sec, 0.00KB/sec (avg: 9.85MB/sec),  0.00 (avg:  0.80) msec latency[RUN #1 76%,  22 secs] 12 threads:     5904635 ops,       0 (avg:  259487) ops/sec, 0.00KB/sec (avg: 9.79MB/sec),  0.00 (avg:  0.79) msec latency[RUN #1 78%,  23 secs] 12 threads:     6019205 ops,       0 (avg:  257725) ops/sec, 0.00KB/sec (avg: 9.72MB/sec),  0.00 (avg:  0.79) msec latency[RUN #1 80%,  23 secs] 12 threads:     6134028 ops,       0 (avg:  256062) ops/sec, 0.00KB/sec (avg: 9.66MB/sec),  0.00 (avg:  0.78) msec latency[RUN #1 82%,  24 secs] 12 threads:     6249579 ops,       0 (avg:  254510) ops/sec, 0.00KB/sec (avg: 9.60MB/sec),  0.00 (avg:  0.77) msec latency[RUN #1 84%,  25 secs] 12 threads:     6365052 ops,       0 (avg:  253030) ops/sec, 0.00KB/sec (avg: 9.54MB/sec),  0.00 (avg:  0.77) msec latency[RUN #1 86%,  25 secs] 12 threads:     6480662 ops,       0 (avg:  251623) ops/sec, 0.00KB/sec (avg: 9.49MB/sec),  0.00 (avg:  0.76) msec latency[RUN #1 88%,  26 secs] 12 threads:     6595951 ops,       0 (avg:  250268) ops/sec, 0.00KB/sec (avg: 9.44MB/sec),  0.00 (avg:  0.75) msec latency[RUN #1 90%,  26 secs] 12 threads:     6711321 ops,       0 (avg:  248977) ops/sec, 0.00KB/sec (avg: 9.39MB/sec),  0.00 (avg:  0.75) msec latency[RUN #1 92%,  27 secs] 12 threads:     6826779 ops,       0 (avg:  247745) ops/sec, 0.00KB/sec (avg: 9.34MB/sec),  0.00 (avg:  0.74) msec latency[RUN #1 94%,  28 secs] 12 threads:     6941986 ops,       0 (avg:  246557) ops/sec, 0.00KB/sec (avg: 9.30MB/sec),  0.00 (avg:  0.74) msec latency[RUN #1 96%,  28 secs] 12 threads:     7057207 ops,       0 (avg:  245418) ops/sec, 0.00KB/sec (avg: 9.26MB/sec),  0.00 (avg:  0.73) msec latency[RUN #1 98%,  29 secs] 12 threads:     7172118 ops,       0 (avg:  244316) ops/sec, 0.00KB/sec (avg: 9.21MB/sec),  0.00 (avg:  0.73) msec latency[RUN #1 100%,  29 secs] 12 threads:     7287139 ops,       0 (avg:  243262) ops/sec, 0.00KB/sec (avg: 9.17MB/sec),  0.00 (avg:  0.72) msec latency[RUN #1 101%,  30 secs] 12 threads:     7297968 ops,       0 (avg:  239930) ops/sec, 0.00KB/sec (avg: 9.05MB/sec),  0.00 (avg:  0.72) msec latency[RUN #1 103%,  30 secs] 12 threads:     7297968 ops,       0 (avg:  236432) ops/sec, 0.00KB/sec (avg: 8.92MB/sec),  0.00 (avg:  0.72) msec latency[RUN #1 104%,  31 secs] 12 threads:     7297968 ops,       0 (avg:  233034) ops/sec, 0.00KB/sec (avg: 8.79MB/sec),  0.00 (avg:  0.72) msec latency[RUN #1 106%,  31 secs] 12 threads:     7297968 ops,       0 (avg:  229732) ops/sec, 0.00KB/sec (avg: 8.66MB/sec),  0.00 (avg:  0.72) msec latency[RUN #1 107%,  32 secs] 12 threads:     7297968 ops,       0 (avg:  226523) ops/sec, 0.00KB/sec (avg: 8.54MB/sec),  0.00 (avg:  0.72) msec latency[RUN #1 109%,  32 secs] 12 threads:     7297968 ops,       0 (avg:  223402) ops/sec, 0.00KB/sec (avg: 8.43MB/sec),  0.00 (avg:  0.72) msec latency[RUN #1 110%,  33 secs] 12 threads:     7297968 ops,       0 (avg:  220366) ops/sec, 0.00KB/sec (avg: 8.31MB/sec),  0.00 (avg:  0.72) msec latency[RUN #1 112%,  33 secs] 12 threads:     7297968 ops,       0 (avg:  217411) ops/sec, 0.00KB/sec (avg: 8.20MB/sec),  0.00 (avg:  0.72) msec latency[RUN #1 113%,  34 secs] 12 threads:     7297968 ops,       0 (avg:  214535) ops/sec, 0.00KB/sec (avg: 8.09MB/sec),  0.00 (avg:  0.72) msec latency[RUN #1 115%,  34 secs] 12 threads:     7297968 ops,       0 (avg:  211734) ops/sec, 0.00KB/sec (avg: 7.98MB/sec),  0.00 (avg:  0.72) msec latency[RUN #1 116%,  34 secs] 12 threads:     7297968 ops,       0 (avg:  209005) ops/sec, 0.00KB/sec (avg: 7.88MB/sec),  0.00 (avg:  0.72) msec latency[RUN #1 118%,  35 secs] 12 threads:     7297968 ops,       0 (avg:  206345) ops/sec, 0.00KB/sec (avg: 7.78MB/sec),  0.00 (avg:  0.72) msec latency[RUN #1 119%,  35 secs] 12 threads:     7297968 ops,       0 (avg:  203752) ops/sec, 0.00KB/sec (avg: 7.68MB/sec),  0.00 (avg:  0.72) msec latency[RUN #1 121%,  36 secs] 12 threads:     7297968 ops,       0 (avg:  201224) ops/sec, 0.00KB/sec (avg: 7.59MB/sec),  0.00 (avg:  0.72) msec latency[RUN #1 122%,  36 secs] 12 threads:     7297968 ops,       0 (avg:  198757) ops/sec, 0.00KB/sec (avg: 7.50MB/sec),  0.00 (avg:  0.72) msec latency[RUN #1 124%,  37 secs] 12 threads:     7297968 ops,       0 (avg:  196350) ops/sec, 0.00KB/sec (avg: 7.40MB/sec),  0.00 (avg:  0.72) msec latency[RUN #1 125%,  37 secs] 12 threads:     7297968 ops,       0 (avg:  194001) ops/sec, 0.00KB/sec (avg: 7.32MB/sec),  0.00 (avg:  0.72) msec latency[RUN #1 127%,  38 secs] 12 threads:     7297968 ops,       0 (avg:  191708) ops/sec, 0.00KB/sec (avg: 7.23MB/sec),  0.00 (avg:  0.72) msec latency[RUN #1 128%,  38 secs] 12 threads:     7297968 ops,       0 (avg:  189468) ops/sec, 0.00KB/sec (avg: 7.15MB/sec),  0.00 (avg:  0.72) msec latency[RUN #1 130%,  38 secs] 12 threads:     7297968 ops,       0 (avg:  187279) ops/sec, 0.00KB/sec (avg: 7.06MB/sec),  0.00 (avg:  0.72) msec latency[RUN #1 131%,  39 secs] 12 threads:     7297968 ops,       0 (avg:  185141) ops/sec, 0.00KB/sec (avg: 6.98MB/sec),  0.00 (avg:  0.72) msec latency[RUN #1 133%,  39 secs] 12 threads:     7297968 ops,       0 (avg:  183051) ops/sec, 0.00KB/sec (avg: 6.90MB/sec),  0.00 (avg:  0.72) msec latency[RUN #1 134%,  40 secs] 12 threads:     7297968 ops,       0 (avg:  181008) ops/sec, 0.00KB/sec (avg: 6.83MB/sec),  0.00 (avg:  0.72) msec latency[RUN #1 136%,  40 secs] 12 threads:     7297968 ops,       0 (avg:  179010) ops/sec, 0.00KB/sec (avg: 6.75MB/sec),  0.00 (avg:  0.72) msec latency[RUN #1 137%,  41 secs] 12 threads:     7297968 ops,       0 (avg:  177055) ops/sec, 0.00KB/sec (avg: 6.68MB/sec),  0.00 (avg:  0.72) msec latency[RUN #1 139%,  41 secs] 12 threads:     7297968 ops,       0 (avg:  175143) ops/sec, 0.00KB/sec (avg: 6.61MB/sec),  0.00 (avg:  0.72) msec latency[RUN #1 140%,  42 secs] 12 threads:     7297968 ops,       0 (avg:  173271) ops/sec, 0.00KB/sec (avg: 6.53MB/sec),  0.00 (avg:  0.72) msec latency[RUN #1 142%,  42 secs] 12 threads:     7297968 ops,       0 (avg:  171439) ops/sec, 0.00KB/sec (avg: 6.47MB/sec),  0.00 (avg:  0.72) msec latency[RUN #1 143%,  43 secs] 12 threads:     7297968 ops,       0 (avg:  169645) ops/sec, 0.00KB/sec (avg: 6.40MB/sec),  0.00 (avg:  0.72) msec latency[RUN #1 145%,  43 secs] 12 threads:     7297968 ops,       0 (avg:  167889) ops/sec, 0.00KB/sec (avg: 6.33MB/sec),  0.00 (avg:  0.72) msec latency[RUN #1 146%,  43 secs] 12 threads:     7297968 ops,       0 (avg:  166168) ops/sec, 0.00KB/sec (avg: 6.27MB/sec),  0.00 (avg:  0.72) msec latency[RUN #1 148%,  44 secs] 12 threads:     7297968 ops,       0 (avg:  164483) ops/sec, 0.00KB/sec (avg: 6.20MB/sec),  0.00 (avg:  0.72) msec latency[RUN #1 149%,  44 secs] 12 threads:     7297968 ops,       0 (avg:  162831) ops/sec, 0.00KB/sec (avg: 6.14MB/sec),  0.00 (avg:  0.72) msec latency[RUN #1 151%,  45 secs] 12 threads:     7297968 ops,       0 (avg:  161212) ops/sec, 0.00KB/sec (avg: 6.08MB/sec),  0.00 (avg:  0.72) msec latency[RUN #1 152%,  45 secs] 10 threads:     7298063 ops,       0 (avg:  159651) ops/sec, 0.00KB/sec (avg: 6.02MB/sec),  0.00 (avg:  1.57) msec latency[RUN #1 153%,  45 secs] 10 threads:     7298063 ops,       0 (avg:  159118) ops/sec, 0.00KB/sec (avg: 6.00MB/sec),  0.00 (avg:  1.57) msec latency[RUN #1 153%,  46 secs] 10 threads:     7298063 ops,       0 (avg:  158588) ops/sec, 0.00KB/sec (avg: 5.98MB/sec),  0.00 (avg:  1.57) msec latency[RUN #1 154%,  46 secs] 10 threads:     7298063 ops,       0 (avg:  158062) ops/sec, 0.00KB/sec (avg: 5.96MB/sec),  0.00 (avg:  1.57) msec latency[RUN #1 154%,  46 secs] 10 threads:     7298063 ops,       0 (avg:  157540) ops/sec, 0.00KB/sec (avg: 5.94MB/sec),  0.00 (avg:  1.57) msec latency[RUN #1 155%,  46 secs] 10 threads:     7298063 ops,       0 (avg:  157020) ops/sec, 0.00KB/sec (avg: 5.92MB/sec),  0.00 (avg:  1.57) msec latency[RUN #1 155%,  46 secs] 10 threads:     7298063 ops,       0 (avg:  156505) ops/sec, 0.00KB/sec (avg: 5.90MB/sec),  0.00 (avg:  1.57) msec latency[RUN #1 156%,  46 secs] 10 threads:     7298063 ops,       0 (avg:  155992) ops/sec, 0.00KB/sec (avg: 5.88MB/sec),  0.00 (avg:  1.57) msec latency[RUN #1 156%,  46 secs] 10 threads:     7298063 ops,       0 (avg:  155483) ops/sec, 0.00KB/sec (avg: 5.86MB/sec),  0.00 (avg:  1.57) msec latency[RUN #1 157%,  47 secs] 10 threads:     7298063 ops,       0 (avg:  154978) ops/sec, 0.00KB/sec (avg: 5.84MB/sec),  0.00 (avg:  1.57) msec latency[RUN #1 157%,  47 secs] 10 threads:     7298063 ops,       0 (avg:  154475) ops/sec, 0.00KB/sec (avg: 5.83MB/sec),  0.00 (avg:  1.57) msec latency[RUN #1 158%,  47 secs] 10 threads:     7298063 ops,       0 (avg:  153976) ops/sec, 0.00KB/sec (avg: 5.81MB/sec),  0.00 (avg:  1.57) msec latency[RUN #1 159%,  47 secs] 10 threads:     7298063 ops,       0 (avg:  153480) ops/sec, 0.00KB/sec (avg: 5.79MB/sec),  0.00 (avg:  1.57) msec latency[RUN #1 159%,  47 secs] 10 threads:     7298063 ops,       0 (avg:  152988) ops/sec, 0.00KB/sec (avg: 5.77MB/sec),  0.00 (avg:  1.57) msec latency[RUN #1 160%,  47 secs] 10 threads:     7298063 ops,       0 (avg:  152498) ops/sec, 0.00KB/sec (avg: 5.75MB/sec),  0.00 (avg:  1.57) msec latency[RUN #1 160%,  48 secs] 10 threads:     7298063 ops,       0 (avg:  152012) ops/sec, 0.00KB/sec (avg: 5.73MB/sec),  0.00 (avg:  1.57) msec latency[RUN #1 161%,  48 secs] 10 threads:     7298063 ops,       0 (avg:  151528) ops/sec, 0.00KB/sec (avg: 5.71MB/sec),  0.00 (avg:  1.57) msec latency[RUN #1 161%,  48 secs] 10 threads:     7298063 ops,       0 (avg:  151048) ops/sec, 0.00KB/sec (avg: 5.70MB/sec),  0.00 (avg:  1.57) msec latency[RUN #1 162%,  48 secs] 10 threads:     7298063 ops,       0 (avg:  150571) ops/sec, 0.00KB/sec (avg: 5.68MB/sec),  0.00 (avg:  1.57) msec latency[RUN #1 162%,  48 secs] 10 threads:     7298063 ops,       0 (avg:  150096) ops/sec, 0.00KB/sec (avg: 5.66MB/sec),  0.00 (avg:  1.57) msec latency[RUN #1 163%,  48 secs] 10 threads:     7298063 ops,       0 (avg:  149625) ops/sec, 0.00KB/sec (avg: 5.64MB/sec),  0.00 (avg:  1.57) msec latency[RUN #1 163%,  48 secs] 10 threads:     7298063 ops,       0 (avg:  149157) ops/sec, 0.00KB/sec (avg: 5.63MB/sec),  0.00 (avg:  1.57) msec latency[RUN #1 164%,  49 secs] 10 threads:     7298063 ops,       0 (avg:  148691) ops/sec, 0.00KB/sec (avg: 5.61MB/sec),  0.00 (avg:  1.57) msec latency[RUN #1 164%,  49 secs] 10 threads:     7298063 ops,       0 (avg:  148229) ops/sec, 0.00KB/sec (avg: 5.59MB/sec),  0.00 (avg:  1.57) msec latency[RUN #1 165%,  49 secs] 10 threads:     7298063 ops,       0 (avg:  147769) ops/sec, 0.00KB/sec (avg: 5.57MB/sec),  0.00 (avg:  1.57) msec latency[RUN #1 165%,  49 secs] 10 threads:     7298063 ops,       0 (avg:  147313) ops/sec, 0.00KB/sec (avg: 5.56MB/sec),  0.00 (avg:  1.57) msec latency[RUN #1 166%,  49 secs] 10 threads:     7298063 ops,       0 (avg:  146859) ops/sec, 0.00KB/sec (avg: 5.54MB/sec),  0.00 (avg:  1.57) msec latency[RUN #1 166%,  49 secs] 10 threads:     7298063 ops,       0 (avg:  146407) ops/sec, 0.00KB/sec (avg: 5.52MB/sec),  0.00 (avg:  1.57) msec latency[RUN #1 167%,  50 secs] 10 threads:     7298063 ops,       0 (avg:  145959) ops/sec, 0.00KB/sec (avg: 5.50MB/sec),  0.00 (avg:  1.57) msec latencyread error: Connection reset by peer
read error: Connection reset by peer
read error: Connection reset by peer
read error: Connection reset by peer
read error: Connection reset by peer
read error: Connection reset by peer
read error: Connection reset by peer
read error: Connection reset by peer
read error: Connection reset by peer
read error: Connection reset by peer
read error: Connection reset by peer
read error: Connection reset by peer
read error: Connection reset by peer
read error: Connection reset by peer
read error: Connection reset by peer
read error: Connection reset by peer
read error: Connection reset by peer
read error: Connection reset by peer
read error: Connection reset by peer
read error: Connection reset by peer
read error: Connection reset by peer
read error: Connection reset by peer
read error: Connection reset by peer
read error: Connection reset by peer
read error: Connection reset by peer
read error: Connection reset by peer
read error: Connection reset by peer
read error: Connection reset by peer
read error: Connection reset by peer
read error: Connection reset by peer
read error: Connection reset by peer
read error: Connection reset by peer
read error: Connection reset by peer
read error: Connection reset by peer
read error: Connection reset by peer
read error: Connection reset by peer
read error: Connection reset by peer
read error: Connection reset by peer
read error: Connection reset by peer
read error: Connection reset by peer
read error: Connection reset by peer
read error: Connection reset by peer
read error: Connection reset by peer
read error: Connection reset by peer
read error: Connection reset by peer
read error: Connection reset by peer
read error: Connection reset by peer
read error: Connection reset by peer
read error: Connection reset by peer
[RUN #1 167%,  50 secs]  0 threads:     7298063 ops,       0 (avg:  145513) ops/sec, 0.00KB/sec (avg: 5.49MB/sec),  0.00 (avg:  1.57) msec latency

20        Threads
16        Connections per thread
30        Seconds
Type        Ops/sec     Hits/sec   Misses/sec      Latency       KB/sec
------------------------------------------------------------------------
Sets           0.00          ---          ---     10.01700         0.00
Gets           0.00         0.00         0.00      0.71900         0.00
Totals         0.00         0.00         0.00      1.56500         0.00


Request Latency Distribution
Type     <= msec         Percent
------------------------------------------------------------------------
SET       1.000     85.07464
SET       2.000     91.33552
SET       3.000     94.32725
SET       4.000     95.49357
SET       5.000     95.49613
SET       6.000     95.52325
SET       7.000     96.42240
SET       8.000     96.75948
SET       9.000     97.99180
SET      10.000     99.88819
SET      11.000     99.89467
SET      12.000     99.89482
SET      13.000     99.89768
SET      14.000     99.90657
SET      15.000     99.93053
SET      16.000     99.94364
SET      17.000     99.94379
SET      18.000     99.96941
SET      19.000     99.98523
SET      21.000     99.98538
SET      22.000     99.98553
SET      23.000     99.98568
SET    65000.000    100.00000
---
GET       0.052      0.00002
GET       0.053      0.00005
GET       0.054      0.00006
GET       0.057      0.00008
GET       0.058      0.00012
GET       0.059      0.00018
GET       0.060      0.00020
GET       0.062      0.00024
GET       0.063      0.00027
GET       0.064      0.00032
GET       0.065      0.00047
GET       0.066      0.00050
GET       0.067      0.00054
GET       0.068      0.00065
GET       0.069      0.00077
GET       0.070      0.00093
GET       0.071      0.00107
GET       0.072      0.00127
GET       0.073      0.00140
GET       0.074      0.00176
GET       0.075      0.00197
GET       0.076      0.00232
GET       0.077      0.00277
GET       0.078      0.00327
GET       0.079      0.00418
GET       0.080      0.00520
GET       0.081      0.00609
GET       0.082      0.00728
GET       0.083      0.00847
GET       0.084      0.01037
GET       0.085      0.01265
GET       0.086      0.01556
GET       0.087      0.01884
GET       0.088      0.02279
GET       0.089      0.02772
GET       0.090      0.03331
GET       0.091      0.03943
GET       0.092      0.04612
GET       0.093      0.05500
GET       0.094      0.06480
GET       0.095      0.07693
GET       0.096      0.09011
GET       0.097      0.10260
GET       0.098      0.11492
GET       0.099      0.12830
GET       0.100      0.19364
GET       0.110      0.31822
GET       0.120      0.47288
GET       0.130      0.78056
GET       0.140      1.56541
GET       0.150      2.62264
GET       0.160      3.38876
GET       0.170      4.11499
GET       0.180      5.09765
GET       0.190      6.97146
GET       0.200      8.67045
GET       0.210      9.65787
GET       0.220     10.40594
GET       0.230     11.18557
GET       0.240     12.27680
GET       0.250     13.30760
GET       0.260     14.21283
GET       0.270     15.17053
GET       0.280     16.35710
GET       0.290     17.99897
GET       0.300     19.51897
GET       0.310     20.73462
GET       0.320     21.81752
GET       0.330     22.97414
GET       0.340     24.45334
GET       0.350     25.77893
GET       0.360     26.91309
GET       0.370     28.05683
GET       0.380     29.43907
GET       0.390     31.25492
GET       0.400     32.86479
GET       0.410     34.24184
GET       0.420     35.57487
GET       0.430     37.04349
GET       0.440     38.68366
GET       0.450     40.04774
GET       0.460     41.15848
GET       0.470     42.11279
GET       0.480     43.04544
GET       0.490     43.98769
GET       0.500     44.80314
GET       0.510     45.55721
GET       0.520     46.36198
GET       0.530     47.35988
GET       0.540     48.58526
GET       0.550     49.83771
GET       0.560     51.12540
GET       0.570     52.46288
GET       0.580     53.93732
GET       0.590     55.42996
GET       0.600     56.71676
GET       0.610     57.82092
GET       0.620     58.80122
GET       0.630     59.76211
GET       0.640     60.66884
GET       0.650     61.45697
GET       0.660     62.18267
GET       0.670     62.91088
GET       0.680     63.70863
GET       0.690     64.51277
GET       0.700     65.26070
GET       0.710     65.96869
GET       0.720     66.64799
GET       0.730     67.34573
GET       0.740     67.98854
GET       0.750     68.53683
GET       0.760     69.01409
GET       0.770     69.43069
GET       0.780     69.82939
GET       0.790     70.17963
GET       0.800     70.48805
GET       0.810     70.78043
GET       0.820     71.07966
GET       0.830     71.40481
GET       0.840     71.75063
GET       0.850     72.11519
GET       0.860     72.49933
GET       0.870     72.90482
GET       0.880     73.31733
GET       0.890     73.72166
GET       0.900     74.10058
GET       0.910     74.44281
GET       0.920     74.74886
GET       0.930     75.01938
GET       0.940     75.25411
GET       0.950     75.45849
GET       0.960     75.64131
GET       0.970     75.81675
GET       0.980     75.99263
GET       0.990     76.17981
GET       1.000     77.81841
GET       1.100     86.04708
GET       1.200     91.67029
GET       1.300     92.70700
GET       1.400     94.10073
GET       1.500     94.72490
GET       1.600     94.89054
GET       1.700     95.22166
GET       1.800     95.92562
GET       1.900     96.78274
GET       2.000     97.43668
GET       2.100     97.74706
GET       2.200     97.83930
GET       2.300     97.86114
GET       2.400     97.86790
GET       2.500     97.87316
GET       2.600     97.90051
GET       2.700     97.99635
GET       2.800     98.17994
GET       2.900     98.33324
GET       3.000     98.37587
GET       3.100     98.38251
GET       3.200     98.38615
GET       3.300     98.39310
GET       3.400     98.40689
GET       3.500     98.43186
GET       3.600     98.47000
GET       3.700     98.52256
GET       3.800     98.59216
GET       3.900     98.69264
GET       4.000     98.85535
GET       4.100     99.09863
GET       4.200     99.38305
GET       4.300     99.62107
GET       4.400     99.75161
GET       4.500     99.79129
GET       4.600     99.79977
GET       4.700     99.80169
GET       4.800     99.80190
GET       4.900     99.80194
GET       5.100     99.80196
GET       5.500     99.80199
GET       5.800     99.80200
GET       6.300     99.80214
GET       6.400     99.80253
GET       6.500     99.80356
GET       6.600     99.80580
GET       6.700     99.81056
GET       6.800     99.82074
GET       6.900     99.83583
GET       7.000     99.85471
GET       7.100     99.87698
GET       7.200     99.90388
GET       7.300     99.92596
GET       7.400     99.94613
GET       7.500     99.96339
GET       7.600     99.97724
GET       7.700     99.98600
GET       7.800     99.99221
GET       7.900     99.99596
GET       8.000     99.99795
GET       8.100     99.99904
GET       8.200     99.99943
GET       8.300     99.99962
GET       8.400     99.99974
GET       8.500     99.99977
GET       8.600     99.99985
GET       8.700     99.99997
GET       8.800    100.00000
