[RUN #1] Preparing benchmark client...
[RUN #1] Launching threads now...
[RUN #1 3%,   0 secs] 20 threads:      145205 ops,       0 (avg:       0) ops/sec, 0.00KB/sec (avg: 0.00KB/sec),  0.00 (avg:  0.00) msec latency[RUN #1 6%,   1 secs] 20 threads:      283612 ops,       0 (avg:  157072) ops/sec, 0.00KB/sec (avg: 5.93MB/sec),  0.00 (avg:  2.00) msec latency[RUN #1 9%,   2 secs] 20 threads:      422026 ops,       0 (avg:  155974) ops/sec, 0.00KB/sec (avg: 5.88MB/sec),  0.00 (avg:  2.02) msec latency[RUN #1 12%,   3 secs] 20 threads:      560967 ops,       0 (avg:  155570) ops/sec, 0.00KB/sec (avg: 5.87MB/sec),  0.00 (avg:  2.02) msec latency[RUN #1 15%,   4 secs] 20 threads:      699523 ops,       0 (avg:  155242) ops/sec, 0.00KB/sec (avg: 5.86MB/sec),  0.00 (avg:  2.03) msec latency[RUN #1 18%,   5 secs] 20 threads:      839546 ops,       0 (avg:  155294) ops/sec, 0.00KB/sec (avg: 5.86MB/sec),  0.00 (avg:  2.03) msec latency[RUN #1 21%,   6 secs] 20 threads:      989268 ops,       0 (avg:  156870) ops/sec, 0.00KB/sec (avg: 5.92MB/sec),  0.00 (avg:  2.01) msec latency[RUN #1 24%,   7 secs] 20 threads:     1157221 ops,       0 (avg:  160582) ops/sec, 0.00KB/sec (avg: 6.06MB/sec),  0.00 (avg:  1.96) msec latency[RUN #1 27%,   8 secs] 20 threads:     1324575 ops,       0 (avg:  163395) ops/sec, 0.00KB/sec (avg: 6.16MB/sec),  0.00 (avg:  1.93) msec latency[RUN #1 30%,   9 secs] 20 threads:     1491064 ops,       0 (avg:  165551) ops/sec, 0.00KB/sec (avg: 6.24MB/sec),  0.00 (avg:  1.90) msec latency[RUN #1 33%,   9 secs] 20 threads:     1659431 ops,       0 (avg:  167504) ops/sec, 0.00KB/sec (avg: 6.32MB/sec),  0.00 (avg:  1.88) msec latency[RUN #1 36%,  10 secs] 20 threads:     1826698 ops,       0 (avg:  169030) ops/sec, 0.00KB/sec (avg: 6.37MB/sec),  0.00 (avg:  1.86) msec latency[RUN #1 39%,  11 secs] 20 threads:     1995664 ops,       0 (avg:  170467) ops/sec, 0.00KB/sec (avg: 6.43MB/sec),  0.00 (avg:  1.85) msec latency[RUN #1 42%,  12 secs] 20 threads:     2165739 ops,       0 (avg:  171786) ops/sec, 0.00KB/sec (avg: 6.48MB/sec),  0.00 (avg:  1.83) msec latency[RUN #1 45%,  13 secs] 20 threads:     2335511 ops,       0 (avg:  172907) ops/sec, 0.00KB/sec (avg: 6.52MB/sec),  0.00 (avg:  1.82) msec latency[RUN #1 48%,  14 secs] 20 threads:     2503500 ops,       0 (avg:  173765) ops/sec, 0.00KB/sec (avg: 6.55MB/sec),  0.00 (avg:  1.81) msec latency[RUN #1 51%,  15 secs] 20 threads:     2672566 ops,       0 (avg:  174591) ops/sec, 0.00KB/sec (avg: 6.58MB/sec),  0.00 (avg:  1.80) msec latency[RUN #1 54%,  16 secs] 20 threads:     2841410 ops,       0 (avg:  175313) ops/sec, 0.00KB/sec (avg: 6.61MB/sec),  0.00 (avg:  1.80) msec latency[RUN #1 57%,  17 secs] 20 threads:     3011305 ops,       0 (avg:  176019) ops/sec, 0.00KB/sec (avg: 6.64MB/sec),  0.00 (avg:  1.79) msec latency[RUN #1 60%,  18 secs] 20 threads:     3180275 ops,       0 (avg:  176604) ops/sec, 0.00KB/sec (avg: 6.66MB/sec),  0.00 (avg:  1.78) msec latency[RUN #1 63%,  18 secs] 20 threads:     3349190 ops,       0 (avg:  177130) ops/sec, 0.00KB/sec (avg: 6.68MB/sec),  0.00 (avg:  1.78) msec latency[RUN #1 66%,  19 secs] 20 threads:     3518187 ops,       0 (avg:  177613) ops/sec, 0.00KB/sec (avg: 6.70MB/sec),  0.00 (avg:  1.77) msec latency[RUN #1 69%,  20 secs] 20 threads:     3687905 ops,       0 (avg:  178088) ops/sec, 0.00KB/sec (avg: 6.72MB/sec),  0.00 (avg:  1.77) msec latency[RUN #1 72%,  21 secs] 20 threads:     3856206 ops,       0 (avg:  178458) ops/sec, 0.00KB/sec (avg: 6.73MB/sec),  0.00 (avg:  1.77) msec latency[RUN #1 75%,  22 secs] 20 threads:     4026778 ops,       0 (avg:  178900) ops/sec, 0.00KB/sec (avg: 6.75MB/sec),  0.00 (avg:  1.76) msec latency[RUN #1 78%,  23 secs] 20 threads:     4197656 ops,       0 (avg:  179320) ops/sec, 0.00KB/sec (avg: 6.76MB/sec),  0.00 (avg:  1.76) msec latency[RUN #1 81%,  24 secs] 20 threads:     4366193 ops,       0 (avg:  179614) ops/sec, 0.00KB/sec (avg: 6.77MB/sec),  0.00 (avg:  1.75) msec latency[RUN #1 84%,  25 secs] 20 threads:     4535358 ops,       0 (avg:  179911) ops/sec, 0.00KB/sec (avg: 6.78MB/sec),  0.00 (avg:  1.75) msec latency[RUN #1 87%,  26 secs] 20 threads:     4705369 ops,       0 (avg:  180220) ops/sec, 0.00KB/sec (avg: 6.80MB/sec),  0.00 (avg:  1.75) msec latency[RUN #1 90%,  27 secs]  3 threads:     4873294 ops,       0 (avg:  180487) ops/sec, 0.00KB/sec (avg: 6.81MB/sec),  0.00 (avg:  1.75) msec latency[RUN #1 90%,  27 secs]  2 threads:     4873298 ops,       0 (avg:  180404) ops/sec, 0.00KB/sec (avg: 6.80MB/sec),  0.00 (avg:  1.77) msec latency[RUN #1 90%,  27 secs]  2 threads:     4928956 ops,       0 (avg:  181823) ops/sec, 0.00KB/sec (avg: 6.86MB/sec),  0.00 (avg:  1.76) msec latency[RUN #1 91%,  27 secs]  2 threads:     4987214 ops,       0 (avg:  183296) ops/sec, 0.00KB/sec (avg: 6.91MB/sec),  0.00 (avg:  1.74) msec latency[RUN #1 91%,  27 secs]  2 threads:     5045485 ops,       0 (avg:  184759) ops/sec, 0.00KB/sec (avg: 6.97MB/sec),  0.00 (avg:  1.73) msec latency[RUN #1 91%,  27 secs]  2 threads:     5103535 ops,       0 (avg:  186202) ops/sec, 0.00KB/sec (avg: 7.02MB/sec),  0.00 (avg:  1.72) msec latency[RUN #1 92%,  27 secs]  2 threads:     5161874 ops,       0 (avg:  187646) ops/sec, 0.00KB/sec (avg: 7.08MB/sec),  0.00 (avg:  1.70) msec latency[RUN #1 92%,  27 secs]  2 threads:     5220565 ops,       0 (avg:  189092) ops/sec, 0.00KB/sec (avg: 7.13MB/sec),  0.00 (avg:  1.69) msec latency[RUN #1 92%,  27 secs]  2 threads:     5277619 ops,       0 (avg:  190469) ops/sec, 0.00KB/sec (avg: 7.18MB/sec),  0.00 (avg:  1.68) msec latency[RUN #1 93%,  27 secs]  2 threads:     5334977 ops,       0 (avg:  191846) ops/sec, 0.00KB/sec (avg: 7.23MB/sec),  0.00 (avg:  1.67) msec latency[RUN #1 93%,  27 secs]  2 threads:     5392637 ops,       0 (avg:  193225) ops/sec, 0.00KB/sec (avg: 7.29MB/sec),  0.00 (avg:  1.65) msec latency[RUN #1 93%,  28 secs]  2 threads:     5450392 ops,       0 (avg:  194597) ops/sec, 0.00KB/sec (avg: 7.34MB/sec),  0.00 (avg:  1.64) msec latency[RUN #1 94%,  28 secs]  2 threads:     5508352 ops,       0 (avg:  195966) ops/sec, 0.00KB/sec (avg: 7.39MB/sec),  0.00 (avg:  1.63) msec latency[RUN #1 94%,  28 secs]  2 threads:     5564314 ops,       0 (avg:  197256) ops/sec, 0.00KB/sec (avg: 7.44MB/sec),  0.00 (avg:  1.62) msec latency[RUN #1 94%,  28 secs]  2 threads:     5621367 ops,       0 (avg:  198574) ops/sec, 0.00KB/sec (avg: 7.49MB/sec),  0.00 (avg:  1.61) msec latency[RUN #1 95%,  28 secs]  2 threads:     5678681 ops,       0 (avg:  199892) ops/sec, 0.00KB/sec (avg: 7.54MB/sec),  0.00 (avg:  1.60) msec latency[RUN #1 95%,  28 secs]  2 threads:     5736831 ops,       0 (avg:  201231) ops/sec, 0.00KB/sec (avg: 7.59MB/sec),  0.00 (avg:  1.59) msec latency[RUN #1 95%,  28 secs]  2 threads:     5794715 ops,       0 (avg:  202551) ops/sec, 0.00KB/sec (avg: 7.64MB/sec),  0.00 (avg:  1.58) msec latency[RUN #1 96%,  28 secs]  2 threads:     5851890 ops,       0 (avg:  203837) ops/sec, 0.00KB/sec (avg: 7.69MB/sec),  0.00 (avg:  1.57) msec latency[RUN #1 96%,  28 secs]  2 threads:     5909176 ops,       0 (avg:  205117) ops/sec, 0.00KB/sec (avg: 7.74MB/sec),  0.00 (avg:  1.56) msec latency[RUN #1 96%,  28 secs]  2 threads:     5966382 ops,       0 (avg:  206387) ops/sec, 0.00KB/sec (avg: 7.78MB/sec),  0.00 (avg:  1.55) msec latency[RUN #1 97%,  29 secs]  2 threads:     6024455 ops,       0 (avg:  207677) ops/sec, 0.00KB/sec (avg: 7.83MB/sec),  0.00 (avg:  1.54) msec latency[RUN #1 97%,  29 secs]  2 threads:     6081297 ops,       0 (avg:  208916) ops/sec, 0.00KB/sec (avg: 7.88MB/sec),  0.00 (avg:  1.53) msec latency[RUN #1 97%,  29 secs]  2 threads:     6138964 ops,       0 (avg:  210175) ops/sec, 0.00KB/sec (avg: 7.93MB/sec),  0.00 (avg:  1.52) msec latency[RUN #1 98%,  29 secs]  2 threads:     6196587 ops,       0 (avg:  211424) ops/sec, 0.00KB/sec (avg: 7.97MB/sec),  0.00 (avg:  1.51) msec latency[RUN #1 98%,  29 secs]  2 threads:     6253741 ops,       0 (avg:  212648) ops/sec, 0.00KB/sec (avg: 8.02MB/sec),  0.00 (avg:  1.50) msec latency[RUN #1 98%,  29 secs]  2 threads:     6310918 ops,       0 (avg:  213865) ops/sec, 0.00KB/sec (avg: 8.07MB/sec),  0.00 (avg:  1.49) msec latency[RUN #1 99%,  29 secs]  2 threads:     6367944 ops,       0 (avg:  215069) ops/sec, 0.00KB/sec (avg: 8.11MB/sec),  0.00 (avg:  1.49) msec latency[RUN #1 99%,  29 secs]  2 threads:     6424980 ops,       0 (avg:  216265) ops/sec, 0.00KB/sec (avg: 8.16MB/sec),  0.00 (avg:  1.48) msec latency[RUN #1 99%,  29 secs]  2 threads:     6482525 ops,       0 (avg:  217470) ops/sec, 0.00KB/sec (avg: 8.20MB/sec),  0.00 (avg:  1.47) msec latency[RUN #1 100%,  29 secs]  2 threads:     6540347 ops,       0 (avg:  218676) ops/sec, 0.00KB/sec (avg: 8.25MB/sec),  0.00 (avg:  1.46) msec latency[RUN #1 100%,  30 secs]  2 threads:     6598498 ops,       0 (avg:  219885) ops/sec, 0.00KB/sec (avg: 8.29MB/sec),  0.00 (avg:  1.45) msec latency[RUN #1 100%,  30 secs]  0 threads:     6601778 ops,       0 (avg:  219962) ops/sec, 0.00KB/sec (avg: 8.30MB/sec),  0.00 (avg:  1.45) msec latency

20        Threads
16        Connections per thread
30        Seconds
Type        Ops/sec     Hits/sec   Misses/sec      Latency       KB/sec
------------------------------------------------------------------------
Sets       20009.94          ---          ---      1.64200      1483.25
Gets      200048.62    118943.98     81104.64      1.43200      7014.86
Totals    220058.56    118943.98     81104.64      1.45100      8498.11


Request Latency Distribution
Type     <= msec         Percent
------------------------------------------------------------------------
SET       1.000     80.19574
SET       2.000     92.76229
SET       3.000     94.22855
SET       4.000     98.72281
SET       5.000     98.83908
SET       6.000     99.06330
SET       7.000     99.88006
SET       8.000     99.99200
SET       9.000     99.99767
SET      11.000     99.99800
SET      19.000     99.99817
SET      20.000     99.99833
SET      22.000     99.99850
SET      23.000     99.99867
SET      24.000     99.99883
SET      26.000     99.99900
SET      27.000     99.99917
SET      29.000     99.99933
SET    31000.000    100.00000
---
GET       0.100      0.00002
GET       0.110      0.00013
GET       0.120      0.00032
GET       0.130      0.00060
GET       0.140      0.00153
GET       0.150      0.00313
GET       0.160      0.00583
GET       0.170      0.01110
GET       0.180      0.02154
GET       0.190      0.04176
GET       0.200      0.07820
GET       0.210      0.14670
GET       0.220      0.26790
GET       0.230      0.47837
GET       0.240      0.83188
GET       0.250      1.36695
GET       0.260      2.10373
GET       0.270      3.06974
GET       0.280      4.26003
GET       0.290      5.62072
GET       0.300      6.84328
GET       0.310      7.78936
GET       0.320      8.47711
GET       0.330      8.97351
GET       0.340      9.33758
GET       0.350      9.60950
GET       0.360      9.83026
GET       0.370     10.05566
GET       0.380     10.32794
GET       0.390     10.69058
GET       0.400     11.14999
GET       0.410     11.71430
GET       0.420     12.38323
GET       0.430     13.15024
GET       0.440     13.97291
GET       0.450     14.77941
GET       0.460     15.49673
GET       0.470     16.10840
GET       0.480     16.60583
GET       0.490     16.99651
GET       0.500     17.28799
GET       0.510     17.50410
GET       0.520     17.67964
GET       0.530     17.83006
GET       0.540     17.97579
GET       0.550     18.12425
GET       0.560     18.28316
GET       0.570     18.44619
GET       0.580     18.61262
GET       0.590     18.77534
GET       0.600     18.93620
GET       0.610     19.09908
GET       0.620     19.26869
GET       0.630     19.45669
GET       0.640     19.67147
GET       0.650     19.91578
GET       0.660     20.19411
GET       0.670     20.51395
GET       0.680     20.86828
GET       0.690     21.24670
GET       0.700     21.63867
GET       0.710     22.03127
GET       0.720     22.41668
GET       0.730     22.77999
GET       0.740     23.10339
GET       0.750     23.38121
GET       0.760     23.61920
GET       0.770     23.81670
GET       0.780     23.97848
GET       0.790     24.10655
GET       0.800     24.21040
GET       0.810     24.29696
GET       0.820     24.37191
GET       0.830     24.44586
GET       0.840     24.52041
GET       0.850     24.59744
GET       0.860     24.67972
GET       0.870     24.77440
GET       0.880     24.88297
GET       0.890     25.00786
GET       0.900     25.14734
GET       0.910     25.31181
GET       0.920     25.50270
GET       0.930     25.73363
GET       0.940     26.00046
GET       0.950     26.30649
GET       0.960     26.65747
GET       0.970     27.07996
GET       0.980     27.58984
GET       0.990     28.16893
GET       1.000     33.44448
GET       1.100     53.68396
GET       1.200     67.66317
GET       1.300     70.86343
GET       1.400     72.12657
GET       1.500     72.88195
GET       1.600     73.48097
GET       1.700     74.18164
GET       1.800     75.22677
GET       1.900     76.68936
GET       2.000     78.71203
GET       2.100     81.68629
GET       2.200     85.26618
GET       2.300     88.06211
GET       2.400     89.51113
GET       2.500     90.17682
GET       2.600     90.60546
GET       2.700     91.15346
GET       2.800     91.95670
GET       2.900     92.60949
GET       3.000     92.89095
GET       3.100     92.99166
GET       3.200     93.03863
GET       3.300     93.07626
GET       3.400     93.11246
GET       3.500     93.15694
GET       3.600     93.22489
GET       3.700     93.34611
GET       3.800     93.56680
GET       3.900     93.95466
GET       4.000     94.59421
GET       4.100     95.51652
GET       4.200     96.60177
GET       4.300     97.55855
GET       4.400     98.17187
GET       4.500     98.46295
GET       4.600     98.59388
GET       4.700     98.65856
GET       4.800     98.69572
GET       4.900     98.71950
GET       5.000     98.73663
GET       5.100     98.74743
GET       5.200     98.75731
GET       5.300     98.76794
GET       5.400     98.77988
GET       5.500     98.79770
GET       5.600     98.81627
GET       5.700     98.83104
GET       5.800     98.83927
GET       5.900     98.84353
GET       6.000     98.84638
GET       6.100     98.84900
GET       6.200     98.85173
GET       6.300     98.85540
GET       6.400     98.86063
GET       6.500     98.87068
GET       6.600     98.88621
GET       6.700     98.91298
GET       6.800     98.95676
GET       6.900     99.02674
GET       7.000     99.11748
GET       7.100     99.22148
GET       7.200     99.32972
GET       7.300     99.44200
GET       7.400     99.54518
GET       7.500     99.63731
GET       7.600     99.71677
GET       7.700     99.77962
GET       7.800     99.82913
GET       7.900     99.86877
GET       8.000     99.90001
GET       8.100     99.92647
GET       8.200     99.94728
GET       8.300     99.96403
GET       8.400     99.97679
GET       8.500     99.98575
GET       8.600     99.99080
GET       8.700     99.99415
GET       8.800     99.99645
GET       8.900     99.99785
GET       9.000     99.99862
GET       9.100     99.99898
GET       9.200     99.99922
GET       9.300     99.99948
GET       9.400     99.99957
GET       9.500     99.99965
GET       9.600     99.99975
GET       9.700     99.99980
GET       9.800     99.99982
GET      10.000     99.99985
GET      11.000     99.99987
GET      12.000    100.00000
