[RUN #1] Preparing benchmark client...
[RUN #1] Launching threads now...
[RUN #1 0%,   0 secs] 20 threads:           0 ops,       0 (avg:       0) ops/sec, 0.00KB/sec (avg: 0.00KB/sec),  0.00 (avg:  0.00) msec latency[RUN #1 0%,   0 secs] 20 threads:           0 ops,       0 (avg:       0) ops/sec, 0.00KB/sec (avg: 0.00KB/sec),  0.00 (avg:  0.00) msec latency[RUN #1 0%,   0 secs] 20 threads:           0 ops,       0 (avg:       0) ops/sec, 0.00KB/sec (avg: 0.00KB/sec),  0.00 (avg:  0.00) msec latency[RUN #1 0%,   0 secs] 20 threads:           0 ops,       0 (avg:       0) ops/sec, 0.00KB/sec (avg: 0.00KB/sec),  0.00 (avg:  0.00) msec latency[RUN #1 0%,   0 secs] 20 threads:           0 ops,       0 (avg:       0) ops/sec, 0.00KB/sec (avg: 0.00KB/sec),  0.00 (avg:  0.00) msec latency[RUN #1 0%,   0 secs] 20 threads:           0 ops,       0 (avg:       0) ops/sec, 0.00KB/sec (avg: 0.00KB/sec),  0.00 (avg:  0.00) msec latency[RUN #1 0%,   0 secs] 20 threads:           0 ops,       0 (avg:       0) ops/sec, 0.00KB/sec (avg: 0.00KB/sec),  0.00 (avg:  0.00) msec latency[RUN #1 0%,   0 secs] 20 threads:           0 ops,       0 (avg:       0) ops/sec, 0.00KB/sec (avg: 0.00KB/sec),  0.00 (avg:  0.00) msec latency[RUN #1 0%,   0 secs] 20 threads:           0 ops,       0 (avg:       0) ops/sec, 0.00KB/sec (avg: 0.00KB/sec),  0.00 (avg:  0.00) msec latency[RUN #1 0%,   0 secs] 20 threads:           0 ops,       0 (avg:       0) ops/sec, 0.00KB/sec (avg: 0.00KB/sec),  0.00 (avg:  0.00) msec latency[RUN #1 1%,   0 secs] 20 threads:           0 ops,       0 (avg:       0) ops/sec, 0.00KB/sec (avg: 0.00KB/sec),  0.00 (avg:  0.00) msec latency[RUN #1 1%,   0 secs] 20 threads:           0 ops,       0 (avg:       0) ops/sec, 0.00KB/sec (avg: 0.00KB/sec),  0.00 (avg:  0.00) msec latency[RUN #1 1%,   0 secs] 20 threads:           0 ops,       0 (avg:       0) ops/sec, 0.00KB/sec (avg: 0.00KB/sec),  0.00 (avg:  0.00) msec latency[RUN #1 1%,   0 secs] 20 threads:           0 ops,       0 (avg:       0) ops/sec, 0.00KB/sec (avg: 0.00KB/sec),  0.00 (avg:  0.00) msec latency[RUN #1 1%,   0 secs] 20 threads:           0 ops,       0 (avg:       0) ops/sec, 0.00KB/sec (avg: 0.00KB/sec),  0.00 (avg:  0.00) msec latency[RUN #1 1%,   0 secs] 20 threads:           0 ops,       0 (avg:       0) ops/sec, 0.00KB/sec (avg: 0.00KB/sec),  0.00 (avg:  0.00) msec latency[RUN #1 1%,   0 secs] 20 threads:           0 ops,       0 (avg:       0) ops/sec, 0.00KB/sec (avg: 0.00KB/sec),  0.00 (avg:  0.00) msec latency[RUN #1 1%,   0 secs] 20 threads:           0 ops,       0 (avg:       0) ops/sec, 0.00KB/sec (avg: 0.00KB/sec),  0.00 (avg:  0.00) msec latency[RUN #1 1%,   0 secs] 20 threads:           0 ops,       0 (avg:       0) ops/sec, 0.00KB/sec (avg: 0.00KB/sec),  0.00 (avg:  0.00) msec latency[RUN #1 1%,   0 secs] 20 threads:           0 ops,       0 (avg:       0) ops/sec, 0.00KB/sec (avg: 0.00KB/sec),  0.00 (avg:  0.00) msec latency[RUN #1 1%,   0 secs] 20 threads:           0 ops,       0 (avg:       0) ops/sec, 0.00KB/sec (avg: 0.00KB/sec),  0.00 (avg:  0.00) msec latency[RUN #1 1%,   0 secs] 20 threads:           0 ops,       0 (avg:       0) ops/sec, 0.00KB/sec (avg: 0.00KB/sec),  0.00 (avg:  0.00) msec latency[RUN #1 1%,   0 secs] 20 threads:           0 ops,       0 (avg:       0) ops/sec, 0.00KB/sec (avg: 0.00KB/sec),  0.00 (avg:  0.00) msec latency[RUN #1 1%,   0 secs] 20 threads:           0 ops,       0 (avg:       0) ops/sec, 0.00KB/sec (avg: 0.00KB/sec),  0.00 (avg:  0.00) msec latency[RUN #1 1%,   0 secs] 20 threads:           0 ops,       0 (avg:       0) ops/sec, 0.00KB/sec (avg: 0.00KB/sec),  0.00 (avg:  0.00) msec latency[RUN #1 2%,   0 secs] 20 threads:           0 ops,       0 (avg:       0) ops/sec, 0.00KB/sec (avg: 0.00KB/sec),  0.00 (avg:  0.00) msec latency[RUN #1 2%,   0 secs] 20 threads:           0 ops,       0 (avg:       0) ops/sec, 0.00KB/sec (avg: 0.00KB/sec),  0.00 (avg:  0.00) msec latency[RUN #1 2%,   0 secs] 20 threads:           0 ops,       0 (avg:       0) ops/sec, 0.00KB/sec (avg: 0.00KB/sec),  0.00 (avg:  0.00) msec latency[RUN #1 2%,   0 secs] 20 threads:           0 ops,       0 (avg:       0) ops/sec, 0.00KB/sec (avg: 0.00KB/sec),  0.00 (avg:  0.00) msec latency[RUN #1 2%,   0 secs] 20 threads:           0 ops,       0 (avg:       0) ops/sec, 0.00KB/sec (avg: 0.00KB/sec),  0.00 (avg:  0.00) msec latency[RUN #1 2%,   0 secs] 20 threads:        4076 ops,       0 (avg:       0) ops/sec, 0.00KB/sec (avg: 0.00KB/sec),  0.00 (avg:  0.00) msec latency[RUN #1 2%,   0 secs] 20 threads:       74380 ops,       0 (avg:       0) ops/sec, 0.00KB/sec (avg: 0.00KB/sec),  0.00 (avg:  0.00) msec latency[RUN #1 3%,   0 secs] 20 threads:      142648 ops,       0 (avg:       0) ops/sec, 0.00KB/sec (avg: 0.00KB/sec),  0.00 (avg:  0.00) msec latency[RUN #1 3%,   1 secs] 20 threads:      211665 ops,       0 (avg:  203714) ops/sec, 0.00KB/sec (avg: 7.68MB/sec),  0.00 (avg:  0.59) msec latency[RUN #1 4%,   1 secs] 20 threads:      281058 ops,       0 (avg:  235136) ops/sec, 0.00KB/sec (avg: 8.87MB/sec),  0.00 (avg:  0.59) msec latency[RUN #1 5%,   1 secs] 20 threads:      350193 ops,       0 (avg:  259101) ops/sec, 0.00KB/sec (avg: 9.77MB/sec),  0.00 (avg:  0.59) msec latency[RUN #1 5%,   1 secs] 20 threads:      418368 ops,       0 (avg:  277461) ops/sec, 0.00KB/sec (avg: 10.46MB/sec),  0.00 (avg:  0.59) msec latency[RUN #1 6%,   1 secs] 20 threads:      486820 ops,       0 (avg:  292540) ops/sec, 0.00KB/sec (avg: 11.03MB/sec),  0.00 (avg:  0.59) msec latency[RUN #1 6%,   1 secs] 20 threads:      554373 ops,       0 (avg:  304536) ops/sec, 0.00KB/sec (avg: 11.48MB/sec),  0.00 (avg:  0.59) msec latency[RUN #1 7%,   1 secs] 20 threads:      621778 ops,       0 (avg:  314561) ops/sec, 0.00KB/sec (avg: 11.86MB/sec),  0.00 (avg:  0.59) msec latency[RUN #1 7%,   2 secs] 20 threads:      688073 ops,       0 (avg:  322596) ops/sec, 0.00KB/sec (avg: 12.17MB/sec),  0.00 (avg:  0.60) msec latency[RUN #1 8%,   2 secs] 20 threads:      753555 ops,       0 (avg:  329178) ops/sec, 0.00KB/sec (avg: 12.41MB/sec),  0.00 (avg:  0.60) msec latency[RUN #1 8%,   2 secs] 20 threads:      822524 ops,       0 (avg:  336346) ops/sec, 0.00KB/sec (avg: 12.68MB/sec),  0.00 (avg:  0.60) msec latency[RUN #1 9%,   2 secs] 20 threads:      890714 ops,       0 (avg:  342353) ops/sec, 0.00KB/sec (avg: 12.91MB/sec),  0.00 (avg:  0.60) msec latency[RUN #1 9%,   2 secs] 20 threads:      959404 ops,       0 (avg:  347860) ops/sec, 0.00KB/sec (avg: 13.12MB/sec),  0.00 (avg:  0.60) msec latency[RUN #1 10%,   2 secs] 20 threads:     1027445 ops,       0 (avg:  352555) ops/sec, 0.00KB/sec (avg: 13.30MB/sec),  0.00 (avg:  0.60) msec latency[RUN #1 10%,   3 secs] 20 threads:     1095467 ops,       0 (avg:  356765) ops/sec, 0.00KB/sec (avg: 13.45MB/sec),  0.00 (avg:  0.60) msec latency[RUN #1 11%,   3 secs] 20 threads:     1162348 ops,       0 (avg:  360214) ops/sec, 0.00KB/sec (avg: 13.58MB/sec),  0.00 (avg:  0.60) msec latency[RUN #1 11%,   3 secs] 20 threads:     1229395 ops,       0 (avg:  363393) ops/sec, 0.00KB/sec (avg: 13.70MB/sec),  0.00 (avg:  0.60) msec latency[RUN #1 12%,   3 secs] 20 threads:     1298582 ops,       0 (avg:  366896) ops/sec, 0.00KB/sec (avg: 13.84MB/sec),  0.00 (avg:  0.60) msec latency[RUN #1 12%,   3 secs] 20 threads:     1367157 ops,       0 (avg:  369937) ops/sec, 0.00KB/sec (avg: 13.95MB/sec),  0.00 (avg:  0.60) msec latency[RUN #1 13%,   3 secs] 20 threads:     1435749 ops,       0 (avg:  372736) ops/sec, 0.00KB/sec (avg: 14.06MB/sec),  0.00 (avg:  0.60) msec latency[RUN #1 13%,   4 secs] 20 threads:     1503680 ops,       0 (avg:  375151) ops/sec, 0.00KB/sec (avg: 14.15MB/sec),  0.00 (avg:  0.60) msec latency[RUN #1 14%,   4 secs] 20 threads:     1570972 ops,       0 (avg:  377233) ops/sec, 0.00KB/sec (avg: 14.23MB/sec),  0.00 (avg:  0.60) msec latency[RUN #1 14%,   4 secs] 20 threads:     1640892 ops,       0 (avg:  379771) ops/sec, 0.00KB/sec (avg: 14.32MB/sec),  0.00 (avg:  0.60) msec latency[RUN #1 15%,   4 secs] 20 threads:     1709450 ops,       0 (avg:  381828) ops/sec, 0.00KB/sec (avg: 14.40MB/sec),  0.00 (avg:  0.60) msec latency[RUN #1 15%,   4 secs] 20 threads:     1778880 ops,       0 (avg:  383935) ops/sec, 0.00KB/sec (avg: 14.48MB/sec),  0.00 (avg:  0.60) msec latency[RUN #1 16%,   4 secs] 20 threads:     1848083 ops,       0 (avg:  385857) ops/sec, 0.00KB/sec (avg: 14.55MB/sec),  0.00 (avg:  0.60) msec latency[RUN #1 16%,   4 secs] 20 threads:     1918687 ops,       0 (avg:  387941) ops/sec, 0.00KB/sec (avg: 14.63MB/sec),  0.00 (avg:  0.60) msec latency[RUN #1 17%,   5 secs] 20 threads:     1986270 ops,       0 (avg:  389305) ops/sec, 0.00KB/sec (avg: 14.68MB/sec),  0.00 (avg:  0.60) msec latency[RUN #1 18%,   5 secs] 18 threads:     2049530 ops,       0 (avg:  390259) ops/sec, 0.00KB/sec (avg: 14.72MB/sec),  0.00 (avg:  0.60) msec latency[RUN #1 18%,   5 secs] 18 threads:     2049530 ops,       0 (avg:  388180) ops/sec, 0.00KB/sec (avg: 14.64MB/sec),  0.00 (avg:  0.60) msec latency[RUN #1 18%,   5 secs] 18 threads:     2049530 ops,       0 (avg:  386122) ops/sec, 0.00KB/sec (avg: 14.56MB/sec),  0.00 (avg:  0.60) msec latency[RUN #1 18%,   5 secs] 18 threads:     2180498 ops,       0 (avg:  394472) ops/sec, 0.00KB/sec (avg: 14.88MB/sec),  0.00 (avg:  0.59) msec latency[RUN #1 19%,   5 secs] 18 threads:     2309374 ops,       0 (avg:  401662) ops/sec, 0.00KB/sec (avg: 15.15MB/sec),  0.00 (avg:  0.58) msec latency[RUN #1 20%,   5 secs] 18 threads:     2439032 ops,       0 (avg:  408449) ops/sec, 0.00KB/sec (avg: 15.40MB/sec),  0.00 (avg:  0.58) msec latency[RUN #1 21%,   6 secs] 18 threads:     2568873 ops,       0 (avg:  414779) ops/sec, 0.00KB/sec (avg: 15.64MB/sec),  0.00 (avg:  0.57) msec latency[RUN #1 21%,   6 secs] 18 threads:     2697900 ops,       0 (avg:  420544) ops/sec, 0.00KB/sec (avg: 15.86MB/sec),  0.00 (avg:  0.57) msec latency[RUN #1 22%,   6 secs] 18 threads:     2827073 ops,       0 (avg:  425945) ops/sec, 0.00KB/sec (avg: 16.06MB/sec),  0.00 (avg:  0.56) msec latency[RUN #1 23%,   6 secs] 18 threads:     2955648 ops,       0 (avg:  430910) ops/sec, 0.00KB/sec (avg: 16.25MB/sec),  0.00 (avg:  0.56) msec latency[RUN #1 24%,   7 secs] 18 threads:     3085013 ops,       0 (avg:  435675) ops/sec, 0.00KB/sec (avg: 16.43MB/sec),  0.00 (avg:  0.56) msec latency[RUN #1 24%,   7 secs] 18 threads:     3214173 ops,       0 (avg:  440123) ops/sec, 0.00KB/sec (avg: 16.60MB/sec),  0.00 (avg:  0.55) msec latency[RUN #1 25%,   7 secs] 18 threads:     3342466 ops,       0 (avg:  444193) ops/sec, 0.00KB/sec (avg: 16.75MB/sec),  0.00 (avg:  0.55) msec latency[RUN #1 26%,   7 secs] 18 threads:     3472071 ops,       0 (avg:  448199) ops/sec, 0.00KB/sec (avg: 16.90MB/sec),  0.00 (avg:  0.55) msec latency[RUN #1 27%,   7 secs] 18 threads:     3599656 ops,       0 (avg:  451729) ops/sec, 0.00KB/sec (avg: 17.04MB/sec),  0.00 (avg:  0.55) msec latency[RUN #1 27%,   8 secs] 18 threads:     3727696 ops,       0 (avg:  455123) ops/sec, 0.00KB/sec (avg: 17.16MB/sec),  0.00 (avg:  0.54) msec latency[RUN #1 28%,   8 secs] 18 threads:     3856497 ops,       0 (avg:  458746) ops/sec, 0.00KB/sec (avg: 17.30MB/sec),  0.00 (avg:  0.56) msec latency[RUN #1 29%,   8 secs] 18 threads:     3985503 ops,       0 (avg:  462234) ops/sec, 0.00KB/sec (avg: 17.43MB/sec),  0.00 (avg:  0.56) msec latency[RUN #1 29%,   8 secs] 18 threads:     4113682 ops,       0 (avg:  465458) ops/sec, 0.00KB/sec (avg: 17.55MB/sec),  0.00 (avg:  0.56) msec latency[RUN #1 30%,   9 secs] 18 threads:     4242693 ops,       0 (avg:  468621) ops/sec, 0.00KB/sec (avg: 17.67MB/sec),  0.00 (avg:  0.56) msec latency[RUN #1 31%,   9 secs] 18 threads:     4368784 ops,       0 (avg:  471321) ops/sec, 0.00KB/sec (avg: 17.77MB/sec),  0.00 (avg:  0.55) msec latency[RUN #1 32%,   9 secs] 18 threads:     4494404 ops,       0 (avg:  473849) ops/sec, 0.00KB/sec (avg: 17.87MB/sec),  0.00 (avg:  0.55) msec latency[RUN #1 32%,   9 secs] 18 threads:     4620994 ops,       0 (avg:  476364) ops/sec, 0.00KB/sec (avg: 17.96MB/sec),  0.00 (avg:  0.55) msec latency[RUN #1 33%,   9 secs] 18 threads:     4747717 ops,       0 (avg:  478782) ops/sec, 0.00KB/sec (avg: 18.06MB/sec),  0.00 (avg:  0.55) msec latency[RUN #1 34%,  10 secs] 18 threads:     4874133 ops,       0 (avg:  481069) ops/sec, 0.00KB/sec (avg: 18.14MB/sec),  0.00 (avg:  0.55) msec latency[RUN #1 34%,  10 secs] 18 threads:     5000741 ops,       0 (avg:  483278) ops/sec, 0.00KB/sec (avg: 18.23MB/sec),  0.00 (avg:  0.55) msec latency[RUN #1 35%,  10 secs] 18 threads:     5127152 ops,       0 (avg:  485379) ops/sec, 0.00KB/sec (avg: 18.30MB/sec),  0.00 (avg:  0.54) msec latency[RUN #1 36%,  10 secs] 18 threads:     5252958 ops,       0 (avg:  487339) ops/sec, 0.00KB/sec (avg: 18.38MB/sec),  0.00 (avg:  0.54) msec latency[RUN #1 37%,  10 secs] 18 threads:     5380602 ops,       0 (avg:  489390) ops/sec, 0.00KB/sec (avg: 18.46MB/sec),  0.00 (avg:  0.54) msec latency[RUN #1 37%,  11 secs] 18 threads:     5508301 ops,       0 (avg:  491367) ops/sec, 0.00KB/sec (avg: 18.53MB/sec),  0.00 (avg:  0.54) msec latency[RUN #1 38%,  11 secs] 18 threads:     5636706 ops,       0 (avg:  493331) ops/sec, 0.00KB/sec (avg: 18.60MB/sec),  0.00 (avg:  0.54) msec latency[RUN #1 39%,  11 secs] 18 threads:     5763218 ops,       0 (avg:  495059) ops/sec, 0.00KB/sec (avg: 18.67MB/sec),  0.00 (avg:  0.54) msec latency[RUN #1 40%,  11 secs] 18 threads:     5889647 ops,       0 (avg:  496718) ops/sec, 0.00KB/sec (avg: 18.73MB/sec),  0.00 (avg:  0.54) msec latency[RUN #1 40%,  11 secs] 14 threads:     5890615 ops,       0 (avg:  495825) ops/sec, 0.00KB/sec (avg: 18.70MB/sec),  0.00 (avg:  0.54) msec latencyread error: Connection reset by peer
[RUN #1 40%,  11 secs] 14 threads:     5890615 ops,       0 (avg:  494913) ops/sec, 0.00KB/sec (avg: 18.66MB/sec),  0.00 (avg:  0.54) msec latency[RUN #1 40%,  11 secs] 14 threads:     5890615 ops,       0 (avg:  494005) ops/sec, 0.00KB/sec (avg: 18.63MB/sec),  0.00 (avg:  0.54) msec latencyread error: Connection reset by peer
read error: Connection reset by peer
[RUN #1 40%,  11 secs] 14 threads:     5890615 ops,       0 (avg:  493100) ops/sec, 0.00KB/sec (avg: 18.60MB/sec),  0.00 (avg:  0.54) msec latency[RUN #1 40%,  11 secs] 14 threads:     5890615 ops,       0 (avg:  492199) ops/sec, 0.00KB/sec (avg: 18.56MB/sec),  0.00 (avg:  0.54) msec latency[RUN #1 40%,  11 secs] 14 threads:     5890615 ops,       0 (avg:  491301) ops/sec, 0.00KB/sec (avg: 18.53MB/sec),  0.00 (avg:  0.54) msec latency[RUN #1 40%,  12 secs] 14 threads:     5890615 ops,       0 (avg:  490406) ops/sec, 0.00KB/sec (avg: 18.49MB/sec),  0.00 (avg:  0.54) msec latency[RUN #1 40%,  12 secs] 14 threads:     5890615 ops,       0 (avg:  489514) ops/sec, 0.00KB/sec (avg: 18.46MB/sec),  0.00 (avg:  0.54) msec latency[RUN #1 40%,  12 secs] 14 threads:     5890615 ops,       0 (avg:  488626) ops/sec, 0.00KB/sec (avg: 18.43MB/sec),  0.00 (avg:  0.54) msec latency[RUN #1 40%,  12 secs] 14 threads:     5890615 ops,       0 (avg:  487741) ops/sec, 0.00KB/sec (avg: 18.39MB/sec),  0.00 (avg:  0.54) msec latency[RUN #1 40%,  12 secs] 14 threads:     5890615 ops,       0 (avg:  486859) ops/sec, 0.00KB/sec (avg: 18.36MB/sec),  0.00 (avg:  0.54) msec latencyread error: Connection reset by peer
read error: Connection reset by peer
[RUN #1 40%,  12 secs] 14 threads:     5890615 ops,       0 (avg:  485980) ops/sec, 0.00KB/sec (avg: 18.33MB/sec),  0.00 (avg:  0.54) msec latency[RUN #1 40%,  12 secs] 14 threads:     5890615 ops,       0 (avg:  485104) ops/sec, 0.00KB/sec (avg: 18.29MB/sec),  0.00 (avg:  0.54) msec latency[RUN #1 41%,  12 secs] 14 threads:     5890615 ops,       0 (avg:  484232) ops/sec, 0.00KB/sec (avg: 18.26MB/sec),  0.00 (avg:  0.54) msec latency[RUN #1 41%,  12 secs] 14 threads:     5890615 ops,       0 (avg:  483363) ops/sec, 0.00KB/sec (avg: 18.23MB/sec),  0.00 (avg:  0.54) msec latencyread error: Connection reset by peer
read error: Connection reset by peer
[RUN #1 41%,  12 secs] 13 threads:     5890615 ops,       0 (avg:  482496) ops/sec, 0.00KB/sec (avg: 18.20MB/sec),  0.00 (avg:  0.54) msec latency[RUN #1 41%,  12 secs] 13 threads:     5890615 ops,       0 (avg:  481633) ops/sec, 0.00KB/sec (avg: 18.16MB/sec),  0.00 (avg:  0.54) msec latency[RUN #1 41%,  12 secs] 13 threads:     5890615 ops,       0 (avg:  480773) ops/sec, 0.00KB/sec (avg: 18.13MB/sec),  0.00 (avg:  0.54) msec latency[RUN #1 41%,  12 secs] 13 threads:     5890615 ops,       0 (avg:  479916) ops/sec, 0.00KB/sec (avg: 18.10MB/sec),  0.00 (avg:  0.54) msec latency[RUN #1 41%,  12 secs] 13 threads:     5890615 ops,       0 (avg:  479062) ops/sec, 0.00KB/sec (avg: 18.07MB/sec),  0.00 (avg:  0.54) msec latency[RUN #1 41%,  12 secs] 13 threads:     5890615 ops,       0 (avg:  478212) ops/sec, 0.00KB/sec (avg: 18.03MB/sec),  0.00 (avg:  0.54) msec latency[RUN #1 41%,  12 secs] 13 threads:     5890615 ops,       0 (avg:  477364) ops/sec, 0.00KB/sec (avg: 18.00MB/sec),  0.00 (avg:  0.54) msec latency[RUN #1 41%,  12 secs] 13 threads:     5890615 ops,       0 (avg:  476519) ops/sec, 0.00KB/sec (avg: 17.97MB/sec),  0.00 (avg:  0.54) msec latency[RUN #1 41%,  12 secs] 13 threads:     5890615 ops,       0 (avg:  475677) ops/sec, 0.00KB/sec (avg: 17.94MB/sec),  0.00 (avg:  0.54) msec latency[RUN #1 41%,  12 secs] 13 threads:     5890615 ops,       0 (avg:  474838) ops/sec, 0.00KB/sec (avg: 17.91MB/sec),  0.00 (avg:  0.54) msec latency[RUN #1 41%,  12 secs] 13 threads:     5890615 ops,       0 (avg:  474002) ops/sec, 0.00KB/sec (avg: 17.88MB/sec),  0.00 (avg:  0.54) msec latency[RUN #1 41%,  12 secs] 13 threads:     5890615 ops,       0 (avg:  473169) ops/sec, 0.00KB/sec (avg: 17.84MB/sec),  0.00 (avg:  0.54) msec latency[RUN #1 42%,  12 secs] 13 threads:     5890615 ops,       0 (avg:  472339) ops/sec, 0.00KB/sec (avg: 17.81MB/sec),  0.00 (avg:  0.54) msec latency[RUN #1 42%,  12 secs] 13 threads:     5890615 ops,       0 (avg:  471512) ops/sec, 0.00KB/sec (avg: 17.78MB/sec),  0.00 (avg:  0.54) msec latency[RUN #1 42%,  12 secs] 13 threads:     5890615 ops,       0 (avg:  470688) ops/sec, 0.00KB/sec (avg: 17.75MB/sec),  0.00 (avg:  0.54) msec latency[RUN #1 42%,  12 secs] 13 threads:     5890615 ops,       0 (avg:  469866) ops/sec, 0.00KB/sec (avg: 17.72MB/sec),  0.00 (avg:  0.54) msec latency[RUN #1 42%,  12 secs] 13 threads:     5890615 ops,       0 (avg:  469048) ops/sec, 0.00KB/sec (avg: 17.69MB/sec),  0.00 (avg:  0.54) msec latency[RUN #1 42%,  12 secs] 13 threads:     5890615 ops,       0 (avg:  468232) ops/sec, 0.00KB/sec (avg: 17.66MB/sec),  0.00 (avg:  0.54) msec latency[RUN #1 42%,  12 secs] 13 threads:     5890615 ops,       0 (avg:  467419) ops/sec, 0.00KB/sec (avg: 17.63MB/sec),  0.00 (avg:  0.54) msec latencyconnect: connection failed: Connection timed out
connect: connection failed: Connection timed out
connect: connection failed: Connection timed out
connect: connection failed: Connection timed out
connect: connection failed: Connection timed out
connect: connection failed: Connection timed out
connect: connection failed: Connection timed out
connect: connection failed: Connection timed out
connect: connection failed: Connection timed out
connect: connection failed: Connection timed out
connect: connection failed: Connection timed out
connect: connection failed: Connection timed out
connect: connection failed: Connection timed out
connect: connection failed: Connection timed out
connect: connection failed: Connection timed out
connect: connection failed: Connection timed out
connect: connection failed: Connection timed out
connect: connection failed: Connection timed out
connect: connection failed: Connection timed out
connect: connection failed: Connection timed out
connect: connection failed: Connection timed out
connect: connection failed: Connection timed out
connect: connection failed: Connection timed out
connect: connection failed: Connection timed out
connect: connection failed: Connection timed out
connect: connection failed: Connection timed out
connect: connection failed: Connection timed out
connect: connection failed: Connection timed out
connect: connection failed: Connection timed out
connect: connection failed: Connection timed out
connect: connection failed: Connection timed out
connect: connection failed: Connection timed out
connect: connection failed: Connection timed out
connect: connection failed: Connection timed out
connect: connection failed: Connection timed out
connect: connection failed: Connection timed out
connect: connection failed: Connection timed out
connect: connection failed: Connection timed out
connect: connection failed: Connection timed out
connect: connection failed: Connection timed out
connect: connection failed: Connection timed out
connect: connection failed: Connection timed out
connect: connection failed: Connection timed out
connect: connection failed: Connection timed out
connect: connection failed: Connection timed out
connect: connection failed: Connection timed out
connect: connection failed: Connection timed out
connect: connection failed: Connection timed out
connect: connection failed: Connection timed out
connect: connection failed: Connection timed out
connect: connection failed: Connection timed out
connect: connection failed: Connection timed out
connect: connection failed: Connection timed out
connect: connection failed: Connection timed out
connect: connection failed: Connection timed out
connect: connection failed: Connection timed out
connect: connection failed: Connection timed out
connect: connection failed: Connection timed out
connect: connection failed: Connection timed out
connect: connection failed: Connection timed out
connect: connection failed: Connection timed out
connect: connection failed: Connection timed out
connect: connection failed: Connection timed out
connect: connection failed: Connection timed out
connect: connection failed: Connection timed out
connect: connection failed: Connection timed out
connect: connection failed: Connection timed out
connect: connection failed: Connection timed out
connect: connection failed: Connection timed out
connect: connection failed: Connection timed out
connect: connection failed: Connection timed out
connect: connection failed: Connection timed out
connect: connection failed: Connection timed out
connect: connection failed: Connection timed out
connect: connection failed: Connection timed out
connect: connection failed: Connection timed out
connect: connection failed: Connection timed out
connect: connection failed: Connection timed out
connect: connection failed: Connection timed out
connect: connection failed: Connection timed out
connect: connection failed: Connection timed out
connect: connection failed: Connection timed out
connect: connection failed: Connection timed out
connect: connection failed: Connection timed out
connect: connection failed: Connection timed out
connect: connection failed: Connection timed out
connect: connection failed: Connection timed out
connect: connection failed: Connection timed out
connect: connection failed: Connection timed out
connect: connection failed: Connection timed out
connect: connection failed: Connection timed out
connect: connection failed: Connection timed out
connect: connection failed: Connection timed out
connect: connection failed: Connection timed out
connect: connection failed: Connection timed out
connect: connection failed: Connection timed out
connect: connection failed: Connection timed out
connect: connection failed: Connection timed out
connect: connection failed: Connection timed out
connect: connection failed: Connection timed out
connect: connection failed: Connection timed out
connect: connection failed: Connection timed out
connect: connection failed: Connection timed out
connect: connection failed: Connection timed out
connect: connection failed: Connection timed out
connect: connection failed: Connection timed out
connect: connection failed: Connection timed out
connect: connection failed: Connection timed out
connect: connection failed: Connection timed out
connect: connection failed: Connection timed out
connect: connection failed: Connection timed out
connect: connection failed: Connection timed out
connect: connection failed: Connection timed out
connect: connection failed: Connection timed out
connect: connection failed: Connection timed out
connect: connection failed: Connection timed out
connect: connection failed: Connection timed out
connect: connection failed: Connection timed out
connect: connection failed: Connection timed out
connect: connection failed: Connection timed out
connect: connection failed: Connection timed out
connect: connection failed: Connection timed out
connect: connection failed: Connection timed out
connect: connection failed: Connection timed out
connect: connection failed: Connection timed out
connect: connection failed: Connection timed out
connect: connection failed: Connection timed out
connect: connection failed: Connection timed out
connect: connection failed: Connection timed out
connect: connection failed: Connection timed out
connect: connection failed: Connection timed out
connect: connection failed: Connection timed out
connect: connection failed: Connection timed out
connect: connection failed: Connection timed out
connect: connection failed: Connection timed out
connect: connection failed: Connection timed out
connect: connection failed: Connection timed out
connect: connection failed: Connection timed out
connect: connection failed: Connection timed out
connect: connection failed: Connection timed out
connect: connection failed: Connection timed out
connect: connection failed: Connection timed out
connect: connection failed: Connection timed out
connect: connection failed: Connection timed out
connect: connection failed: Connection timed out
connect: connection failed: Connection timed out
connect: connection failed: Connection timed out
connect: connection failed: Connection timed out
connect: connection failed: Connection timed out
connect: connection failed: Connection timed out
connect: connection failed: Connection timed out
connect: connection failed: Connection timed out
connect: connection failed: Connection timed out
connect: connection failed: Connection timed out
connect: connection failed: Connection timed out
connect: connection failed: Connection timed out
connect: connection failed: Connection timed out
connect: connection failed: Connection timed out
connect: connection failed: Connection timed out
connect: connection failed: Connection timed out
connect: connection failed: Connection timed out
connect: connection failed: Connection timed out
connect: connection failed: Connection timed out
connect: connection failed: Connection timed out
connect: connection failed: Connection timed out
connect: connection failed: Connection timed out
connect: connection failed: Connection timed out
connect: connection failed: Connection timed out
connect: connection failed: Connection timed out
connect: connection failed: Connection timed out
connect: connection failed: Connection timed out
connect: connection failed: Connection timed out
connect: connection failed: Connection timed out
connect: connection failed: Connection timed out
connect: connection failed: Connection timed out
connect: connection failed: Connection timed out
connect: connection failed: Connection timed out
connect: connection failed: Connection timed out
connect: connection failed: Connection timed out
connect: connection failed: Connection timed out
connect: connection failed: Connection timed out
connect: connection failed: Connection timed out
connect: connection failed: Connection timed out
connect: connection failed: Connection timed out
connect: connection failed: Connection timed out
connect: connection failed: Connection timed out
connect: connection failed: Connection timed out
connect: connection failed: Connection timed out
connect: connection failed: Connection timed out
connect: connection failed: Connection timed out
connect: connection failed: Connection timed out
connect: connection failed: Connection timed out
connect: connection failed: Connection timed out
connect: connection failed: Connection timed out
connect: connection failed: Connection timed out
connect: connection failed: Connection timed out
connect: connection failed: Connection timed out
connect: connection failed: Connection timed out
connect: connection failed: Connection timed out
connect: connection failed: Connection timed out
connect: connection failed: Connection timed out
connect: connection failed: Connection timed out
connect: connection failed: Connection timed out
connect: connection failed: Connection timed out
connect: connection failed: Connection timed out
connect: connection failed: Connection timed out
connect: connection failed: Connection timed out
connect: connection failed: Connection timed out
[RUN #1 42%,  12 secs]  0 threads:     5890615 ops,       0 (avg:  466609) ops/sec, 0.00KB/sec (avg: 17.60MB/sec),  0.00 (avg:  0.54) msec latency

20        Threads
16        Connections per thread
30        Seconds
Type        Ops/sec     Hits/sec   Misses/sec      Latency       KB/sec
------------------------------------------------------------------------
Sets            inf          ---          ---      0.69300          inf
Gets            inf          inf          inf      0.52100          inf
Totals          inf          inf          inf      0.53600          inf


Request Latency Distribution
Type     <= msec         Percent
------------------------------------------------------------------------
SET       1.000     83.86676
SET       2.000     94.26319
SET       3.000     95.93509
SET       4.000     98.34845
SET       5.000     99.99963
SET    45000.000    100.00000
---
GET       0.060      0.00004
GET       0.066      0.00006
GET       0.069      0.00009
GET       0.070      0.00011
GET       0.071      0.00017
GET       0.072      0.00019
GET       0.073      0.00024
GET       0.074      0.00026
GET       0.075      0.00030
GET       0.076      0.00035
GET       0.077      0.00045
GET       0.078      0.00065
GET       0.079      0.00082
GET       0.080      0.00108
GET       0.081      0.00134
GET       0.082      0.00161
GET       0.083      0.00198
GET       0.084      0.00258
GET       0.085      0.00308
GET       0.086      0.00379
GET       0.087      0.00491
GET       0.088      0.00614
GET       0.089      0.00745
GET       0.090      0.00945
GET       0.091      0.01145
GET       0.092      0.01369
GET       0.093      0.01681
GET       0.094      0.02049
GET       0.095      0.02409
GET       0.096      0.02853
GET       0.097      0.03343
GET       0.098      0.03813
GET       0.099      0.04317
GET       0.100      0.06848
GET       0.110      0.12306
GET       0.120      0.19617
GET       0.130      0.35570
GET       0.140      0.77633
GET       0.150      1.38813
GET       0.160      1.92562
GET       0.170      2.47919
GET       0.180      3.23870
GET       0.190      4.50862
GET       0.200      5.83107
GET       0.210      6.79119
GET       0.220      7.61187
GET       0.230      8.50043
GET       0.240      9.68576
GET       0.250     11.02532
GET       0.260     12.40239
GET       0.270     13.95965
GET       0.280     15.84405
GET       0.290     18.18058
GET       0.300     20.44769
GET       0.310     22.35950
GET       0.320     24.08746
GET       0.330     25.87812
GET       0.340     27.94337
GET       0.350     29.92521
GET       0.360     31.74652
GET       0.370     33.63315
GET       0.380     35.80958
GET       0.390     38.35706
GET       0.400     40.85096
GET       0.410     43.14904
GET       0.420     45.38718
GET       0.430     47.68426
GET       0.440     50.02803
GET       0.450     52.10724
GET       0.460     53.87115
GET       0.470     55.40155
GET       0.480     56.77227
GET       0.490     58.02488
GET       0.500     59.13501
GET       0.510     60.11898
GET       0.520     61.09174
GET       0.530     62.14783
GET       0.540     63.30599
GET       0.550     64.46612
GET       0.560     65.63524
GET       0.570     66.83995
GET       0.580     68.11133
GET       0.590     69.41586
GET       0.600     70.64899
GET       0.610     71.80685
GET       0.620     72.93924
GET       0.630     74.09672
GET       0.640     75.27172
GET       0.650     76.44282
GET       0.660     77.59306
GET       0.670     78.77499
GET       0.680     80.01984
GET       0.690     81.29308
GET       0.700     82.53480
GET       0.710     83.73083
GET       0.720     84.89058
GET       0.730     86.01977
GET       0.740     87.07235
GET       0.750     88.00337
GET       0.760     88.82228
GET       0.770     89.54592
GET       0.780     90.19118
GET       0.790     90.75354
GET       0.800     91.23533
GET       0.810     91.65424
GET       0.820     92.02548
GET       0.830     92.36215
GET       0.840     92.66943
GET       0.850     92.95279
GET       0.860     93.21202
GET       0.870     93.45654
GET       0.880     93.69058
GET       0.890     93.90481
GET       0.900     94.09758
GET       0.910     94.27459
GET       0.920     94.43330
GET       0.930     94.57658
GET       0.940     94.70271
GET       0.950     94.81662
GET       0.960     94.91594
GET       0.970     95.01008
GET       0.980     95.09620
GET       0.990     95.18022
GET       1.000     95.59370
GET       1.100     96.22415
GET       1.200     96.66117
GET       1.300     96.94386
GET       1.400     97.16203
GET       1.500     97.28923
GET       1.600     97.41007
GET       1.700     97.70723
GET       1.800     98.32762
GET       1.900     99.08772
GET       2.000     99.66275
GET       2.100     99.91649
GET       2.200     99.98142
GET       2.300     99.99496
GET       2.400     99.99677
GET       2.500     99.99722
GET       2.600     99.99742
GET       2.700     99.99804
GET       2.800     99.99910
GET       2.900     99.99963
GET       3.000     99.99978
GET       3.100     99.99989
GET       3.200    100.00000
