[RUN #1] Preparing benchmark client...
[RUN #1] Launching threads now...
[RUN #1 1%,   0 secs] 20 threads:       35681 ops,       0 (avg:       0) ops/sec, 0.00KB/sec (avg: 0.00KB/sec),  0.00 (avg:  0.00) msec latency[RUN #1 1%,   0 secs] 20 threads:       72003 ops,       0 (avg:       0) ops/sec, 0.00KB/sec (avg: 0.00KB/sec),  0.00 (avg:  0.00) msec latency[RUN #1 2%,   0 secs] 20 threads:      108074 ops,       0 (avg:       0) ops/sec, 0.00KB/sec (avg: 0.00KB/sec),  0.00 (avg:  0.00) msec latency[RUN #1 3%,   0 secs] 20 threads:      144273 ops,       0 (avg:       0) ops/sec, 0.00KB/sec (avg: 0.00KB/sec),  0.00 (avg:  0.00) msec latency[RUN #1 3%,   1 secs] 20 threads:      180532 ops,       0 (avg:  180489) ops/sec, 0.00KB/sec (avg: 6.81MB/sec),  0.00 (avg:  1.77) msec latency[RUN #1 4%,   1 secs] 20 threads:      217183 ops,       0 (avg:  180945) ops/sec, 0.00KB/sec (avg: 6.82MB/sec),  0.00 (avg:  1.76) msec latency[RUN #1 5%,   1 secs] 20 threads:      258320 ops,       0 (avg:  184475) ops/sec, 0.00KB/sec (avg: 6.96MB/sec),  0.00 (avg:  1.73) msec latency[RUN #1 5%,   1 secs] 20 threads:      304853 ops,       0 (avg:  190494) ops/sec, 0.00KB/sec (avg: 7.18MB/sec),  0.00 (avg:  1.68) msec latency[RUN #1 6%,   1 secs] 20 threads:      351499 ops,       0 (avg:  195238) ops/sec, 0.00KB/sec (avg: 7.36MB/sec),  0.00 (avg:  1.64) msec latency[RUN #1 7%,   2 secs] 20 threads:      398166 ops,       0 (avg:  199044) ops/sec, 0.00KB/sec (avg: 7.51MB/sec),  0.00 (avg:  1.60) msec latency[RUN #1 7%,   2 secs] 20 threads:      444976 ops,       0 (avg:  202223) ops/sec, 0.00KB/sec (avg: 7.63MB/sec),  0.00 (avg:  1.58) msec latency[RUN #1 8%,   2 secs] 20 threads:      491669 ops,       0 (avg:  204824) ops/sec, 0.00KB/sec (avg: 7.72MB/sec),  0.00 (avg:  1.56) msec latency[RUN #1 9%,   2 secs] 20 threads:      538431 ops,       0 (avg:  207050) ops/sec, 0.00KB/sec (avg: 7.81MB/sec),  0.00 (avg:  1.54) msec latency[RUN #1 9%,   2 secs] 20 threads:      584908 ops,       0 (avg:  208858) ops/sec, 0.00KB/sec (avg: 7.88MB/sec),  0.00 (avg:  1.53) msec latency[RUN #1 10%,   3 secs] 20 threads:      631221 ops,       0 (avg:  210369) ops/sec, 0.00KB/sec (avg: 7.93MB/sec),  0.00 (avg:  1.52) msec latency[RUN #1 11%,   3 secs] 20 threads:      677657 ops,       0 (avg:  211730) ops/sec, 0.00KB/sec (avg: 7.98MB/sec),  0.00 (avg:  1.51) msec latency[RUN #1 11%,   3 secs] 20 threads:      724127 ops,       0 (avg:  212941) ops/sec, 0.00KB/sec (avg: 8.03MB/sec),  0.00 (avg:  1.50) msec latency[RUN #1 12%,   3 secs] 20 threads:      770349 ops,       0 (avg:  213948) ops/sec, 0.00KB/sec (avg: 8.07MB/sec),  0.00 (avg:  1.49) msec latency[RUN #1 13%,   3 secs] 20 threads:      816682 ops,       0 (avg:  214879) ops/sec, 0.00KB/sec (avg: 8.10MB/sec),  0.00 (avg:  1.49) msec latency[RUN #1 13%,   4 secs] 20 threads:      863133 ops,       0 (avg:  215746) ops/sec, 0.00KB/sec (avg: 8.14MB/sec),  0.00 (avg:  1.48) msec latency[RUN #1 14%,   4 secs] 20 threads:      909476 ops,       0 (avg:  216505) ops/sec, 0.00KB/sec (avg: 8.17MB/sec),  0.00 (avg:  1.47) msec latency[RUN #1 15%,   4 secs] 20 threads:      955892 ops,       0 (avg:  217211) ops/sec, 0.00KB/sec (avg: 8.19MB/sec),  0.00 (avg:  1.47) msec latency[RUN #1 15%,   4 secs] 20 threads:     1002307 ops,       0 (avg:  217856) ops/sec, 0.00KB/sec (avg: 8.22MB/sec),  0.00 (avg:  1.47) msec latency[RUN #1 16%,   4 secs] 20 threads:     1048819 ops,       0 (avg:  218467) ops/sec, 0.00KB/sec (avg: 8.24MB/sec),  0.00 (avg:  1.46) msec latency[RUN #1 17%,   5 secs] 20 threads:     1095040 ops,       0 (avg:  218971) ops/sec, 0.00KB/sec (avg: 8.26MB/sec),  0.00 (avg:  1.46) msec latency[RUN #1 17%,   5 secs] 20 threads:     1141446 ops,       0 (avg:  219472) ops/sec, 0.00KB/sec (avg: 8.28MB/sec),  0.00 (avg:  1.45) msec latency[RUN #1 18%,   5 secs] 20 threads:     1187804 ops,       0 (avg:  219927) ops/sec, 0.00KB/sec (avg: 8.29MB/sec),  0.00 (avg:  1.45) msec latency[RUN #1 19%,   5 secs] 20 threads:     1234261 ops,       0 (avg:  220367) ops/sec, 0.00KB/sec (avg: 8.31MB/sec),  0.00 (avg:  1.45) msec latency[RUN #1 19%,   5 secs] 20 threads:     1280406 ops,       0 (avg:  220723) ops/sec, 0.00KB/sec (avg: 8.32MB/sec),  0.00 (avg:  1.45) msec latency[RUN #1 20%,   6 secs] 16 threads:     1332323 ops,       0 (avg:  222053) ops/sec, 0.00KB/sec (avg: 8.37MB/sec),  0.00 (avg:  1.44) msec latency[RUN #1 20%,   6 secs] 16 threads:     1334244 ops,       0 (avg:  222249) ops/sec, 0.00KB/sec (avg: 8.38MB/sec),  0.00 (avg:  1.44) msec latency[RUN #1 21%,   6 secs] 16 threads:     1403543 ops,       0 (avg:  228092) ops/sec, 0.00KB/sec (avg: 8.60MB/sec),  0.00 (avg:  1.40) msec latency[RUN #1 21%,   6 secs] 16 threads:     1473791 ops,       0 (avg:  233808) ops/sec, 0.00KB/sec (avg: 8.82MB/sec),  0.00 (avg:  1.37) msec latency[RUN #1 22%,   6 secs] 16 threads:     1544534 ops,       0 (avg:  239334) ops/sec, 0.00KB/sec (avg: 9.03MB/sec),  0.00 (avg:  1.33) msec latency[RUN #1 22%,   6 secs] 16 threads:     1614743 ops,       0 (avg:  244529) ops/sec, 0.00KB/sec (avg: 9.22MB/sec),  0.00 (avg:  1.31) msec latency[RUN #1 23%,   6 secs] 16 threads:     1684705 ops,       0 (avg:  249457) ops/sec, 0.00KB/sec (avg: 9.41MB/sec),  0.00 (avg:  1.28) msec latency[RUN #1 23%,   6 secs] 16 threads:     1753188 ops,       0 (avg:  253956) ops/sec, 0.00KB/sec (avg: 9.58MB/sec),  0.00 (avg:  1.26) msec latency[RUN #1 24%,   7 secs] 16 threads:     1822307 ops,       0 (avg:  258353) ops/sec, 0.00KB/sec (avg: 9.74MB/sec),  0.00 (avg:  1.24) msec latency[RUN #1 24%,   7 secs] 16 threads:     1892646 ops,       0 (avg:  262737) ops/sec, 0.00KB/sec (avg: 9.91MB/sec),  0.00 (avg:  1.21) msec latency[RUN #1 25%,   7 secs] 16 threads:     1963154 ops,       0 (avg:  266965) ops/sec, 0.00KB/sec (avg: 10.07MB/sec),  0.00 (avg:  1.20) msec latency[RUN #1 25%,   7 secs] 16 threads:     2033123 ops,       0 (avg:  270953) ops/sec, 0.00KB/sec (avg: 10.22MB/sec),  0.00 (avg:  1.18) msec latency[RUN #1 26%,   7 secs] 16 threads:     2103033 ops,       0 (avg:  274776) ops/sec, 0.00KB/sec (avg: 10.36MB/sec),  0.00 (avg:  1.16) msec latency[RUN #1 26%,   7 secs] 16 threads:     2174422 ops,       0 (avg:  278641) ops/sec, 0.00KB/sec (avg: 10.51MB/sec),  0.00 (avg:  1.15) msec latency[RUN #1 27%,   7 secs] 16 threads:     2244685 ops,       0 (avg:  282220) ops/sec, 0.00KB/sec (avg: 10.64MB/sec),  0.00 (avg:  1.13) msec latency[RUN #1 27%,   8 secs] 16 threads:     2314417 ops,       0 (avg:  285600) ops/sec, 0.00KB/sec (avg: 10.77MB/sec),  0.00 (avg:  1.12) msec latency[RUN #1 28%,   8 secs] 16 threads:     2383887 ops,       0 (avg:  288826) ops/sec, 0.00KB/sec (avg: 10.89MB/sec),  0.00 (avg:  1.10) msec latency[RUN #1 28%,   8 secs] 16 threads:     2454458 ops,       0 (avg:  292067) ops/sec, 0.00KB/sec (avg: 11.01MB/sec),  0.00 (avg:  1.09) msec latency[RUN #1 29%,   8 secs] 16 threads:     2524985 ops,       0 (avg:  295190) ops/sec, 0.00KB/sec (avg: 11.13MB/sec),  0.00 (avg:  1.08) msec latency[RUN #1 29%,   8 secs] 16 threads:     2594891 ops,       0 (avg:  298134) ops/sec, 0.00KB/sec (avg: 11.24MB/sec),  0.00 (avg:  1.07) msec latency[RUN #1 30%,   8 secs] 16 threads:     2665142 ops,       0 (avg:  301016) ops/sec, 0.00KB/sec (avg: 11.35MB/sec),  0.00 (avg:  1.06) msec latency[RUN #1 30%,   9 secs] 16 threads:     2736947 ops,       0 (avg:  303976) ops/sec, 0.00KB/sec (avg: 11.46MB/sec),  0.00 (avg:  1.05) msec latency[RUN #1 31%,   9 secs] 16 threads:     2807159 ops,       0 (avg:  306664) ops/sec, 0.00KB/sec (avg: 11.56MB/sec),  0.00 (avg:  1.04) msec latency[RUN #1 31%,   9 secs] 16 threads:     2876565 ops,       0 (avg:  309179) ops/sec, 0.00KB/sec (avg: 11.66MB/sec),  0.00 (avg:  1.03) msec latency[RUN #1 32%,   9 secs] 16 threads:     2946970 ops,       0 (avg:  311720) ops/sec, 0.00KB/sec (avg: 11.76MB/sec),  0.00 (avg:  1.02) msec latency[RUN #1 32%,   9 secs] 16 threads:     3018110 ops,       0 (avg:  314258) ops/sec, 0.00KB/sec (avg: 11.85MB/sec),  0.00 (avg:  1.01) msec latency[RUN #1 33%,   9 secs] 16 threads:     3088133 ops,       0 (avg:  316604) ops/sec, 0.00KB/sec (avg: 11.94MB/sec),  0.00 (avg:  1.01) msec latency[RUN #1 33%,   9 secs] 16 threads:     3157553 ops,       0 (avg:  318817) ops/sec, 0.00KB/sec (avg: 12.02MB/sec),  0.00 (avg:  1.00) msec latency[RUN #1 34%,  10 secs] 16 threads:     3226881 ops,       0 (avg:  320955) ops/sec, 0.00KB/sec (avg: 12.10MB/sec),  0.00 (avg:  0.99) msec latency[RUN #1 34%,  10 secs] 16 threads:     3296662 ops,       0 (avg:  323075) ops/sec, 0.00KB/sec (avg: 12.18MB/sec),  0.00 (avg:  0.99) msec latency[RUN #1 35%,  10 secs] 16 threads:     3367024 ops,       0 (avg:  325190) ops/sec, 0.00KB/sec (avg: 12.26MB/sec),  0.00 (avg:  0.98) msec latency[RUN #1 35%,  10 secs] 13 threads:     3436731 ops,       0 (avg:  327306) ops/sec, 0.00KB/sec (avg: 12.34MB/sec),  0.00 (avg:  0.97) msec latency[RUN #1 35%,  10 secs] 13 threads:     3436731 ops,       0 (avg:  327306) ops/sec, 0.00KB/sec (avg: 12.34MB/sec),  0.00 (avg:  0.97) msec latency[RUN #1 35%,  10 secs] 13 threads:     3436731 ops,       0 (avg:  327306) ops/sec, 0.00KB/sec (avg: 12.34MB/sec),  0.00 (avg:  0.97) msec latency[RUN #1 37%,  11 secs] 13 threads:     3641130 ops,       0 (avg:  330044) ops/sec, 0.00KB/sec (avg: 12.45MB/sec),  0.00 (avg:  0.96) msec latency[RUN #1 39%,  11 secs] 13 threads:     3861597 ops,       0 (avg:  332775) ops/sec, 0.00KB/sec (avg: 12.55MB/sec),  0.00 (avg:  0.94) msec latency[RUN #1 41%,  12 secs] 13 threads:     4082196 ops,       0 (avg:  335261) ops/sec, 0.00KB/sec (avg: 12.64MB/sec),  0.00 (avg:  0.93) msec latency[RUN #1 42%,  12 secs] 13 threads:     4302328 ops,       0 (avg:  337486) ops/sec, 0.00KB/sec (avg: 12.73MB/sec),  0.00 (avg:  0.91) msec latency[RUN #1 44%,  13 secs] 13 threads:     4522649 ops,       0 (avg:  339531) ops/sec, 0.00KB/sec (avg: 12.80MB/sec),  0.00 (avg:  0.90) msec latency[RUN #1 46%,  13 secs] 13 threads:     4743132 ops,       0 (avg:  341420) ops/sec, 0.00KB/sec (avg: 12.88MB/sec),  0.00 (avg:  0.89) msec latency[RUN #1 48%,  14 secs] 13 threads:     4963886 ops,       0 (avg:  343182) ops/sec, 0.00KB/sec (avg: 12.94MB/sec),  0.00 (avg:  0.88) msec latency[RUN #1 50%,  15 secs] 13 threads:     5183870 ops,       0 (avg:  344758) ops/sec, 0.00KB/sec (avg: 13.00MB/sec),  0.00 (avg:  0.87) msec latency[RUN #1 52%,  15 secs] 13 threads:     5404164 ops,       0 (avg:  346239) ops/sec, 0.00KB/sec (avg: 13.06MB/sec),  0.00 (avg:  0.86) msec latency[RUN #1 54%,  16 secs] 13 threads:     5624514 ops,       0 (avg:  347618) ops/sec, 0.00KB/sec (avg: 13.11MB/sec),  0.00 (avg:  0.86) msec latency[RUN #1 56%,  16 secs] 13 threads:     5843921 ops,       0 (avg:  348848) ops/sec, 0.00KB/sec (avg: 13.16MB/sec),  0.00 (avg:  0.85) msec latency[RUN #1 58%,  17 secs] 13 threads:     6065575 ops,       0 (avg:  350125) ops/sec, 0.00KB/sec (avg: 13.20MB/sec),  0.00 (avg:  0.84) msec latency[RUN #1 60%,  17 secs] 13 threads:     6286710 ops,       0 (avg:  351292) ops/sec, 0.00KB/sec (avg: 13.25MB/sec),  0.00 (avg:  0.84) msec latency[RUN #1 62%,  18 secs] 13 threads:     6507040 ops,       0 (avg:  352343) ops/sec, 0.00KB/sec (avg: 13.29MB/sec),  0.00 (avg:  0.83) msec latency[RUN #1 63%,  19 secs] 13 threads:     6727225 ops,       0 (avg:  353323) ops/sec, 0.00KB/sec (avg: 13.32MB/sec),  0.00 (avg:  0.83) msec latency[RUN #1 65%,  19 secs] 13 threads:     6947789 ops,       0 (avg:  354266) ops/sec, 0.00KB/sec (avg: 13.36MB/sec),  0.00 (avg:  0.82) msec latency[RUN #1 67%,  20 secs] 13 threads:     7167653 ops,       0 (avg:  355120) ops/sec, 0.00KB/sec (avg: 13.39MB/sec),  0.00 (avg:  0.82) msec latency[RUN #1 69%,  20 secs] 13 threads:     7390839 ops,       0 (avg:  356087) ops/sec, 0.00KB/sec (avg: 13.43MB/sec),  0.00 (avg:  0.81) msec latency[RUN #1 71%,  21 secs] 13 threads:     7614402 ops,       0 (avg:  357020) ops/sec, 0.00KB/sec (avg: 13.46MB/sec),  0.00 (avg:  0.81) msec latency[RUN #1 73%,  21 secs] 13 threads:     7836429 ops,       0 (avg:  357834) ops/sec, 0.00KB/sec (avg: 13.49MB/sec),  0.00 (avg:  0.80) msec latency[RUN #1 75%,  22 secs] 13 threads:     8058084 ops,       0 (avg:  358590) ops/sec, 0.00KB/sec (avg: 13.52MB/sec),  0.00 (avg:  0.80) msec latency[RUN #1 77%,  23 secs] 13 threads:     8279907 ops,       0 (avg:  359316) ops/sec, 0.00KB/sec (avg: 13.55MB/sec),  0.00 (avg:  0.80) msec latency[RUN #1 79%,  23 secs] 13 threads:     8501101 ops,       0 (avg:  359980) ops/sec, 0.00KB/sec (avg: 13.58MB/sec),  0.00 (avg:  0.79) msec latency[RUN #1 81%,  24 secs] 13 threads:     8723010 ops,       0 (avg:  360643) ops/sec, 0.00KB/sec (avg: 13.60MB/sec),  0.00 (avg:  0.79) msec latency[RUN #1 83%,  24 secs] 13 threads:     8945691 ops,       0 (avg:  361306) ops/sec, 0.00KB/sec (avg: 13.63MB/sec),  0.00 (avg:  0.79) msec latency[RUN #1 84%,  25 secs] 13 threads:     9167727 ops,       0 (avg:  361913) ops/sec, 0.00KB/sec (avg: 13.65MB/sec),  0.00 (avg:  0.78) msec latency[RUN #1 86%,  25 secs] 13 threads:     9389795 ops,       0 (avg:  362495) ops/sec, 0.00KB/sec (avg: 13.67MB/sec),  0.00 (avg:  0.78) msec latency[RUN #1 88%,  26 secs] 13 threads:     9610916 ops,       0 (avg:  363016) ops/sec, 0.00KB/sec (avg: 13.69MB/sec),  0.00 (avg:  0.78) msec latency[RUN #1 90%,  27 secs] 13 threads:     9832542 ops,       0 (avg:  363534) ops/sec, 0.00KB/sec (avg: 13.71MB/sec),  0.00 (avg:  0.78) msec latency[RUN #1 92%,  27 secs] 13 threads:    10054924 ops,       0 (avg:  364057) ops/sec, 0.00KB/sec (avg: 13.73MB/sec),  0.00 (avg:  0.77) msec latency[RUN #1 93%,  27 secs]  9 threads:    10071513 ops,       0 (avg:  362862) ops/sec, 0.00KB/sec (avg: 13.68MB/sec),  0.00 (avg:  0.77) msec latency[RUN #1 93%,  27 secs]  9 threads:    10071513 ops,       0 (avg:  361478) ops/sec, 0.00KB/sec (avg: 13.63MB/sec),  0.00 (avg:  0.77) msec latency[RUN #1 93%,  27 secs]  9 threads:    10071513 ops,       0 (avg:  360104) ops/sec, 0.00KB/sec (avg: 13.58MB/sec),  0.00 (avg:  0.77) msec latency[RUN #1 94%,  28 secs]  9 threads:    10071513 ops,       0 (avg:  358741) ops/sec, 0.00KB/sec (avg: 13.53MB/sec),  0.00 (avg:  0.77) msec latency[RUN #1 94%,  28 secs]  9 threads:    10071513 ops,       0 (avg:  357389) ops/sec, 0.00KB/sec (avg: 13.48MB/sec),  0.00 (avg:  0.77) msec latency[RUN #1 94%,  28 secs]  9 threads:    10071513 ops,       0 (avg:  356046) ops/sec, 0.00KB/sec (avg: 13.43MB/sec),  0.00 (avg:  0.77) msec latency[RUN #1 95%,  28 secs]  9 threads:    10071513 ops,       0 (avg:  354713) ops/sec, 0.00KB/sec (avg: 13.38MB/sec),  0.00 (avg:  0.77) msec latency[RUN #1 95%,  28 secs]  9 threads:    10071513 ops,       0 (avg:  353391) ops/sec, 0.00KB/sec (avg: 13.33MB/sec),  0.00 (avg:  0.77) msec latency[RUN #1 95%,  28 secs]  9 threads:    10071513 ops,       0 (avg:  352078) ops/sec, 0.00KB/sec (avg: 13.28MB/sec),  0.00 (avg:  0.77) msec latency[RUN #1 96%,  28 secs]  9 threads:    10071513 ops,       0 (avg:  350775) ops/sec, 0.00KB/sec (avg: 13.23MB/sec),  0.00 (avg:  0.77) msec latency[RUN #1 96%,  28 secs]  9 threads:    10071513 ops,       0 (avg:  349482) ops/sec, 0.00KB/sec (avg: 13.18MB/sec),  0.00 (avg:  0.77) msec latency[RUN #1 96%,  28 secs]  9 threads:    10071513 ops,       0 (avg:  348198) ops/sec, 0.00KB/sec (avg: 13.13MB/sec),  0.00 (avg:  0.77) msec latency[RUN #1 97%,  29 secs]  9 threads:    10071513 ops,       0 (avg:  346923) ops/sec, 0.00KB/sec (avg: 13.08MB/sec),  0.00 (avg:  0.77) msec latency[RUN #1 97%,  29 secs]  9 threads:    10071513 ops,       0 (avg:  345658) ops/sec, 0.00KB/sec (avg: 13.04MB/sec),  0.00 (avg:  0.77) msec latency[RUN #1 97%,  29 secs]  9 threads:    10071513 ops,       0 (avg:  344402) ops/sec, 0.00KB/sec (avg: 12.99MB/sec),  0.00 (avg:  0.77) msec latency[RUN #1 98%,  29 secs]  9 threads:    10071513 ops,       0 (avg:  343155) ops/sec, 0.00KB/sec (avg: 12.94MB/sec),  0.00 (avg:  0.77) msec latency[RUN #1 98%,  29 secs]  9 threads:    10071513 ops,       0 (avg:  341917) ops/sec, 0.00KB/sec (avg: 12.89MB/sec),  0.00 (avg:  0.77) msec latency[RUN #1 99%,  29 secs]  9 threads:    10071513 ops,       0 (avg:  340688) ops/sec, 0.00KB/sec (avg: 12.85MB/sec),  0.00 (avg:  0.77) msec latency[RUN #1 99%,  29 secs]  9 threads:    10071513 ops,       0 (avg:  339468) ops/sec, 0.00KB/sec (avg: 12.80MB/sec),  0.00 (avg:  0.77) msec latency[RUN #1 99%,  29 secs]  9 threads:    10071513 ops,       0 (avg:  338256) ops/sec, 0.00KB/sec (avg: 12.76MB/sec),  0.00 (avg:  0.77) msec latency[RUN #1 100%,  29 secs]  9 threads:    10071513 ops,       0 (avg:  337053) ops/sec, 0.00KB/sec (avg: 12.71MB/sec),  0.00 (avg:  0.77) msec latency[RUN #1 100%,  29 secs]  9 threads:    10071513 ops,       0 (avg:  335859) ops/sec, 0.00KB/sec (avg: 12.67MB/sec),  0.00 (avg:  0.77) msec latency[RUN #1 100%,  30 secs]  9 threads:    10071513 ops,       0 (avg:  334673) ops/sec, 0.00KB/sec (avg: 12.62MB/sec),  0.00 (avg:  0.77) msec latency[RUN #1 101%,  30 secs]  9 threads:    10071513 ops,       0 (avg:  333495) ops/sec, 0.00KB/sec (avg: 12.58MB/sec),  0.00 (avg:  0.77) msec latency[RUN #1 101%,  30 secs]  9 threads:    10071513 ops,       0 (avg:  332326) ops/sec, 0.00KB/sec (avg: 12.53MB/sec),  0.00 (avg:  0.77) msec latency[RUN #1 101%,  30 secs]  9 threads:    10071513 ops,       0 (avg:  331165) ops/sec, 0.00KB/sec (avg: 12.49MB/sec),  0.00 (avg:  0.77) msec latency[RUN #1 102%,  30 secs]  9 threads:    10071513 ops,       0 (avg:  330011) ops/sec, 0.00KB/sec (avg: 12.45MB/sec),  0.00 (avg:  0.77) msec latency[RUN #1 102%,  30 secs]  9 threads:    10071513 ops,       0 (avg:  328866) ops/sec, 0.00KB/sec (avg: 12.40MB/sec),  0.00 (avg:  0.77) msec latency[RUN #1 102%,  30 secs]  9 threads:    10071513 ops,       0 (avg:  327729) ops/sec, 0.00KB/sec (avg: 12.36MB/sec),  0.00 (avg:  0.77) msec latency[RUN #1 103%,  30 secs]  9 threads:    10071513 ops,       0 (avg:  326600) ops/sec, 0.00KB/sec (avg: 12.32MB/sec),  0.00 (avg:  0.77) msec latency[RUN #1 103%,  30 secs]  9 threads:    10071513 ops,       0 (avg:  325478) ops/sec, 0.00KB/sec (avg: 12.27MB/sec),  0.00 (avg:  0.77) msec latency[RUN #1 103%,  31 secs]  9 threads:    10071513 ops,       0 (avg:  324364) ops/sec, 0.00KB/sec (avg: 12.23MB/sec),  0.00 (avg:  0.77) msec latency[RUN #1 104%,  31 secs]  9 threads:    10071513 ops,       0 (avg:  323258) ops/sec, 0.00KB/sec (avg: 12.19MB/sec),  0.00 (avg:  0.77) msec latency[RUN #1 104%,  31 secs]  9 threads:    10071513 ops,       0 (avg:  322159) ops/sec, 0.00KB/sec (avg: 12.15MB/sec),  0.00 (avg:  0.77) msec latencyconnect: connection failed: Connection timed out
connect: connection failed: Connection timed out
connect: connection failed: Connection timed out
connect: connection failed: Connection timed out
connect: connection failed: Connection timed out
connect: connection failed: Connection timed out
connect: connection failed: Connection timed out
connect: connection failed: Connection timed out
connect: connection failed: Connection timed out
connect: connection failed: Connection timed out
connect: connection failed: Connection timed out
connect: connection failed: Connection timed out
connect: connection failed: Connection timed out
connect: connection failed: Connection timed out
connect: connection failed: Connection timed out
connect: connection failed: Connection timed out
connect: connection failed: Connection timed out
connect: connection failed: Connection timed out
connect: connection failed: Connection timed out
connect: connection failed: Connection timed out
connect: connection failed: Connection timed out
connect: connection failed: Connection timed out
connect: connection failed: Connection timed out
connect: connection failed: Connection timed out
connect: connection failed: Connection timed out
[RUN #1 105%,  31 secs]  7 threads:    10071513 ops,       0 (avg:  321068) ops/sec, 0.00KB/sec (avg: 12.11MB/sec),  0.00 (avg:  0.77) msec latency[RUN #1 105%,  31 secs]  7 threads:    10071513 ops,       0 (avg:  319984) ops/sec, 0.00KB/sec (avg: 12.07MB/sec),  0.00 (avg:  0.77) msec latency[RUN #1 105%,  31 secs]  7 threads:    10071513 ops,       0 (avg:  318907) ops/sec, 0.00KB/sec (avg: 12.03MB/sec),  0.00 (avg:  0.77) msec latency[RUN #1 106%,  31 secs]  7 threads:    10071513 ops,       0 (avg:  317838) ops/sec, 0.00KB/sec (avg: 11.99MB/sec),  0.00 (avg:  0.77) msec latency[RUN #1 106%,  31 secs]  7 threads:    10071513 ops,       0 (avg:  316775) ops/sec, 0.00KB/sec (avg: 11.95MB/sec),  0.00 (avg:  0.77) msec latency[RUN #1 106%,  31 secs]  7 threads:    10071513 ops,       0 (avg:  315720) ops/sec, 0.00KB/sec (avg: 11.91MB/sec),  0.00 (avg:  0.77) msec latency[RUN #1 107%,  32 secs]  7 threads:    10071513 ops,       0 (avg:  314672) ops/sec, 0.00KB/sec (avg: 11.87MB/sec),  0.00 (avg:  0.77) msec latency[RUN #1 107%,  32 secs]  7 threads:    10071513 ops,       0 (avg:  313631) ops/sec, 0.00KB/sec (avg: 11.83MB/sec),  0.00 (avg:  0.77) msec latency[RUN #1 107%,  32 secs]  7 threads:    10071513 ops,       0 (avg:  312596) ops/sec, 0.00KB/sec (avg: 11.79MB/sec),  0.00 (avg:  0.77) msec latency[RUN #1 108%,  32 secs]  7 threads:    10071513 ops,       0 (avg:  311569) ops/sec, 0.00KB/sec (avg: 11.75MB/sec),  0.00 (avg:  0.77) msec latency[RUN #1 108%,  32 secs]  7 threads:    10071513 ops,       0 (avg:  310548) ops/sec, 0.00KB/sec (avg: 11.71MB/sec),  0.00 (avg:  0.77) msec latency[RUN #1 108%,  32 secs]  7 threads:    10071513 ops,       0 (avg:  309534) ops/sec, 0.00KB/sec (avg: 11.67MB/sec),  0.00 (avg:  0.77) msec latency[RUN #1 109%,  32 secs]  7 threads:    10071513 ops,       0 (avg:  308526) ops/sec, 0.00KB/sec (avg: 11.64MB/sec),  0.00 (avg:  0.77) msec latency[RUN #1 109%,  32 secs]  7 threads:    10071513 ops,       0 (avg:  307525) ops/sec, 0.00KB/sec (avg: 11.60MB/sec),  0.00 (avg:  0.77) msec latency[RUN #1 110%,  32 secs]  7 threads:    10071513 ops,       0 (avg:  306530) ops/sec, 0.00KB/sec (avg: 11.56MB/sec),  0.00 (avg:  0.77) msec latency[RUN #1 110%,  32 secs]  7 threads:    10071513 ops,       0 (avg:  305542) ops/sec, 0.00KB/sec (avg: 11.52MB/sec),  0.00 (avg:  0.77) msec latency[RUN #1 110%,  33 secs]  7 threads:    10071513 ops,       0 (avg:  304560) ops/sec, 0.00KB/sec (avg: 11.49MB/sec),  0.00 (avg:  0.77) msec latency[RUN #1 111%,  33 secs]  7 threads:    10071513 ops,       0 (avg:  303585) ops/sec, 0.00KB/sec (avg: 11.45MB/sec),  0.00 (avg:  0.77) msec latency[RUN #1 111%,  33 secs]  7 threads:    10071513 ops,       0 (avg:  302615) ops/sec, 0.00KB/sec (avg: 11.41MB/sec),  0.00 (avg:  0.77) msec latency[RUN #1 111%,  33 secs]  7 threads:    10071513 ops,       0 (avg:  301652) ops/sec, 0.00KB/sec (avg: 11.38MB/sec),  0.00 (avg:  0.77) msec latency[RUN #1 112%,  33 secs]  7 threads:    10071513 ops,       0 (avg:  300695) ops/sec, 0.00KB/sec (avg: 11.34MB/sec),  0.00 (avg:  0.77) msec latency[RUN #1 112%,  33 secs]  7 threads:    10071513 ops,       0 (avg:  299744) ops/sec, 0.00KB/sec (avg: 11.30MB/sec),  0.00 (avg:  0.77) msec latency[RUN #1 112%,  33 secs]  7 threads:    10071513 ops,       0 (avg:  298799) ops/sec, 0.00KB/sec (avg: 11.27MB/sec),  0.00 (avg:  0.77) msec latency[RUN #1 113%,  33 secs]  7 threads:    10071513 ops,       0 (avg:  297860) ops/sec, 0.00KB/sec (avg: 11.23MB/sec),  0.00 (avg:  0.77) msec latency[RUN #1 113%,  33 secs]  7 threads:    10071513 ops,       0 (avg:  296927) ops/sec, 0.00KB/sec (avg: 11.20MB/sec),  0.00 (avg:  0.77) msec latency[RUN #1 113%,  34 secs]  7 threads:    10071513 ops,       0 (avg:  296000) ops/sec, 0.00KB/sec (avg: 11.16MB/sec),  0.00 (avg:  0.77) msec latency[RUN #1 114%,  34 secs]  7 threads:    10071513 ops,       0 (avg:  295078) ops/sec, 0.00KB/sec (avg: 11.13MB/sec),  0.00 (avg:  0.77) msec latency[RUN #1 114%,  34 secs]  7 threads:    10071513 ops,       0 (avg:  294162) ops/sec, 0.00KB/sec (avg: 11.09MB/sec),  0.00 (avg:  0.77) msec latency[RUN #1 114%,  34 secs]  7 threads:    10071513 ops,       0 (avg:  293252) ops/sec, 0.00KB/sec (avg: 11.06MB/sec),  0.00 (avg:  0.77) msec latency[RUN #1 115%,  34 secs]  7 threads:    10071513 ops,       0 (avg:  292347) ops/sec, 0.00KB/sec (avg: 11.02MB/sec),  0.00 (avg:  0.77) msec latency[RUN #1 115%,  34 secs]  7 threads:    10071513 ops,       0 (avg:  291448) ops/sec, 0.00KB/sec (avg: 10.99MB/sec),  0.00 (avg:  0.77) msec latency[RUN #1 116%,  34 secs]  7 threads:    10071513 ops,       0 (avg:  290555) ops/sec, 0.00KB/sec (avg: 10.96MB/sec),  0.00 (avg:  0.77) msec latency[RUN #1 116%,  34 secs]  7 threads:    10071513 ops,       0 (avg:  289667) ops/sec, 0.00KB/sec (avg: 10.92MB/sec),  0.00 (avg:  0.77) msec latency[RUN #1 116%,  34 secs]  7 threads:    10071513 ops,       0 (avg:  288784) ops/sec, 0.00KB/sec (avg: 10.89MB/sec),  0.00 (avg:  0.77) msec latency[RUN #1 117%,  34 secs]  7 threads:    10071513 ops,       0 (avg:  287907) ops/sec, 0.00KB/sec (avg: 10.86MB/sec),  0.00 (avg:  0.77) msec latency[RUN #1 117%,  35 secs]  7 threads:    10071513 ops,       0 (avg:  287035) ops/sec, 0.00KB/sec (avg: 10.82MB/sec),  0.00 (avg:  0.77) msec latency[RUN #1 117%,  35 secs]  7 threads:    10071513 ops,       0 (avg:  286168) ops/sec, 0.00KB/sec (avg: 10.79MB/sec),  0.00 (avg:  0.77) msec latency[RUN #1 118%,  35 secs]  7 threads:    10071513 ops,       0 (avg:  285307) ops/sec, 0.00KB/sec (avg: 10.76MB/sec),  0.00 (avg:  0.77) msec latency[RUN #1 118%,  35 secs]  7 threads:    10071513 ops,       0 (avg:  284451) ops/sec, 0.00KB/sec (avg: 10.73MB/sec),  0.00 (avg:  0.77) msec latency[RUN #1 118%,  35 secs]  7 threads:    10071513 ops,       0 (avg:  283600) ops/sec, 0.00KB/sec (avg: 10.70MB/sec),  0.00 (avg:  0.77) msec latencyread error: Connection reset by peer
read error: Connection reset by peer
read error: Connection reset by peer
read error: Connection reset by peer
read error: Connection reset by peer
read error: Connection reset by peer
read error: Connection reset by peer
read error: Connection reset by peer
read error: Connection reset by peer
read error: Connection reset by peer
read error: Connection reset by peer
read error: Connection reset by peer
read error: Connection reset by peer
read error: Connection reset by peer
read error: Connection reset by peer
read error: Connection reset by peer
read error: Connection reset by peer
read error: Connection reset by peer
read error: Connection reset by peer
read error: Connection reset by peer
read error: Connection reset by peer
read error: Connection reset by peer
read error: Connection reset by peer
read error: Connection reset by peer
read error: Connection reset by peer
read error: Connection reset by peer
read error: Connection reset by peer
read error: Connection reset by peer
read error: Connection reset by peer
read error: Connection reset by peer
read error: Connection reset by peer
read error: Connection reset by peer
read error: Connection reset by peer
read error: Connection reset by peer
[RUN #1 119%,  35 secs]  0 threads:    10071513 ops,       0 (avg:  282753) ops/sec, 0.00KB/sec (avg: 10.66MB/sec),  0.00 (avg:  0.77) msec latency

20        Threads
16        Connections per thread
30        Seconds
Type        Ops/sec     Hits/sec   Misses/sec      Latency       KB/sec
------------------------------------------------------------------------
Sets            inf          ---          ---      0.77700          inf
Gets            inf          inf          inf      0.77300          inf
Totals          inf          inf          inf      0.77400          inf


Request Latency Distribution
Type     <= msec         Percent
------------------------------------------------------------------------
SET       1.000     97.15607
SET       2.000     98.89036
SET       3.000     99.10878
SET       4.000     99.84558
SET       5.000     99.84799
SET       6.000     99.87933
SET       7.000     99.98133
SET       8.000     99.98973
SET       9.000     99.99465
SET      10.000     99.99476
SET      11.000     99.99530
SET      12.000     99.99618
SET      13.000     99.99705
SET      14.000     99.99825
SET      15.000     99.99836
SET      19.000    100.00000
---
GET       0.066      0.00001
GET       0.067      0.00005
GET       0.069      0.00008
GET       0.072      0.00011
GET       0.073      0.00013
GET       0.074      0.00015
GET       0.075      0.00017
GET       0.076      0.00021
GET       0.077      0.00025
GET       0.078      0.00034
GET       0.079      0.00048
GET       0.080      0.00056
GET       0.081      0.00067
GET       0.082      0.00080
GET       0.083      0.00098
GET       0.084      0.00122
GET       0.085      0.00157
GET       0.086      0.00200
GET       0.087      0.00244
GET       0.088      0.00303
GET       0.089      0.00382
GET       0.090      0.00487
GET       0.091      0.00591
GET       0.092      0.00714
GET       0.093      0.00879
GET       0.094      0.01055
GET       0.095      0.01258
GET       0.096      0.01459
GET       0.097      0.01694
GET       0.098      0.01920
GET       0.099      0.02165
GET       0.100      0.03327
GET       0.110      0.05424
GET       0.120      0.08376
GET       0.130      0.16026
GET       0.140      0.40593
GET       0.150      0.73842
GET       0.160      0.97912
GET       0.170      1.22309
GET       0.180      1.60602
GET       0.190      2.34000
GET       0.200      3.03153
GET       0.210      3.48585
GET       0.220      3.87331
GET       0.230      4.32599
GET       0.240      4.97994
GET       0.250      5.66967
GET       0.260      6.35103
GET       0.270      7.11161
GET       0.280      8.07043
GET       0.290      9.34932
GET       0.300     10.59351
GET       0.310     11.65773
GET       0.320     12.69871
GET       0.330     13.92916
GET       0.340     15.50717
GET       0.350     16.96777
GET       0.360     18.26250
GET       0.370     19.63212
GET       0.380     21.33500
GET       0.390     23.41862
GET       0.400     25.23548
GET       0.410     26.82149
GET       0.420     28.37591
GET       0.430     30.05746
GET       0.440     31.80867
GET       0.450     33.26006
GET       0.460     34.45946
GET       0.470     35.51902
GET       0.480     36.52308
GET       0.490     37.47570
GET       0.500     38.27912
GET       0.510     38.99037
GET       0.520     39.70130
GET       0.530     40.52221
GET       0.540     41.43734
GET       0.550     42.32354
GET       0.560     43.20784
GET       0.570     44.13775
GET       0.580     45.17244
GET       0.590     46.23609
GET       0.600     47.16003
GET       0.610     47.98839
GET       0.620     48.80432
GET       0.630     49.68234
GET       0.640     50.56978
GET       0.650     51.37231
GET       0.660     52.15107
GET       0.670     52.98658
GET       0.680     53.92904
GET       0.690     54.89706
GET       0.700     55.79646
GET       0.710     56.66737
GET       0.720     57.56198
GET       0.730     58.50840
GET       0.740     59.41058
GET       0.750     60.20303
GET       0.760     60.93116
GET       0.770     61.64741
GET       0.780     62.39109
GET       0.790     63.07198
GET       0.800     63.67595
GET       0.810     64.24479
GET       0.820     64.81169
GET       0.830     65.39201
GET       0.840     65.95372
GET       0.850     66.47404
GET       0.860     66.98420
GET       0.870     67.49835
GET       0.880     68.01207
GET       0.890     68.49519
GET       0.900     68.94743
GET       0.910     69.37226
GET       0.920     69.77784
GET       0.930     70.17346
GET       0.940     70.54301
GET       0.950     70.89311
GET       0.960     71.23762
GET       0.970     71.58442
GET       0.980     71.94653
GET       0.990     72.31215
GET       1.000     74.87452
GET       1.100     83.24874
GET       1.200     89.63210
GET       1.300     91.95862
GET       1.400     93.69299
GET       1.500     94.77951
GET       1.600     95.41409
GET       1.700     95.98009
GET       1.800     96.66361
GET       1.900     97.36844
GET       2.000     97.90471
GET       2.100     98.19663
GET       2.200     98.33355
GET       2.300     98.40927
GET       2.400     98.45925
GET       2.500     98.49705
GET       2.600     98.53849
GET       2.700     98.62257
GET       2.800     98.77101
GET       2.900     98.89421
GET       3.000     98.93392
GET       3.100     98.94468
GET       3.200     98.94948
GET       3.300     98.95310
GET       3.400     98.95656
GET       3.500     98.96207
GET       3.600     98.97149
GET       3.700     98.98883
GET       3.800     99.02181
GET       3.900     99.07810
GET       4.000     99.18108
GET       4.100     99.33979
GET       4.200     99.54389
GET       4.300     99.72640
GET       4.400     99.82471
GET       4.500     99.85885
GET       4.600     99.86523
GET       4.700     99.86651
GET       4.800     99.86666
GET       4.900     99.86669
GET       5.000     99.86671
GET       5.100     99.86675
GET       5.200     99.86684
GET       5.300     99.86694
GET       5.400     99.86707
GET       5.500     99.86735
GET       5.600     99.86780
GET       5.700     99.86805
GET       5.800     99.86831
GET       5.900     99.86838
GET       6.000     99.86842
GET       6.100     99.86852
GET       6.200     99.86860
GET       6.300     99.86876
GET       6.400     99.86898
GET       6.500     99.86963
GET       6.600     99.87101
GET       6.700     99.87405
GET       6.800     99.88001
GET       6.900     99.88985
GET       7.000     99.90276
GET       7.100     99.91673
GET       7.200     99.93269
GET       7.300     99.94724
GET       7.400     99.96019
GET       7.500     99.97177
GET       7.600     99.98168
GET       7.700     99.98794
GET       7.800     99.99220
GET       7.900     99.99428
GET       8.000     99.99546
GET       8.100     99.99613
GET       8.200     99.99634
GET       8.300     99.99650
GET       8.400     99.99652
GET       8.500     99.99655
GET       8.600     99.99658
GET       8.700     99.99663
GET       8.800     99.99668
GET       8.900     99.99671
GET       9.000     99.99675
GET      13.000     99.99697
GET      14.000     99.99894
GET      15.000     99.99996
GET      16.000    100.00000
