============== Configuration values: ==============
server = nsl200
port = 11123
unix socket = (null)
protocol = redis
out_file = (null)
client_stats = (null)
run_count = 1
debug = 0
requests = 10000
clients = 50
threads = 4
test_time = 0
ratio = 1:10
pipeline = 1
data_size = 32
data_offset = 0
random_data = no
data_size_range = 0-0
data_size_list =
data_size_pattern = R
expiry_range = 0-0
data_import = (null)
data_verify = no
verify_only = no
generate_keys = no
key_prefix = memtier-
key_minimum = 0
key_maximum = 10000000
key_pattern = R:R
key_stddev = 0.000000
key_median = 0.000000
reconnect_interval = 0
multi_key_get = 0
authenticate =
select-db = 0
no-expiry = no
===================================================
[RUN #1] Preparing benchmark client...
[RUN #1] Launching threads now...
[RUN #1 1%,   0 secs]  4 threads:       26362 ops,       0 (avg:       0) ops/sec, 0.00KB/sec (avg: 0.00KB/sec),  0.00 (avg:  0.00) msec latency[RUN #1 2%,   1 secs]  4 threads:       44669 ops,   18304 (avg:   22337) ops/sec, 698.65KB/sec (avg: 851.81KB/sec), 10.93 (avg:  8.92) msec latency[RUN #1 3%,   2 secs]  4 threads:       62869 ops,   18197 (avg:   20957) ops/sec, 689.32KB/sec (avg: 797.64KB/sec), 10.97 (avg:  9.52) msec latency[RUN #1 4%,   3 secs]  4 threads:       81162 ops,   18290 (avg:   20290) ops/sec, 692.28KB/sec (avg: 771.29KB/sec), 10.96 (avg:  9.84) msec latency[RUN #1 5%,   5 secs]  4 threads:       99362 ops,   18197 (avg:   19872) ops/sec, 694.53KB/sec (avg: 755.94KB/sec), 10.97 (avg: 10.05) msec latency[RUN #1 6%,   6 secs]  4 threads:      117725 ops,   18360 (avg:   19620) ops/sec, 694.85KB/sec (avg: 745.76KB/sec), 10.90 (avg: 10.18) msec latency[RUN #1 7%,   7 secs]  4 threads:      136069 ops,   18341 (avg:   19437) ops/sec, 694.46KB/sec (avg: 738.43KB/sec), 10.90 (avg: 10.28) msec latency[RUN #1 8%,   8 secs]  4 threads:      154362 ops,   18290 (avg:   19294) ops/sec, 698.21KB/sec (avg: 733.40KB/sec), 10.91 (avg: 10.35) msec latency[RUN #1 9%,   9 secs]  4 threads:      172759 ops,   18394 (avg:   19194) ops/sec, 697.15KB/sec (avg: 729.37KB/sec), 10.90 (avg: 10.41) msec latency[RUN #1 10%,  10 secs]  4 threads:      191069 ops,   18307 (avg:   19105) ops/sec, 692.83KB/sec (avg: 725.72KB/sec), 10.91 (avg: 10.46) msec latency[RUN #1 10%,  11 secs]  4 threads:      209362 ops,   18290 (avg:   19031) ops/sec, 698.66KB/sec (avg: 723.26KB/sec), 10.91 (avg: 10.50) msec latency[RUN #1 11%,  12 secs]  4 threads:      227762 ops,   18396 (avg:   18978) ops/sec, 697.54KB/sec (avg: 721.11KB/sec), 10.89 (avg: 10.53) msec latency[RUN #1 12%,  13 secs]  4 threads:      246069 ops,   18304 (avg:   18926) ops/sec, 692.45KB/sec (avg: 718.91KB/sec), 10.90 (avg: 10.56) msec latency[RUN #1 13%,  14 secs]  4 threads:      264469 ops,   18397 (avg:   18888) ops/sec, 704.39KB/sec (avg: 717.87KB/sec), 10.91 (avg: 10.58) msec latency[RUN #1 14%,  15 secs]  4 threads:      282762 ops,   18290 (avg:   18848) ops/sec, 693.54KB/sec (avg: 716.25KB/sec), 10.92 (avg: 10.60) msec latency[RUN #1 15%,  16 secs]  4 threads:      301069 ops,   18304 (avg:   18814) ops/sec, 692.00KB/sec (avg: 714.73KB/sec), 10.90 (avg: 10.62) msec latency[RUN #1 16%,  17 secs]  4 threads:      319469 ops,   18397 (avg:   18790) ops/sec, 703.07KB/sec (avg: 714.05KB/sec), 10.89 (avg: 10.64) msec latency[RUN #1 17%,  18 secs]  4 threads:      337762 ops,   18290 (avg:   18762) ops/sec, 693.54KB/sec (avg: 712.91KB/sec), 10.91 (avg: 10.65) msec latency[RUN #1 18%,  19 secs]  4 threads:      356145 ops,   18380 (avg:   18742) ops/sec, 695.35KB/sec (avg: 711.98KB/sec), 10.90 (avg: 10.67) msec latency[RUN #1 19%,  20 secs]  4 threads:      374469 ops,   18321 (avg:   18721) ops/sec, 700.31KB/sec (avg: 711.40KB/sec), 10.90 (avg: 10.68) msec latency[RUN #1 20%,  21 secs]  4 threads:      392762 ops,   18290 (avg:   18700) ops/sec, 692.37KB/sec (avg: 710.49KB/sec), 10.92 (avg: 10.69) msec latency[RUN #1 21%,  22 secs]  4 threads:      411102 ops,   18337 (avg:   18684) ops/sec, 693.87KB/sec (avg: 709.74KB/sec), 10.90 (avg: 10.70) msec latency[RUN #1 21%,  23 secs]  4 threads:      429389 ops,   18284 (avg:   18667) ops/sec, 698.12KB/sec (avg: 709.23KB/sec), 10.93 (avg: 10.71) msec latency[RUN #1 22%,  24 secs]  4 threads:      447762 ops,   18370 (avg:   18654) ops/sec, 695.99KB/sec (avg: 708.68KB/sec), 10.92 (avg: 10.72) msec latency[RUN #1 23%,  25 secs]  4 threads:      466069 ops,   18304 (avg:   18640) ops/sec, 691.93KB/sec (avg: 708.01KB/sec), 10.91 (avg: 10.72) msec latency[RUN #1 24%,  26 secs]  4 threads:      484362 ops,   18290 (avg:   18627) ops/sec, 699.45KB/sec (avg: 707.68KB/sec), 10.92 (avg: 10.73) msec latency[RUN #1 25%,  27 secs]  4 threads:      502727 ops,   18362 (avg:   18617) ops/sec, 696.59KB/sec (avg: 707.27KB/sec), 10.90 (avg: 10.74) msec latency[RUN #1 26%,  28 secs]  4 threads:      521069 ops,   18339 (avg:   18607) ops/sec, 693.88KB/sec (avg: 706.79KB/sec), 10.89 (avg: 10.74) msec latency[RUN #1 27%,  29 secs]  4 threads:      539372 ops,   18300 (avg:   18596) ops/sec, 698.93KB/sec (avg: 706.52KB/sec), 10.90 (avg: 10.75) msec latency[RUN #1 28%,  30 secs]  4 threads:      557669 ops,   18295 (avg:   18586) ops/sec, 693.76KB/sec (avg: 706.10KB/sec), 10.93 (avg: 10.75) msec latency[RUN #1 29%,  31 secs]  4 threads:      576069 ops,   18397 (avg:   18580) ops/sec, 696.48KB/sec (avg: 705.79KB/sec), 10.91 (avg: 10.76) msec latency[RUN #1 30%,  32 secs]  4 threads:      594362 ops,   18290 (avg:   18571) ops/sec, 699.45KB/sec (avg: 705.59KB/sec), 10.89 (avg: 10.76) msec latency[RUN #1 31%,  33 secs]  4 threads:      612762 ops,   18397 (avg:   18566) ops/sec, 697.95KB/sec (avg: 705.36KB/sec), 10.89 (avg: 10.77) msec latency[RUN #1 32%,  34 secs]  4 threads:      631069 ops,   18304 (avg:   18558) ops/sec, 692.71KB/sec (avg: 704.98KB/sec), 10.91 (avg: 10.77) msec latency[RUN #1 32%,  35 secs]  4 threads:      649362 ops,   18290 (avg:   18550) ops/sec, 698.29KB/sec (avg: 704.79KB/sec), 10.93 (avg: 10.78) msec latency[RUN #1 33%,  36 secs]  4 threads:      667762 ops,   18397 (avg:   18546) ops/sec, 697.17KB/sec (avg: 704.58KB/sec), 10.88 (avg: 10.78) msec latency[RUN #1 34%,  37 secs]  4 threads:      686152 ops,   18387 (avg:   18542) ops/sec, 696.14KB/sec (avg: 704.35KB/sec), 10.90 (avg: 10.78) msec latency[RUN #1 35%,  38 secs]  4 threads:      704469 ops,   18314 (avg:   18536) ops/sec, 700.45KB/sec (avg: 704.25KB/sec), 10.90 (avg: 10.78) msec latency[RUN #1 36%,  39 secs]  4 threads:      722762 ops,   18290 (avg:   18530) ops/sec, 693.50KB/sec (avg: 703.97KB/sec), 10.91 (avg: 10.79) msec latency[RUN #1 37%,  40 secs]  4 threads:      741162 ops,   18397 (avg:   18526) ops/sec, 694.74KB/sec (avg: 703.74KB/sec), 10.87 (avg: 10.79) msec latency[RUN #1 38%,  41 secs]  4 threads:      759562 ops,   18397 (avg:   18523) ops/sec, 703.65KB/sec (avg: 703.74KB/sec), 10.89 (avg: 10.79) msec latency[RUN #1 39%,  42 secs]  4 threads:      777962 ops,   18397 (avg:   18520) ops/sec, 697.01KB/sec (avg: 703.58KB/sec), 10.86 (avg: 10.79) msec latency[RUN #1 40%,  43 secs]  4 threads:      796334 ops,   18369 (avg:   18517) ops/sec, 696.14KB/sec (avg: 703.41KB/sec), 10.89 (avg: 10.80) msec latency[RUN #1 41%,  44 secs]  4 threads:      814669 ops,   18332 (avg:   18512) ops/sec, 699.85KB/sec (avg: 703.33KB/sec), 10.88 (avg: 10.80) msec latency[RUN #1 42%,  45 secs]  4 threads:      833069 ops,   18397 (avg:   18510) ops/sec, 696.03KB/sec (avg: 703.17KB/sec), 10.91 (avg: 10.80) msec latency[RUN #1 43%,  46 secs]  4 threads:      851362 ops,   18290 (avg:   18505) ops/sec, 694.52KB/sec (avg: 702.98KB/sec), 10.91 (avg: 10.80) msec latency[RUN #1 43%,  47 secs]  4 threads:      869669 ops,   18304 (avg:   18501) ops/sec, 699.17KB/sec (avg: 702.90KB/sec), 10.92 (avg: 10.81) msec latency[RUN #1 44%,  48 secs]  4 threads:      888069 ops,   18397 (avg:   18499) ops/sec, 695.44KB/sec (avg: 702.74KB/sec), 10.89 (avg: 10.81) msec latency[RUN #1 45%,  49 secs]  4 threads:      906362 ops,   18290 (avg:   18494) ops/sec, 694.19KB/sec (avg: 702.57KB/sec), 10.90 (avg: 10.81) msec latency[RUN #1 46%,  50 secs]  4 threads:      924669 ops,   18304 (avg:   18490) ops/sec, 697.94KB/sec (avg: 702.47KB/sec), 10.91 (avg: 10.81) msec latency[RUN #1 47%,  51 secs]  4 threads:      943069 ops,   18397 (avg:   18489) ops/sec, 696.62KB/sec (avg: 702.36KB/sec), 10.91 (avg: 10.81) msec latency[RUN #1 48%,  52 secs]  4 threads:      961362 ops,   18290 (avg:   18485) ops/sec, 694.71KB/sec (avg: 702.21KB/sec), 10.91 (avg: 10.81) msec latency[RUN #1 49%,  53 secs]  4 threads:      979684 ops,   18319 (avg:   18482) ops/sec, 697.56KB/sec (avg: 702.12KB/sec), 10.89 (avg: 10.82) msec latency[RUN #1 50%,  54 secs]  4 threads:      998069 ops,   18382 (avg:   18480) ops/sec, 696.05KB/sec (avg: 702.01KB/sec), 10.92 (avg: 10.82) msec latency[RUN #1 51%,  55 secs]  4 threads:     1016362 ops,   18290 (avg:   18476) ops/sec, 695.14KB/sec (avg: 701.89KB/sec), 10.92 (avg: 10.82) msec latency[RUN #1 52%,  56 secs]  4 threads:     1034669 ops,   18304 (avg:   18473) ops/sec, 698.59KB/sec (avg: 701.83KB/sec), 10.90 (avg: 10.82) msec latency[RUN #1 53%,  57 secs]  4 threads:     1053069 ops,   18397 (avg:   18472) ops/sec, 696.43KB/sec (avg: 701.73KB/sec), 10.89 (avg: 10.82) msec latency[RUN #1 54%,  58 secs]  4 threads:     1071469 ops,   18397 (avg:   18471) ops/sec, 700.49KB/sec (avg: 701.71KB/sec), 10.87 (avg: 10.82) msec latency[RUN #1 54%,  59 secs]  4 threads:     1089762 ops,   18290 (avg:   18468) ops/sec, 696.22KB/sec (avg: 701.62KB/sec), 10.90 (avg: 10.82) msec latency[RUN #1 55%,  60 secs]  4 threads:     1108162 ops,   18397 (avg:   18466) ops/sec, 694.23KB/sec (avg: 701.50KB/sec), 10.89 (avg: 10.83) msec latency[RUN #1 56%,  61 secs]  4 threads:     1126469 ops,   18304 (avg:   18464) ops/sec, 696.98KB/sec (avg: 701.42KB/sec), 10.92 (avg: 10.83) msec latency[RUN #1 57%,  62 secs]  4 threads:     1144869 ops,   18397 (avg:   18463) ops/sec, 699.83KB/sec (avg: 701.40KB/sec), 10.89 (avg: 10.83) msec latency[RUN #1 58%,  63 secs]  4 threads:     1163269 ops,   18397 (avg:   18462) ops/sec, 694.85KB/sec (avg: 701.29KB/sec), 10.87 (avg: 10.83) msec latency[RUN #1 59%,  64 secs]  4 threads:     1181562 ops,   18290 (avg:   18459) ops/sec, 697.42KB/sec (avg: 701.23KB/sec), 10.89 (avg: 10.83) msec latency[RUN #1 60%,  65 secs]  4 threads:     1199962 ops,   18397 (avg:   18458) ops/sec, 698.10KB/sec (avg: 701.18KB/sec), 10.87 (avg: 10.83) msec latency[RUN #1 61%,  66 secs]  4 threads:     1218362 ops,   18397 (avg:   18457) ops/sec, 695.40KB/sec (avg: 701.10KB/sec), 10.86 (avg: 10.83) msec latency[RUN #1 62%,  67 secs]  4 threads:     1236762 ops,   18397 (avg:   18456) ops/sec, 703.01KB/sec (avg: 701.12KB/sec), 10.86 (avg: 10.83) msec latency[RUN #1 63%,  68 secs]  4 threads:     1255269 ops,   18504 (avg:   18457) ops/sec, 700.04KB/sec (avg: 701.11KB/sec), 10.85 (avg: 10.83) msec latency[RUN #1 64%,  69 secs]  4 threads:     1273669 ops,   18397 (avg:   18456) ops/sec, 697.25KB/sec (avg: 701.05KB/sec), 10.85 (avg: 10.83) msec latency[RUN #1 65%,  70 secs]  4 threads:     1292090 ops,   18418 (avg:   18455) ops/sec, 702.84KB/sec (avg: 701.08KB/sec), 10.83 (avg: 10.83) msec latency[RUN #1 66%,  71 secs]  4 threads:     1310562 ops,   18469 (avg:   18456) ops/sec, 699.09KB/sec (avg: 701.05KB/sec), 10.84 (avg: 10.83) msec latency[RUN #1 66%,  72 secs]  4 threads:     1328962 ops,   18396 (avg:   18455) ops/sec, 701.07KB/sec (avg: 701.05KB/sec), 10.84 (avg: 10.83) msec latency[RUN #1 67%,  73 secs]  4 threads:     1347469 ops,   18504 (avg:   18455) ops/sec, 701.79KB/sec (avg: 701.06KB/sec), 10.84 (avg: 10.83) msec latency[RUN #1 68%,  74 secs]  4 threads:     1365962 ops,   18490 (avg:   18456) ops/sec, 699.85KB/sec (avg: 701.04KB/sec), 10.81 (avg: 10.83) msec latency[RUN #1 69%,  75 secs]  4 threads:     1384381 ops,   18416 (avg:   18455) ops/sec, 703.58KB/sec (avg: 701.08KB/sec), 10.83 (avg: 10.83) msec latency[RUN #1 70%,  76 secs]  4 threads:     1402811 ops,   18427 (avg:   18455) ops/sec, 696.02KB/sec (avg: 701.01KB/sec), 10.86 (avg: 10.83) msec latency[RUN #1 71%,  77 secs]  4 threads:     1421252 ops,   18438 (avg:   18455) ops/sec, 700.35KB/sec (avg: 701.00KB/sec), 10.86 (avg: 10.83) msec latency[RUN #1 72%,  78 secs]  4 threads:     1439619 ops,   18364 (avg:   18454) ops/sec, 698.77KB/sec (avg: 700.97KB/sec), 10.87 (avg: 10.83) msec latency[RUN #1 73%,  79 secs]  4 threads:     1458069 ops,   18447 (avg:   18454) ops/sec, 695.64KB/sec (avg: 700.91KB/sec), 10.86 (avg: 10.83) msec latency[RUN #1 74%,  80 secs]  4 threads:     1476469 ops,   18396 (avg:   18453) ops/sec, 701.54KB/sec (avg: 700.91KB/sec), 10.84 (avg: 10.83) msec latency[RUN #1 75%,  81 secs]  4 threads:     1494962 ops,   18490 (avg:   18453) ops/sec, 700.73KB/sec (avg: 700.91KB/sec), 10.83 (avg: 10.83) msec latency[RUN #1 76%,  82 secs]  4 threads:     1513362 ops,   18397 (avg:   18453) ops/sec, 696.28KB/sec (avg: 700.86KB/sec), 10.83 (avg: 10.83) msec latency[RUN #1 77%,  83 secs]  4 threads:     1531869 ops,   18504 (avg:   18453) ops/sec, 707.31KB/sec (avg: 700.93KB/sec), 10.83 (avg: 10.83) msec latency[RUN #1 78%,  84 secs]  4 threads:     1550362 ops,   18490 (avg:   18454) ops/sec, 707.03KB/sec (avg: 701.01KB/sec), 10.82 (avg: 10.83) msec latency[RUN #1 78%,  85 secs]  4 threads:     1568762 ops,   18397 (avg:   18453) ops/sec, 700.51KB/sec (avg: 701.00KB/sec), 10.83 (avg: 10.83) msec latency[RUN #1 79%,  86 secs]  4 threads:     1587269 ops,   18504 (avg:   18454) ops/sec, 702.55KB/sec (avg: 701.02KB/sec), 10.84 (avg: 10.83) msec latency[RUN #1 80%,  87 secs]  4 threads:     1605669 ops,   18397 (avg:   18453) ops/sec, 695.51KB/sec (avg: 700.96KB/sec), 10.87 (avg: 10.83) msec latency[RUN #1 81%,  88 secs]  4 threads:     1624069 ops,   18397 (avg:   18452) ops/sec, 703.14KB/sec (avg: 700.98KB/sec), 10.84 (avg: 10.83) msec latency[RUN #1 82%,  89 secs]  4 threads:     1642469 ops,   18397 (avg:   18452) ops/sec, 695.95KB/sec (avg: 700.92KB/sec), 10.87 (avg: 10.83) msec latency[RUN #1 83%,  90 secs]  4 threads:     1660869 ops,   18397 (avg:   18451) ops/sec, 696.64KB/sec (avg: 700.88KB/sec), 10.86 (avg: 10.83) msec latency[RUN #1 84%,  91 secs]  4 threads:     1679362 ops,   18490 (avg:   18451) ops/sec, 705.54KB/sec (avg: 700.93KB/sec), 10.84 (avg: 10.83) msec latency[RUN #1 85%,  92 secs]  4 threads:     1697762 ops,   18397 (avg:   18451) ops/sec, 695.33KB/sec (avg: 700.87KB/sec), 10.86 (avg: 10.84) msec latency[RUN #1 86%,  93 secs]  4 threads:     1716162 ops,   18397 (avg:   18450) ops/sec, 701.36KB/sec (avg: 700.87KB/sec), 10.87 (avg: 10.84) msec latency[RUN #1 87%,  94 secs]  4 threads:     1734562 ops,   18397 (avg:   18450) ops/sec, 698.70KB/sec (avg: 700.85KB/sec), 10.86 (avg: 10.84) msec latency[RUN #1 88%,  95 secs]  4 threads:     1752962 ops,   18397 (avg:   18449) ops/sec, 694.64KB/sec (avg: 700.78KB/sec), 10.87 (avg: 10.84) msec latency[RUN #1 89%,  96 secs]  4 threads:     1771362 ops,   18397 (avg:   18449) ops/sec, 702.84KB/sec (avg: 700.80KB/sec), 10.87 (avg: 10.84) msec latency[RUN #1 89%,  97 secs]  4 threads:     1789762 ops,   18397 (avg:   18448) ops/sec, 697.38KB/sec (avg: 700.77KB/sec), 10.86 (avg: 10.84) msec latency[RUN #1 90%,  98 secs]  4 threads:     1808162 ops,   18397 (avg:   18448) ops/sec, 695.34KB/sec (avg: 700.71KB/sec), 10.87 (avg: 10.84) msec latency[RUN #1 91%,  99 secs]  4 threads:     1826562 ops,   18398 (avg:   18447) ops/sec, 703.29KB/sec (avg: 700.74KB/sec), 10.86 (avg: 10.84) msec latency[RUN #1 92%, 100 secs]  4 threads:     1844962 ops,   18397 (avg:   18447) ops/sec, 695.45KB/sec (avg: 700.69KB/sec), 10.86 (avg: 10.84) msec latency[RUN #1 93%, 101 secs]  4 threads:     1863362 ops,   18397 (avg:   18446) ops/sec, 697.81KB/sec (avg: 700.66KB/sec), 10.86 (avg: 10.84) msec latency[RUN #1 94%, 102 secs]  4 threads:     1881762 ops,   18397 (avg:   18446) ops/sec, 701.63KB/sec (avg: 700.67KB/sec), 10.86 (avg: 10.84) msec latency[RUN #1 95%, 103 secs]  4 threads:     1900172 ops,   18407 (avg:   18445) ops/sec, 695.36KB/sec (avg: 700.62KB/sec), 10.86 (avg: 10.84) msec latency[RUN #1 96%, 104 secs]  4 threads:     1918562 ops,   18387 (avg:   18445) ops/sec, 702.56KB/sec (avg: 700.63KB/sec), 10.88 (avg: 10.84) msec latency[RUN #1 97%, 105 secs]  4 threads:     1936962 ops,   18397 (avg:   18444) ops/sec, 698.10KB/sec (avg: 700.61KB/sec), 10.86 (avg: 10.84) msec latency[RUN #1 98%, 106 secs]  4 threads:     1955469 ops,   18504 (avg:   18445) ops/sec, 699.18KB/sec (avg: 700.60KB/sec), 10.84 (avg: 10.84) msec latency[RUN #1 99%, 107 secs]  4 threads:     1973869 ops,   18397 (avg:   18444) ops/sec, 702.14KB/sec (avg: 700.61KB/sec), 10.87 (avg: 10.84) msec latency[RUN #1 100%, 108 secs]  4 threads:     1992269 ops,   18397 (avg:   18444) ops/sec, 696.70KB/sec (avg: 700.58KB/sec), 10.86 (avg: 10.84) msec latency[RUN #1 100%, 108 secs]  0 threads:     2000000 ops,   18397 (avg:   18445) ops/sec, 696.70KB/sec (avg: 700.63KB/sec), 10.86 (avg: 10.84) msec latency

4         Threads
50        Connections per thread
10000     Requests per thread
Type        Ops/sec     Hits/sec   Misses/sec      Latency       KB/sec
------------------------------------------------------------------------
Sets        1678.45          ---          ---     10.89300       129.28
Gets       16766.09         1.84     16764.25     10.83300       571.33
Totals     18444.54         1.84     16764.25     10.83900       700.61


Request Latency Distribution
Type     <= msec         Percent
------------------------------------------------------------------------
SET       1.000         0.08
SET       2.000         0.10
SET       3.000         0.12
SET       4.000         0.47
SET       5.000         0.65
SET       6.000         0.66
SET       7.000         0.68
SET       9.000         0.72
SET      10.000        70.53
SET      11.000        99.95
SET      12.000        99.99
SET      13.000       100.00
---
GET       0.950         0.00
GET       0.970         0.00
GET       0.980         0.00
GET       0.990         0.00
GET       1.000         0.00
GET       1.100         0.00
GET       1.200         0.01
GET       1.300         0.02
GET       1.400         0.03
GET       1.500         0.04
GET       1.600         0.05
GET       1.700         0.06
GET       1.800         0.07
GET       1.900         0.08
GET       2.000         0.09
GET       2.100         0.10
GET       2.200         0.10
GET       2.300         0.11
GET       2.400         0.12
GET       2.500         0.12
GET       2.600         0.14
GET       2.700         0.15
GET       2.800         0.16
GET       2.900         0.16
GET       3.000         0.17
GET       3.100         0.17
GET       3.200         0.17
GET       3.300         0.17
GET       3.400         0.17
GET       3.500         0.18
GET       3.600         0.18
GET       3.700         0.18
GET       3.800         0.18
GET       3.900         0.18
GET       4.000         0.19
GET       4.100         0.19
GET       4.200         0.21
GET       4.300         0.23
GET       4.400         0.29
GET       4.500         0.44
GET       4.600         0.50
GET       4.700         0.52
GET       4.800         0.53
GET       4.900         0.54
GET       5.000         0.56
GET       5.100         0.57
GET       5.200         0.57
GET       5.300         0.58
GET       5.400         0.58
GET       5.500         0.59
GET       5.600         0.59
GET       5.700         0.59
GET       5.800         0.60
GET       5.900         0.60
GET       6.000         0.60
GET       6.100         0.61
GET       6.200         0.61
GET       6.300         0.62
GET       6.400         0.62
GET       6.500         0.62
GET       6.600         0.63
GET       6.700         0.63
GET       6.800         0.63
GET       6.900         0.63
GET       7.400         0.63
GET       7.500         0.64
GET       7.600         0.64
GET       7.700         0.64
GET       7.800         0.64
GET       7.900         0.64
GET       8.000         0.64
GET       8.300         0.64
GET       8.400         0.64
GET       8.500         0.64
GET       8.600         0.64
GET       8.700         0.64
GET       8.800         0.65
GET       8.900         0.65
GET       9.200         0.65
GET       9.300         0.65
GET       9.400         0.65
GET       9.500         0.65
GET       9.600         0.65
GET       9.700         0.65
GET       9.800         0.65
GET       9.900         0.65
GET      10.000         0.75
GET      11.000        99.93
GET      12.000        99.98
GET      13.000       100.00
GET      14.000       100.00
