============== Configuration values: ==============
server = nsl200
port = 11123
unix socket = (null)
protocol = redis
out_file = (null)
client_stats = (null)
run_count = 1
debug = 0
requests = 10000
clients = 50
threads = 4
test_time = 0
ratio = 1:10
pipeline = 1
data_size = 32
data_offset = 0
random_data = no
data_size_range = 0-0
data_size_list =
data_size_pattern = R
expiry_range = 0-0
data_import = (null)
data_verify = no
verify_only = no
generate_keys = no
key_prefix = memtier-
key_minimum = 0
key_maximum = 10000000
key_pattern = R:R
key_stddev = 0.000000
key_median = 0.000000
reconnect_interval = 0
multi_key_get = 0
authenticate =
select-db = 0
no-expiry = no
===================================================
[RUN #1] Preparing benchmark client...
[RUN #1] Launching threads now...
[RUN #1 1%,   0 secs]  4 threads:       23836 ops,       0 (avg:       0) ops/sec, 0.00KB/sec (avg: 0.00KB/sec),  0.00 (avg:  0.00) msec latency[RUN #1 2%,   1 secs]  4 threads:       42138 ops,   18299 (avg:   21080) ops/sec, 701.24KB/sec (avg: 804.55KB/sec), 10.94 (avg:  9.45) msec latency[RUN #1 3%,   2 secs]  4 threads:       60371 ops,   18230 (avg:   20130) ops/sec, 690.57KB/sec (avg: 766.54KB/sec), 10.97 (avg:  9.91) msec latency[RUN #1 4%,   3 secs]  4 threads:       78636 ops,   18259 (avg:   19662) ops/sec, 691.20KB/sec (avg: 747.70KB/sec), 10.96 (avg: 10.16) msec latency[RUN #1 5%,   4 secs]  4 threads:       96836 ops,   18197 (avg:   19369) ops/sec, 690.31KB/sec (avg: 736.22KB/sec), 10.97 (avg: 10.31) msec latency[RUN #1 6%,   5 secs]  4 threads:      115236 ops,   18397 (avg:   19207) ops/sec, 700.73KB/sec (avg: 730.30KB/sec), 10.90 (avg: 10.40) msec latency[RUN #1 7%,   6 secs]  4 threads:      133538 ops,   18299 (avg:   19077) ops/sec, 692.22KB/sec (avg: 724.86KB/sec), 10.91 (avg: 10.47) msec latency[RUN #1 8%,   7 secs]  4 threads:      151836 ops,   18295 (avg:   18979) ops/sec, 694.46KB/sec (avg: 721.06KB/sec), 10.91 (avg: 10.53) msec latency[RUN #1 9%,   9 secs]  4 threads:      170236 ops,   18397 (avg:   18914) ops/sec, 701.45KB/sec (avg: 718.88KB/sec), 10.89 (avg: 10.57) msec latency[RUN #1 9%,  10 secs]  4 threads:      188538 ops,   18299 (avg:   18853) ops/sec, 692.64KB/sec (avg: 716.26KB/sec), 10.91 (avg: 10.60) msec latency[RUN #1 10%,  11 secs]  4 threads:      206836 ops,   18295 (avg:   18802) ops/sec, 694.23KB/sec (avg: 714.25KB/sec), 10.91 (avg: 10.63) msec latency[RUN #1 11%,  12 secs]  4 threads:      225236 ops,   18397 (avg:   18768) ops/sec, 702.27KB/sec (avg: 713.25KB/sec), 10.88 (avg: 10.65) msec latency[RUN #1 12%,  13 secs]  4 threads:      243571 ops,   18332 (avg:   18735) ops/sec, 693.37KB/sec (avg: 711.73KB/sec), 10.90 (avg: 10.67) msec latency[RUN #1 13%,  14 secs]  4 threads:      261938 ops,   18364 (avg:   18708) ops/sec, 700.62KB/sec (avg: 710.93KB/sec), 10.91 (avg: 10.68) msec latency[RUN #1 14%,  15 secs]  4 threads:      280236 ops,   18295 (avg:   18681) ops/sec, 696.50KB/sec (avg: 709.97KB/sec), 10.92 (avg: 10.70) msec latency[RUN #1 15%,  16 secs]  4 threads:      298538 ops,   18299 (avg:   18657) ops/sec, 691.47KB/sec (avg: 708.81KB/sec), 10.90 (avg: 10.71) msec latency[RUN #1 16%,  17 secs]  4 threads:      316938 ops,   18397 (avg:   18642) ops/sec, 700.39KB/sec (avg: 708.32KB/sec), 10.89 (avg: 10.72) msec latency[RUN #1 17%,  18 secs]  4 threads:      335236 ops,   18295 (avg:   18622) ops/sec, 696.50KB/sec (avg: 707.66KB/sec), 10.91 (avg: 10.73) msec latency[RUN #1 18%,  19 secs]  4 threads:      353636 ops,   18397 (avg:   18610) ops/sec, 695.99KB/sec (avg: 707.05KB/sec), 10.90 (avg: 10.74) msec latency[RUN #1 19%,  20 secs]  4 threads:      371938 ops,   18299 (avg:   18595) ops/sec, 696.85KB/sec (avg: 706.54KB/sec), 10.91 (avg: 10.75) msec latency[RUN #1 20%,  21 secs]  4 threads:      390236 ops,   18295 (avg:   18581) ops/sec, 694.93KB/sec (avg: 705.98KB/sec), 10.91 (avg: 10.76) msec latency[RUN #1 20%,  22 secs]  4 threads:      408636 ops,   18397 (avg:   18572) ops/sec, 695.99KB/sec (avg: 705.53KB/sec), 10.91 (avg: 10.76) msec latency[RUN #1 21%,  23 secs]  4 threads:      426936 ops,   18297 (avg:   18560) ops/sec, 696.80KB/sec (avg: 705.15KB/sec), 10.93 (avg: 10.77) msec latency[RUN #1 22%,  24 secs]  4 threads:      445236 ops,   18297 (avg:   18549) ops/sec, 695.59KB/sec (avg: 704.75KB/sec), 10.91 (avg: 10.78) msec latency[RUN #1 23%,  25 secs]  4 threads:      463538 ops,   18299 (avg:   18539) ops/sec, 691.27KB/sec (avg: 704.21KB/sec), 10.92 (avg: 10.78) msec latency[RUN #1 24%,  26 secs]  4 threads:      481836 ops,   18295 (avg:   18530) ops/sec, 695.21KB/sec (avg: 703.87KB/sec), 10.91 (avg: 10.79) msec latency[RUN #1 25%,  27 secs]  4 threads:      500236 ops,   18397 (avg:   18525) ops/sec, 702.28KB/sec (avg: 703.81KB/sec), 10.90 (avg: 10.79) msec latency[RUN #1 26%,  28 secs]  4 threads:      518538 ops,   18299 (avg:   18517) ops/sec, 692.86KB/sec (avg: 703.42KB/sec), 10.90 (avg: 10.79) msec latency[RUN #1 27%,  29 secs]  4 threads:      536923 ops,   18382 (avg:   18512) ops/sec, 700.07KB/sec (avg: 703.30KB/sec), 10.90 (avg: 10.80) msec latency[RUN #1 28%,  30 secs]  4 threads:      555230 ops,   18304 (avg:   18505) ops/sec, 695.45KB/sec (avg: 703.04KB/sec), 10.93 (avg: 10.80) msec latency[RUN #1 29%,  31 secs]  4 threads:      573538 ops,   18305 (avg:   18499) ops/sec, 693.04KB/sec (avg: 702.72KB/sec), 10.91 (avg: 10.81) msec latency[RUN #1 30%,  32 secs]  4 threads:      591917 ops,   18376 (avg:   18495) ops/sec, 700.78KB/sec (avg: 702.66KB/sec), 10.89 (avg: 10.81) msec latency[RUN #1 31%,  33 secs]  4 threads:      610236 ops,   18316 (avg:   18489) ops/sec, 697.09KB/sec (avg: 702.49KB/sec), 10.89 (avg: 10.81) msec latency[RUN #1 31%,  34 secs]  4 threads:      628538 ops,   18299 (avg:   18484) ops/sec, 692.44KB/sec (avg: 702.19KB/sec), 10.92 (avg: 10.81) msec latency[RUN #1 32%,  35 secs]  4 threads:      646881 ops,   18340 (avg:   18480) ops/sec, 696.88KB/sec (avg: 702.04KB/sec), 10.92 (avg: 10.82) msec latency[RUN #1 33%,  36 secs]  4 threads:      665236 ops,   18352 (avg:   18476) ops/sec, 699.17KB/sec (avg: 701.96KB/sec), 10.88 (avg: 10.82) msec latency[RUN #1 34%,  37 secs]  4 threads:      683636 ops,   18397 (avg:   18474) ops/sec, 696.25KB/sec (avg: 701.81KB/sec), 10.90 (avg: 10.82) msec latency[RUN #1 35%,  38 secs]  4 threads:      701938 ops,   18299 (avg:   18469) ops/sec, 697.23KB/sec (avg: 701.69KB/sec), 10.90 (avg: 10.82) msec latency[RUN #1 36%,  39 secs]  4 threads:      720323 ops,   18382 (avg:   18467) ops/sec, 699.47KB/sec (avg: 701.63KB/sec), 10.91 (avg: 10.83) msec latency[RUN #1 37%,  40 secs]  4 threads:      738636 ops,   18310 (avg:   18463) ops/sec, 691.79KB/sec (avg: 701.38KB/sec), 10.88 (avg: 10.83) msec latency[RUN #1 38%,  41 secs]  4 threads:      757036 ops,   18397 (avg:   18462) ops/sec, 702.69KB/sec (avg: 701.42KB/sec), 10.88 (avg: 10.83) msec latency[RUN #1 39%,  42 secs]  4 threads:      775436 ops,   18396 (avg:   18460) ops/sec, 697.72KB/sec (avg: 701.33KB/sec), 10.87 (avg: 10.83) msec latency[RUN #1 40%,  43 secs]  4 threads:      793836 ops,   18397 (avg:   18459) ops/sec, 694.83KB/sec (avg: 701.18KB/sec), 10.89 (avg: 10.83) msec latency[RUN #1 41%,  44 secs]  4 threads:      812212 ops,   18373 (avg:   18457) ops/sec, 703.16KB/sec (avg: 701.22KB/sec), 10.88 (avg: 10.83) msec latency[RUN #1 42%,  45 secs]  4 threads:      830538 ops,   18323 (avg:   18454) ops/sec, 694.25KB/sec (avg: 701.07KB/sec), 10.91 (avg: 10.83) msec latency[RUN #1 42%,  46 secs]  4 threads:      848836 ops,   18295 (avg:   18450) ops/sec, 691.53KB/sec (avg: 700.86KB/sec), 10.92 (avg: 10.83) msec latency[RUN #1 43%,  47 secs]  4 threads:      867138 ops,   18299 (avg:   18447) ops/sec, 701.41KB/sec (avg: 700.87KB/sec), 10.92 (avg: 10.84) msec latency[RUN #1 44%,  48 secs]  4 threads:      885538 ops,   18397 (avg:   18446) ops/sec, 696.40KB/sec (avg: 700.78KB/sec), 10.89 (avg: 10.84) msec latency[RUN #1 45%,  49 secs]  4 threads:      903836 ops,   18295 (avg:   18443) ops/sec, 690.94KB/sec (avg: 700.58KB/sec), 10.91 (avg: 10.84) msec latency[RUN #1 46%,  50 secs]  4 threads:      922207 ops,   18368 (avg:   18441) ops/sec, 702.40KB/sec (avg: 700.61KB/sec), 10.90 (avg: 10.84) msec latency[RUN #1 47%,  51 secs]  4 threads:      940538 ops,   18328 (avg:   18439) ops/sec, 694.82KB/sec (avg: 700.50KB/sec), 10.91 (avg: 10.84) msec latency[RUN #1 48%,  52 secs]  4 threads:      958836 ops,   18295 (avg:   18436) ops/sec, 692.50KB/sec (avg: 700.35KB/sec), 10.92 (avg: 10.84) msec latency[RUN #1 49%,  53 secs]  4 threads:      977236 ops,   18396 (avg:   18436) ops/sec, 703.25KB/sec (avg: 700.40KB/sec), 10.89 (avg: 10.84) msec latency[RUN #1 50%,  54 secs]  4 threads:      995538 ops,   18300 (avg:   18433) ops/sec, 693.01KB/sec (avg: 700.26KB/sec), 10.92 (avg: 10.85) msec latency[RUN #1 51%,  55 secs]  4 threads:     1013836 ops,   18295 (avg:   18431) ops/sec, 691.93KB/sec (avg: 700.11KB/sec), 10.92 (avg: 10.85) msec latency[RUN #1 52%,  56 secs]  4 threads:     1032151 ops,   18312 (avg:   18428) ops/sec, 701.29KB/sec (avg: 700.13KB/sec), 10.89 (avg: 10.85) msec latency[RUN #1 53%,  57 secs]  4 threads:     1050538 ops,   18384 (avg:   18428) ops/sec, 696.71KB/sec (avg: 700.07KB/sec), 10.89 (avg: 10.85) msec latency[RUN #1 53%,  58 secs]  4 threads:     1068938 ops,   18397 (avg:   18427) ops/sec, 696.02KB/sec (avg: 700.00KB/sec), 10.88 (avg: 10.85) msec latency[RUN #1 54%,  59 secs]  4 threads:     1087285 ops,   18344 (avg:   18426) ops/sec, 702.30KB/sec (avg: 700.04KB/sec), 10.89 (avg: 10.85) msec latency[RUN #1 55%,  60 secs]  4 threads:     1105636 ops,   18348 (avg:   18424) ops/sec, 693.03KB/sec (avg: 699.93KB/sec), 10.89 (avg: 10.85) msec latency[RUN #1 56%,  61 secs]  4 threads:     1123938 ops,   18299 (avg:   18422) ops/sec, 692.05KB/sec (avg: 699.80KB/sec), 10.92 (avg: 10.85) msec latency[RUN #1 57%,  62 secs]  4 threads:     1142338 ops,   18397 (avg:   18422) ops/sec, 704.19KB/sec (avg: 699.87KB/sec), 10.88 (avg: 10.85) msec latency[RUN #1 58%,  63 secs]  4 threads:     1160738 ops,   18397 (avg:   18422) ops/sec, 695.01KB/sec (avg: 699.79KB/sec), 10.87 (avg: 10.85) msec latency[RUN #1 59%,  64 secs]  4 threads:     1179036 ops,   18295 (avg:   18420) ops/sec, 692.79KB/sec (avg: 699.68KB/sec), 10.89 (avg: 10.85) msec latency[RUN #1 60%,  65 secs]  4 threads:     1197436 ops,   18397 (avg:   18419) ops/sec, 702.79KB/sec (avg: 699.73KB/sec), 10.87 (avg: 10.85) msec latency[RUN #1 61%,  66 secs]  4 threads:     1215837 ops,   18398 (avg:   18419) ops/sec, 695.77KB/sec (avg: 699.67KB/sec), 10.87 (avg: 10.85) msec latency[RUN #1 62%,  67 secs]  4 threads:     1234292 ops,   18452 (avg:   18419) ops/sec, 700.94KB/sec (avg: 699.69KB/sec), 10.86 (avg: 10.85) msec latency[RUN #1 63%,  68 secs]  4 threads:     1252738 ops,   18443 (avg:   18420) ops/sec, 701.53KB/sec (avg: 699.71KB/sec), 10.85 (avg: 10.85) msec latency[RUN #1 64%,  69 secs]  4 threads:     1271138 ops,   18397 (avg:   18419) ops/sec, 695.60KB/sec (avg: 699.66KB/sec), 10.85 (avg: 10.85) msec latency[RUN #1 64%,  70 secs]  4 threads:     1289636 ops,   18495 (avg:   18420) ops/sec, 707.45KB/sec (avg: 699.77KB/sec), 10.83 (avg: 10.85) msec latency[RUN #1 65%,  71 secs]  4 threads:     1308036 ops,   18397 (avg:   18420) ops/sec, 696.26KB/sec (avg: 699.72KB/sec), 10.84 (avg: 10.85) msec latency[RUN #1 66%,  72 secs]  4 threads:     1326538 ops,   18499 (avg:   18421) ops/sec, 700.62KB/sec (avg: 699.73KB/sec), 10.84 (avg: 10.85) msec latency[RUN #1 67%,  73 secs]  4 threads:     1344938 ops,   18397 (avg:   18421) ops/sec, 702.54KB/sec (avg: 699.77KB/sec), 10.84 (avg: 10.85) msec latency[RUN #1 68%,  74 secs]  4 threads:     1363436 ops,   18495 (avg:   18422) ops/sec, 699.45KB/sec (avg: 699.76KB/sec), 10.82 (avg: 10.85) msec latency[RUN #1 69%,  75 secs]  4 threads:     1381938 ops,   18499 (avg:   18423) ops/sec, 706.49KB/sec (avg: 699.85KB/sec), 10.83 (avg: 10.85) msec latency[RUN #1 70%,  76 secs]  4 threads:     1400338 ops,   18397 (avg:   18423) ops/sec, 695.03KB/sec (avg: 699.79KB/sec), 10.86 (avg: 10.85) msec latency[RUN #1 71%,  77 secs]  4 threads:     1418738 ops,   18397 (avg:   18422) ops/sec, 694.64KB/sec (avg: 699.72KB/sec), 10.87 (avg: 10.85) msec latency[RUN #1 72%,  78 secs]  4 threads:     1437138 ops,   18397 (avg:   18422) ops/sec, 704.57KB/sec (avg: 699.79KB/sec), 10.87 (avg: 10.85) msec latency[RUN #1 73%,  79 secs]  4 threads:     1455538 ops,   18397 (avg:   18422) ops/sec, 693.86KB/sec (avg: 699.71KB/sec), 10.86 (avg: 10.85) msec latency[RUN #1 74%,  80 secs]  4 threads:     1473938 ops,   18396 (avg:   18421) ops/sec, 696.72KB/sec (avg: 699.67KB/sec), 10.84 (avg: 10.85) msec latency[RUN #1 75%,  81 secs]  4 threads:     1492436 ops,   18495 (avg:   18422) ops/sec, 705.42KB/sec (avg: 699.74KB/sec), 10.83 (avg: 10.85) msec latency[RUN #1 76%,  82 secs]  4 threads:     1510894 ops,   18455 (avg:   18423) ops/sec, 698.35KB/sec (avg: 699.73KB/sec), 10.83 (avg: 10.85) msec latency[RUN #1 76%,  83 secs]  4 threads:     1529338 ops,   18441 (avg:   18423) ops/sec, 704.55KB/sec (avg: 699.79KB/sec), 10.83 (avg: 10.85) msec latency[RUN #1 77%,  84 secs]  4 threads:     1547836 ops,   18495 (avg:   18424) ops/sec, 707.96KB/sec (avg: 699.88KB/sec), 10.83 (avg: 10.85) msec latency[RUN #1 78%,  85 secs]  4 threads:     1566276 ops,   18437 (avg:   18424) ops/sec, 697.92KB/sec (avg: 699.86KB/sec), 10.83 (avg: 10.85) msec latency[RUN #1 79%,  86 secs]  4 threads:     1584738 ops,   18459 (avg:   18424) ops/sec, 704.97KB/sec (avg: 699.92KB/sec), 10.84 (avg: 10.85) msec latency[RUN #1 80%,  87 secs]  4 threads:     1603138 ops,   18397 (avg:   18424) ops/sec, 695.22KB/sec (avg: 699.87KB/sec), 10.87 (avg: 10.85) msec latency[RUN #1 81%,  88 secs]  4 threads:     1621538 ops,   18397 (avg:   18424) ops/sec, 700.98KB/sec (avg: 699.88KB/sec), 10.84 (avg: 10.85) msec latency[RUN #1 82%,  89 secs]  4 threads:     1639938 ops,   18397 (avg:   18423) ops/sec, 698.31KB/sec (avg: 699.86KB/sec), 10.87 (avg: 10.85) msec latency[RUN #1 83%,  90 secs]  4 threads:     1658412 ops,   18470 (avg:   18424) ops/sec, 697.85KB/sec (avg: 699.84KB/sec), 10.86 (avg: 10.85) msec latency[RUN #1 84%,  91 secs]  4 threads:     1676836 ops,   18421 (avg:   18424) ops/sec, 704.72KB/sec (avg: 699.89KB/sec), 10.84 (avg: 10.85) msec latency[RUN #1 85%,  92 secs]  4 threads:     1695236 ops,   18397 (avg:   18424) ops/sec, 695.48KB/sec (avg: 699.84KB/sec), 10.86 (avg: 10.85) msec latency[RUN #1 86%,  93 secs]  4 threads:     1713636 ops,   18397 (avg:   18423) ops/sec, 695.53KB/sec (avg: 699.80KB/sec), 10.87 (avg: 10.85) msec latency[RUN #1 87%,  94 secs]  4 threads:     1732036 ops,   18397 (avg:   18423) ops/sec, 704.47KB/sec (avg: 699.85KB/sec), 10.87 (avg: 10.85) msec latency[RUN #1 88%,  95 secs]  4 threads:     1750436 ops,   18397 (avg:   18423) ops/sec, 694.81KB/sec (avg: 699.79KB/sec), 10.87 (avg: 10.85) msec latency[RUN #1 88%,  96 secs]  4 threads:     1768836 ops,   18397 (avg:   18422) ops/sec, 697.72KB/sec (avg: 699.77KB/sec), 10.87 (avg: 10.85) msec latency[RUN #1 89%,  97 secs]  4 threads:     1787236 ops,   18397 (avg:   18422) ops/sec, 701.87KB/sec (avg: 699.79KB/sec), 10.86 (avg: 10.85) msec latency[RUN #1 90%,  98 secs]  4 threads:     1805636 ops,   18397 (avg:   18422) ops/sec, 695.21KB/sec (avg: 699.75KB/sec), 10.86 (avg: 10.85) msec latency[RUN #1 91%,  99 secs]  4 threads:     1824036 ops,   18397 (avg:   18422) ops/sec, 703.42KB/sec (avg: 699.78KB/sec), 10.86 (avg: 10.85) msec latency[RUN #1 92%, 100 secs]  4 threads:     1842436 ops,   18397 (avg:   18421) ops/sec, 695.39KB/sec (avg: 699.74KB/sec), 10.87 (avg: 10.85) msec latency[RUN #1 93%, 101 secs]  4 threads:     1860906 ops,   18467 (avg:   18422) ops/sec, 697.62KB/sec (avg: 699.72KB/sec), 10.86 (avg: 10.85) msec latency[RUN #1 94%, 102 secs]  4 threads:     1879336 ops,   18427 (avg:   18422) ops/sec, 705.53KB/sec (avg: 699.78KB/sec), 10.86 (avg: 10.85) msec latency[RUN #1 95%, 103 secs]  4 threads:     1897730 ops,   18391 (avg:   18422) ops/sec, 694.88KB/sec (avg: 699.73KB/sec), 10.87 (avg: 10.85) msec latency[RUN #1 96%, 104 secs]  4 threads:     1916094 ops,   18361 (avg:   18421) ops/sec, 697.48KB/sec (avg: 699.71KB/sec), 10.87 (avg: 10.85) msec latency[RUN #1 97%, 105 secs]  4 threads:     1934538 ops,   18441 (avg:   18421) ops/sec, 703.37KB/sec (avg: 699.74KB/sec), 10.86 (avg: 10.85) msec latency[RUN #1 98%, 106 secs]  4 threads:     1952938 ops,   18397 (avg:   18421) ops/sec, 695.48KB/sec (avg: 699.70KB/sec), 10.85 (avg: 10.85) msec latency[RUN #1 99%, 107 secs]  4 threads:     1971338 ops,   18397 (avg:   18421) ops/sec, 699.69KB/sec (avg: 699.70KB/sec), 10.87 (avg: 10.85) msec latency[RUN #1 99%, 108 secs]  4 threads:     1989738 ops,   18397 (avg:   18421) ops/sec, 700.03KB/sec (avg: 699.70KB/sec), 10.85 (avg: 10.85) msec latency[RUN #1 100%, 108 secs]  0 threads:     2000000 ops,   18397 (avg:   18426) ops/sec, 700.03KB/sec (avg: 699.92KB/sec), 10.85 (avg: 10.85) msec latency

4         Threads
50        Connections per thread
10000     Requests per thread
Type        Ops/sec     Hits/sec   Misses/sec      Latency       KB/sec
------------------------------------------------------------------------
Sets        1676.82          ---          ---     10.81000       129.15
Gets       16749.73         1.84     16747.88     10.85400       570.77
Totals     18426.54         1.84     16747.88     10.85000       699.93


Request Latency Distribution
Type     <= msec         Percent
------------------------------------------------------------------------
SET       3.000         0.02
SET       4.000         0.42
SET       5.000         0.52
SET       6.000         0.55
SET       7.000         0.56
SET       8.000         0.64
SET       9.000         0.77
SET      10.000        88.41
SET      11.000        99.98
SET      12.000        99.99
SET      13.000       100.00
---
GET       2.200         0.00
GET       2.300         0.00
GET       2.400         0.00
GET       2.500         0.00
GET       2.600         0.00
GET       2.700         0.01
GET       2.800         0.01
GET       2.900         0.01
GET       3.000         0.01
GET       3.100         0.01
GET       3.200         0.01
GET       3.300         0.01
GET       3.400         0.01
GET       3.500         0.01
GET       3.600         0.01
GET       3.700         0.02
GET       3.800         0.02
GET       3.900         0.03
GET       4.000         0.03
GET       4.100         0.04
GET       4.200         0.06
GET       4.300         0.07
GET       4.400         0.12
GET       4.500         0.28
GET       4.600         0.34
GET       4.700         0.36
GET       4.800         0.37
GET       4.900         0.37
GET       5.000         0.39
GET       5.100         0.40
GET       5.200         0.40
GET       5.300         0.41
GET       5.400         0.42
GET       5.500         0.43
GET       5.600         0.43
GET       5.700         0.43
GET       5.800         0.44
GET       5.900         0.45
GET       6.000         0.45
GET       6.100         0.45
GET       6.200         0.46
GET       6.300         0.46
GET       6.400         0.46
GET       6.500         0.47
GET       6.600         0.47
GET       6.700         0.47
GET       6.800         0.47
GET       6.900         0.47
GET       7.500         0.48
GET       7.600         0.48
GET       7.700         0.48
GET       7.800         0.48
GET       7.900         0.48
GET       8.000         0.48
GET       8.100         0.49
GET       8.300         0.49
GET       8.400         0.49
GET       8.500         0.49
GET       8.600         0.49
GET       8.700         0.49
GET       8.800         0.50
GET       8.900         0.50
GET       9.000         0.51
GET       9.100         0.55
GET       9.200         0.58
GET       9.300         0.61
GET       9.400         0.63
GET       9.500         0.63
GET       9.600         0.63
GET       9.700         0.63
GET       9.800         0.64
GET       9.900         0.64
GET      10.000         0.71
GET      11.000        99.94
GET      12.000        99.98
GET      13.000       100.00
GET      14.000       100.00
