============== Configuration values: ==============
server = nsl200
port = 11123
unix socket = (null)
protocol = redis
out_file = (null)
client_stats = (null)
run_count = 1
debug = 0
requests = 10000
clients = 50
threads = 4
test_time = 0
ratio = 1:10
pipeline = 1
data_size = 32
data_offset = 0
random_data = no
data_size_range = 0-0
data_size_list =
data_size_pattern = R
expiry_range = 0-0
data_import = (null)
data_verify = no
verify_only = no
generate_keys = no
key_prefix = memtier-
key_minimum = 0
key_maximum = 10000000
key_pattern = R:R
key_stddev = 0.000000
key_median = 0.000000
reconnect_interval = 0
multi_key_get = 0
authenticate =
select-db = 0
no-expiry = no
===================================================
[RUN #1] Preparing benchmark client...
[RUN #1] Launching threads now...
[RUN #1 1%,   0 secs]  4 threads:       16649 ops,       0 (avg:       0) ops/sec, 0.00KB/sec (avg: 0.00KB/sec),  0.00 (avg:  0.00) msec latency[RUN #1 2%,   1 secs]  4 threads:       34822 ops,   18170 (avg:   18138) ops/sec, 689.59KB/sec (avg: 691.51KB/sec), 10.98 (avg: 10.97) msec latency[RUN #1 3%,   2 secs]  4 threads:       53201 ops,   18376 (avg:   18220) ops/sec, 695.36KB/sec (avg: 692.83KB/sec), 10.97 (avg: 10.97) msec latency[RUN #1 4%,   3 secs]  4 threads:       71415 ops,   18211 (avg:   18217) ops/sec, 697.13KB/sec (avg: 693.93KB/sec), 10.96 (avg: 10.97) msec latency[RUN #1 4%,   4 secs]  4 threads:       89615 ops,   18197 (avg:   18213) ops/sec, 688.06KB/sec (avg: 692.73KB/sec), 10.96 (avg: 10.96) msec latency[RUN #1 5%,   5 secs]  4 threads:      108015 ops,   18397 (avg:   18244) ops/sec, 695.92KB/sec (avg: 693.27KB/sec), 10.90 (avg: 10.95) msec latency[RUN #1 6%,   6 secs]  4 threads:      126222 ops,   18204 (avg:   18238) ops/sec, 696.25KB/sec (avg: 693.70KB/sec), 10.91 (avg: 10.95) msec latency[RUN #1 7%,   7 secs]  4 threads:      144615 ops,   18390 (avg:   18257) ops/sec, 694.81KB/sec (avg: 693.84KB/sec), 10.91 (avg: 10.94) msec latency[RUN #1 8%,   8 secs]  4 threads:      163015 ops,   18397 (avg:   18273) ops/sec, 696.61KB/sec (avg: 694.15KB/sec), 10.89 (avg: 10.94) msec latency[RUN #1 9%,   9 secs]  4 threads:      181247 ops,   18229 (avg:   18269) ops/sec, 697.73KB/sec (avg: 694.51KB/sec), 10.92 (avg: 10.93) msec latency[RUN #1 10%,  10 secs]  4 threads:      199622 ops,   18372 (avg:   18278) ops/sec, 694.28KB/sec (avg: 694.49KB/sec), 10.90 (avg: 10.93) msec latency[RUN #1 11%,  11 secs]  4 threads:      218015 ops,   18390 (avg:   18287) ops/sec, 696.71KB/sec (avg: 694.68KB/sec), 10.90 (avg: 10.93) msec latency[RUN #1 12%,  12 secs]  4 threads:      236415 ops,   18397 (avg:   18296) ops/sec, 703.87KB/sec (avg: 695.39KB/sec), 10.90 (avg: 10.93) msec latency[RUN #1 13%,  13 secs]  4 threads:      254622 ops,   18204 (avg:   18289) ops/sec, 689.79KB/sec (avg: 694.99KB/sec), 10.91 (avg: 10.92) msec latency[RUN #1 14%,  14 secs]  4 threads:      273015 ops,   18390 (avg:   18296) ops/sec, 696.82KB/sec (avg: 695.11KB/sec), 10.91 (avg: 10.92) msec latency[RUN #1 15%,  15 secs]  4 threads:      291415 ops,   18397 (avg:   18302) ops/sec, 703.18KB/sec (avg: 695.62KB/sec), 10.91 (avg: 10.92) msec latency[RUN #1 15%,  16 secs]  4 threads:      309624 ops,   18205 (avg:   18297) ops/sec, 688.73KB/sec (avg: 695.21KB/sec), 10.89 (avg: 10.92) msec latency[RUN #1 16%,  17 secs]  4 threads:      328015 ops,   18388 (avg:   18302) ops/sec, 696.65KB/sec (avg: 695.29KB/sec), 10.91 (avg: 10.92) msec latency[RUN #1 17%,  18 secs]  4 threads:      346415 ops,   18397 (avg:   18307) ops/sec, 704.03KB/sec (avg: 695.75KB/sec), 10.90 (avg: 10.92) msec latency[RUN #1 18%,  19 secs]  4 threads:      364739 ops,   18321 (avg:   18307) ops/sec, 692.95KB/sec (avg: 695.61KB/sec), 10.91 (avg: 10.92) msec latency[RUN #1 19%,  20 secs]  4 threads:      383016 ops,   18274 (avg:   18306) ops/sec, 690.96KB/sec (avg: 695.39KB/sec), 10.92 (avg: 10.92) msec latency[RUN #1 20%,  21 secs]  4 threads:      401415 ops,   18396 (avg:   18310) ops/sec, 703.32KB/sec (avg: 695.75KB/sec), 10.91 (avg: 10.92) msec latency[RUN #1 21%,  22 secs]  4 threads:      419622 ops,   18204 (avg:   18305) ops/sec, 689.76KB/sec (avg: 695.49KB/sec), 10.93 (avg: 10.92) msec latency[RUN #1 22%,  23 secs]  4 threads:      438015 ops,   18390 (avg:   18309) ops/sec, 695.57KB/sec (avg: 695.49KB/sec), 10.92 (avg: 10.92) msec latency[RUN #1 23%,  24 secs]  4 threads:      456291 ops,   18273 (avg:   18307) ops/sec, 697.76KB/sec (avg: 695.58KB/sec), 10.91 (avg: 10.92) msec latency[RUN #1 24%,  25 secs]  4 threads:      474622 ops,   18328 (avg:   18308) ops/sec, 693.70KB/sec (avg: 695.51KB/sec), 10.91 (avg: 10.92) msec latency[RUN #1 25%,  26 secs]  4 threads:      493015 ops,   18390 (avg:   18311) ops/sec, 696.79KB/sec (avg: 695.56KB/sec), 10.90 (avg: 10.92) msec latency[RUN #1 26%,  27 secs]  4 threads:      511415 ops,   18397 (avg:   18314) ops/sec, 703.89KB/sec (avg: 695.86KB/sec), 10.90 (avg: 10.92) msec latency[RUN #1 26%,  28 secs]  4 threads:      529622 ops,   18204 (avg:   18310) ops/sec, 689.63KB/sec (avg: 695.64KB/sec), 10.92 (avg: 10.92) msec latency[RUN #1 27%,  29 secs]  4 threads:      548015 ops,   18390 (avg:   18313) ops/sec, 695.19KB/sec (avg: 695.63KB/sec), 10.92 (avg: 10.92) msec latency[RUN #1 28%,  30 secs]  4 threads:      566281 ops,   18263 (avg:   18311) ops/sec, 699.36KB/sec (avg: 695.75KB/sec), 10.90 (avg: 10.92) msec latency[RUN #1 29%,  31 secs]  4 threads:      584622 ops,   18338 (avg:   18312) ops/sec, 694.74KB/sec (avg: 695.72KB/sec), 10.90 (avg: 10.92) msec latency[RUN #1 30%,  32 secs]  4 threads:      603015 ops,   18390 (avg:   18315) ops/sec, 696.84KB/sec (avg: 695.75KB/sec), 10.89 (avg: 10.91) msec latency[RUN #1 31%,  33 secs]  4 threads:      621415 ops,   18397 (avg:   18317) ops/sec, 702.82KB/sec (avg: 695.96KB/sec), 10.90 (avg: 10.91) msec latency[RUN #1 32%,  34 secs]  4 threads:      639622 ops,   18204 (avg:   18314) ops/sec, 689.71KB/sec (avg: 695.78KB/sec), 10.93 (avg: 10.91) msec latency[RUN #1 33%,  35 secs]  4 threads:      658022 ops,   18397 (avg:   18316) ops/sec, 696.33KB/sec (avg: 695.79KB/sec), 10.88 (avg: 10.91) msec latency[RUN #1 34%,  36 secs]  4 threads:      676415 ops,   18390 (avg:   18318) ops/sec, 703.23KB/sec (avg: 696.00KB/sec), 10.91 (avg: 10.91) msec latency[RUN #1 35%,  37 secs]  4 threads:      694778 ops,   18360 (avg:   18319) ops/sec, 695.12KB/sec (avg: 695.97KB/sec), 10.90 (avg: 10.91) msec latency[RUN #1 36%,  38 secs]  4 threads:      713022 ops,   18241 (avg:   18317) ops/sec, 691.18KB/sec (avg: 695.85KB/sec), 10.90 (avg: 10.91) msec latency[RUN #1 37%,  39 secs]  4 threads:      731422 ops,   18396 (avg:   18319) ops/sec, 702.93KB/sec (avg: 696.03KB/sec), 10.88 (avg: 10.91) msec latency[RUN #1 37%,  40 secs]  4 threads:      749815 ops,   18390 (avg:   18321) ops/sec, 695.39KB/sec (avg: 696.01KB/sec), 10.88 (avg: 10.91) msec latency[RUN #1 38%,  41 secs]  4 threads:      768222 ops,   18403 (avg:   18323) ops/sec, 696.80KB/sec (avg: 696.03KB/sec), 10.86 (avg: 10.91) msec latency[RUN #1 39%,  42 secs]  4 threads:      786615 ops,   18390 (avg:   18324) ops/sec, 702.77KB/sec (avg: 696.19KB/sec), 10.89 (avg: 10.91) msec latency[RUN #1 40%,  43 secs]  4 threads:      805015 ops,   18397 (avg:   18326) ops/sec, 696.42KB/sec (avg: 696.19KB/sec), 10.89 (avg: 10.91) msec latency[RUN #1 41%,  44 secs]  4 threads:      823222 ops,   18204 (avg:   18323) ops/sec, 689.42KB/sec (avg: 696.04KB/sec), 10.91 (avg: 10.91) msec latency[RUN #1 42%,  45 secs]  4 threads:      841615 ops,   18390 (avg:   18325) ops/sec, 703.06KB/sec (avg: 696.19KB/sec), 10.92 (avg: 10.91) msec latency[RUN #1 43%,  46 secs]  4 threads:      860015 ops,   18397 (avg:   18326) ops/sec, 696.64KB/sec (avg: 696.20KB/sec), 10.91 (avg: 10.91) msec latency[RUN #1 44%,  47 secs]  4 threads:      878238 ops,   18220 (avg:   18324) ops/sec, 690.33KB/sec (avg: 696.08KB/sec), 10.88 (avg: 10.91) msec latency[RUN #1 45%,  48 secs]  4 threads:      896615 ops,   18374 (avg:   18325) ops/sec, 701.48KB/sec (avg: 696.19KB/sec), 10.92 (avg: 10.91) msec latency[RUN #1 46%,  49 secs]  4 threads:      915015 ops,   18397 (avg:   18327) ops/sec, 696.02KB/sec (avg: 696.19KB/sec), 10.91 (avg: 10.91) msec latency[RUN #1 47%,  50 secs]  4 threads:      933222 ops,   18204 (avg:   18324) ops/sec, 690.11KB/sec (avg: 696.07KB/sec), 10.90 (avg: 10.91) msec latency[RUN #1 48%,  51 secs]  4 threads:      951615 ops,   18389 (avg:   18325) ops/sec, 703.44KB/sec (avg: 696.21KB/sec), 10.92 (avg: 10.91) msec latency[RUN #1 49%,  52 secs]  4 threads:      970015 ops,   18397 (avg:   18327) ops/sec, 696.15KB/sec (avg: 696.21KB/sec), 10.90 (avg: 10.91) msec latency[RUN #1 49%,  53 secs]  4 threads:      988222 ops,   18204 (avg:   18324) ops/sec, 688.86KB/sec (avg: 696.07KB/sec), 10.92 (avg: 10.91) msec latency[RUN #1 50%,  54 secs]  4 threads:     1006615 ops,   18390 (avg:   18326) ops/sec, 703.39KB/sec (avg: 696.21KB/sec), 10.91 (avg: 10.91) msec latency[RUN #1 51%,  55 secs]  4 threads:     1025015 ops,   18397 (avg:   18327) ops/sec, 696.85KB/sec (avg: 696.22KB/sec), 10.90 (avg: 10.91) msec latency[RUN #1 52%,  56 secs]  4 threads:     1043410 ops,   18392 (avg:   18328) ops/sec, 696.76KB/sec (avg: 696.23KB/sec), 10.88 (avg: 10.91) msec latency[RUN #1 53%,  57 secs]  4 threads:     1061793 ops,   18380 (avg:   18329) ops/sec, 703.20KB/sec (avg: 696.35KB/sec), 10.87 (avg: 10.91) msec latency[RUN #1 54%,  58 secs]  4 threads:     1080022 ops,   18226 (avg:   18327) ops/sec, 690.08KB/sec (avg: 696.24KB/sec), 10.90 (avg: 10.91) msec latency[RUN #1 55%,  59 secs]  4 threads:     1098415 ops,   18390 (avg:   18328) ops/sec, 695.38KB/sec (avg: 696.23KB/sec), 10.90 (avg: 10.91) msec latency[RUN #1 56%,  60 secs]  4 threads:     1116792 ops,   18374 (avg:   18329) ops/sec, 701.80KB/sec (avg: 696.32KB/sec), 10.92 (avg: 10.91) msec latency[RUN #1 57%,  61 secs]  4 threads:     1135134 ops,   18339 (avg:   18329) ops/sec, 694.57KB/sec (avg: 696.29KB/sec), 10.87 (avg: 10.91) msec latency[RUN #1 58%,  62 secs]  4 threads:     1153422 ops,   18285 (avg:   18328) ops/sec, 691.85KB/sec (avg: 696.22KB/sec), 10.88 (avg: 10.91) msec latency[RUN #1 59%,  63 secs]  4 threads:     1171822 ops,   18397 (avg:   18330) ops/sec, 702.74KB/sec (avg: 696.32KB/sec), 10.88 (avg: 10.91) msec latency[RUN #1 60%,  64 secs]  4 threads:     1190222 ops,   18398 (avg:   18331) ops/sec, 695.74KB/sec (avg: 696.31KB/sec), 10.87 (avg: 10.91) msec latency[RUN #1 60%,  65 secs]  4 threads:     1208622 ops,   18397 (avg:   18332) ops/sec, 703.11KB/sec (avg: 696.42KB/sec), 10.87 (avg: 10.91) msec latency[RUN #1 61%,  66 secs]  4 threads:     1227022 ops,   18397 (avg:   18333) ops/sec, 695.80KB/sec (avg: 696.41KB/sec), 10.86 (avg: 10.90) msec latency[RUN #1 62%,  67 secs]  4 threads:     1245422 ops,   18397 (avg:   18334) ops/sec, 695.77KB/sec (avg: 696.40KB/sec), 10.85 (avg: 10.90) msec latency[RUN #1 63%,  68 secs]  4 threads:     1264015 ops,   18590 (avg:   18337) ops/sec, 710.20KB/sec (avg: 696.60KB/sec), 10.85 (avg: 10.90) msec latency[RUN #1 64%,  69 secs]  4 threads:     1282415 ops,   18397 (avg:   18338) ops/sec, 696.16KB/sec (avg: 696.59KB/sec), 10.83 (avg: 10.90) msec latency[RUN #1 65%,  70 secs]  4 threads:     1300822 ops,   18404 (avg:   18339) ops/sec, 696.57KB/sec (avg: 696.59KB/sec), 10.85 (avg: 10.90) msec latency[RUN #1 66%,  71 secs]  4 threads:     1319230 ops,   18405 (avg:   18340) ops/sec, 703.45KB/sec (avg: 696.69KB/sec), 10.83 (avg: 10.90) msec latency[RUN #1 67%,  72 secs]  4 threads:     1337815 ops,   18581 (avg:   18343) ops/sec, 702.62KB/sec (avg: 696.77KB/sec), 10.84 (avg: 10.90) msec latency[RUN #1 68%,  73 secs]  4 threads:     1356222 ops,   18404 (avg:   18344) ops/sec, 703.86KB/sec (avg: 696.86KB/sec), 10.81 (avg: 10.90) msec latency[RUN #1 69%,  74 secs]  4 threads:     1374622 ops,   18397 (avg:   18345) ops/sec, 695.97KB/sec (avg: 696.85KB/sec), 10.85 (avg: 10.90) msec latency[RUN #1 70%,  75 secs]  4 threads:     1393022 ops,   18396 (avg:   18345) ops/sec, 695.23KB/sec (avg: 696.83KB/sec), 10.86 (avg: 10.90) msec latency[RUN #1 71%,  76 secs]  4 threads:     1411422 ops,   18397 (avg:   18346) ops/sec, 701.99KB/sec (avg: 696.90KB/sec), 10.87 (avg: 10.90) msec latency[RUN #1 71%,  77 secs]  4 threads:     1429822 ops,   18396 (avg:   18347) ops/sec, 695.99KB/sec (avg: 696.89KB/sec), 10.86 (avg: 10.90) msec latency[RUN #1 72%,  78 secs]  4 threads:     1448231 ops,   18405 (avg:   18348) ops/sec, 696.29KB/sec (avg: 696.88KB/sec), 10.86 (avg: 10.90) msec latency[RUN #1 73%,  79 secs]  4 threads:     1466815 ops,   18581 (avg:   18350) ops/sec, 708.12KB/sec (avg: 697.02KB/sec), 10.84 (avg: 10.90) msec latency[RUN #1 74%,  80 secs]  4 threads:     1485217 ops,   18398 (avg:   18351) ops/sec, 695.74KB/sec (avg: 697.00KB/sec), 10.83 (avg: 10.89) msec latency[RUN #1 75%,  81 secs]  4 threads:     1503622 ops,   18402 (avg:   18352) ops/sec, 703.59KB/sec (avg: 697.08KB/sec), 10.84 (avg: 10.89) msec latency[RUN #1 76%,  82 secs]  4 threads:     1522215 ops,   18589 (avg:   18355) ops/sec, 702.71KB/sec (avg: 697.15KB/sec), 10.83 (avg: 10.89) msec latency[RUN #1 77%,  83 secs]  4 threads:     1540615 ops,   18397 (avg:   18355) ops/sec, 703.72KB/sec (avg: 697.23KB/sec), 10.83 (avg: 10.89) msec latency[RUN #1 78%,  84 secs]  4 threads:     1559022 ops,   18404 (avg:   18356) ops/sec, 703.86KB/sec (avg: 697.31KB/sec), 10.84 (avg: 10.89) msec latency[RUN #1 79%,  85 secs]  4 threads:     1577539 ops,   18514 (avg:   18357) ops/sec, 700.59KB/sec (avg: 697.35KB/sec), 10.84 (avg: 10.89) msec latency[RUN #1 80%,  86 secs]  4 threads:     1595838 ops,   18296 (avg:   18357) ops/sec, 698.90KB/sec (avg: 697.36KB/sec), 10.88 (avg: 10.89) msec latency[RUN #1 81%,  87 secs]  4 threads:     1614415 ops,   18574 (avg:   18359) ops/sec, 702.79KB/sec (avg: 697.43KB/sec), 10.84 (avg: 10.89) msec latency[RUN #1 82%,  88 secs]  4 threads:     1632815 ops,   18397 (avg:   18360) ops/sec, 694.89KB/sec (avg: 697.40KB/sec), 10.87 (avg: 10.89) msec latency[RUN #1 83%,  89 secs]  4 threads:     1651215 ops,   18397 (avg:   18360) ops/sec, 703.56KB/sec (avg: 697.47KB/sec), 10.85 (avg: 10.89) msec latency[RUN #1 83%,  90 secs]  4 threads:     1669615 ops,   18397 (avg:   18360) ops/sec, 696.14KB/sec (avg: 697.45KB/sec), 10.85 (avg: 10.89) msec latency[RUN #1 84%,  91 secs]  4 threads:     1688016 ops,   18398 (avg:   18361) ops/sec, 695.10KB/sec (avg: 697.43KB/sec), 10.86 (avg: 10.89) msec latency[RUN #1 85%,  92 secs]  4 threads:     1706422 ops,   18403 (avg:   18361) ops/sec, 703.44KB/sec (avg: 697.49KB/sec), 10.87 (avg: 10.89) msec latency[RUN #1 86%,  93 secs]  4 threads:     1724822 ops,   18397 (avg:   18362) ops/sec, 696.82KB/sec (avg: 697.48KB/sec), 10.87 (avg: 10.89) msec latency[RUN #1 87%,  94 secs]  4 threads:     1743220 ops,   18394 (avg:   18362) ops/sec, 702.58KB/sec (avg: 697.54KB/sec), 10.87 (avg: 10.89) msec latency[RUN #1 88%,  95 secs]  4 threads:     1761622 ops,   18399 (avg:   18362) ops/sec, 695.81KB/sec (avg: 697.52KB/sec), 10.86 (avg: 10.89) msec latency[RUN #1 89%,  96 secs]  4 threads:     1780022 ops,   18397 (avg:   18363) ops/sec, 695.92KB/sec (avg: 697.50KB/sec), 10.87 (avg: 10.89) msec latency[RUN #1 90%,  97 secs]  4 threads:     1798422 ops,   18396 (avg:   18363) ops/sec, 703.07KB/sec (avg: 697.56KB/sec), 10.87 (avg: 10.89) msec latency[RUN #1 91%,  98 secs]  4 threads:     1816822 ops,   18397 (avg:   18363) ops/sec, 696.64KB/sec (avg: 697.55KB/sec), 10.86 (avg: 10.89) msec latency[RUN #1 92%,  99 secs]  4 threads:     1835222 ops,   18397 (avg:   18364) ops/sec, 694.75KB/sec (avg: 697.52KB/sec), 10.86 (avg: 10.89) msec latency[RUN #1 93%, 100 secs]  4 threads:     1853622 ops,   18397 (avg:   18364) ops/sec, 703.00KB/sec (avg: 697.58KB/sec), 10.86 (avg: 10.89) msec latency[RUN #1 94%, 101 secs]  4 threads:     1872022 ops,   18397 (avg:   18364) ops/sec, 696.46KB/sec (avg: 697.57KB/sec), 10.86 (avg: 10.89) msec latency[RUN #1 95%, 102 secs]  4 threads:     1890422 ops,   18396 (avg:   18365) ops/sec, 695.83KB/sec (avg: 697.55KB/sec), 10.87 (avg: 10.89) msec latency[RUN #1 95%, 103 secs]  4 threads:     1908822 ops,   18397 (avg:   18365) ops/sec, 703.46KB/sec (avg: 697.61KB/sec), 10.87 (avg: 10.89) msec latency[RUN #1 96%, 104 secs]  4 threads:     1927222 ops,   18396 (avg:   18365) ops/sec, 697.19KB/sec (avg: 697.60KB/sec), 10.85 (avg: 10.89) msec latency[RUN #1 97%, 105 secs]  4 threads:     1945723 ops,   18498 (avg:   18367) ops/sec, 706.17KB/sec (avg: 697.68KB/sec), 10.86 (avg: 10.89) msec latency[RUN #1 98%, 106 secs]  4 threads:     1964215 ops,   18488 (avg:   18368) ops/sec, 697.99KB/sec (avg: 697.69KB/sec), 10.85 (avg: 10.88) msec latency[RUN #1 99%, 107 secs]  4 threads:     1982615 ops,   18397 (avg:   18368) ops/sec, 696.51KB/sec (avg: 697.67KB/sec), 10.87 (avg: 10.88) msec latency[RUN #1 100%, 108 secs]  0 threads:     2000000 ops,   18397 (avg:   18426) ops/sec, 696.51KB/sec (avg: 699.94KB/sec), 10.87 (avg: 10.85) msec latency

4         Threads
50        Connections per thread
10000     Requests per thread
Type        Ops/sec     Hits/sec   Misses/sec      Latency       KB/sec
------------------------------------------------------------------------
Sets        1675.30          ---          ---     10.93600       129.04
Gets       16734.61         1.84     16732.77     10.84100       570.26
Totals     18409.92         1.84     16732.77     10.85000       699.30


Request Latency Distribution
Type     <= msec         Percent
------------------------------------------------------------------------
SET       1.000         0.00
SET       3.000         0.10
SET       5.000         0.39
SET       6.000         0.59
SET       7.000         0.63
SET       8.000         0.63
SET       9.000         0.74
SET      10.000        68.26
SET      11.000        99.88
SET      12.000        99.89
SET      13.000        99.89
SET      16.000        99.97
SET      17.000        99.99
SET      21.000       100.00
SET     220.000       100.00
---
GET       0.470         0.00
GET       0.480         0.00
GET       0.490         0.00
GET       0.500         0.00
GET       0.510         0.00
GET       0.520         0.00
GET       0.530         0.00
GET       0.540         0.00
GET       0.550         0.00
GET       0.560         0.00
GET       0.570         0.00
GET       0.580         0.00
GET       0.590         0.00
GET       0.600         0.01
GET       0.610         0.01
GET       0.620         0.01
GET       0.630         0.01
GET       0.640         0.01
GET       0.650         0.01
GET       0.660         0.02
GET       0.670         0.02
GET       0.680         0.02
GET       0.690         0.02
GET       0.700         0.03
GET       0.710         0.03
GET       0.720         0.04
GET       0.730         0.04
GET       0.740         0.04
GET       0.750         0.04
GET       0.760         0.05
GET       0.770         0.05
GET       0.780         0.05
GET       0.790         0.05
GET       0.800         0.05
GET       0.810         0.06
GET       0.820         0.06
GET       0.830         0.06
GET       0.840         0.06
GET       0.850         0.06
GET       0.860         0.06
GET       0.870         0.07
GET       0.880         0.07
GET       0.890         0.07
GET       0.900         0.07
GET       0.910         0.07
GET       0.920         0.07
GET       0.930         0.07
GET       0.940         0.07
GET       0.950         0.07
GET       0.960         0.07
GET       0.970         0.07
GET       0.980         0.07
GET       0.990         0.07
GET       1.000         0.07
GET       1.100         0.08
GET       1.200         0.08
GET       1.300         0.08
GET       1.700         0.08
GET       1.800         0.08
GET       3.200         0.08
GET       3.300         0.08
GET       3.600         0.08
GET       3.700         0.08
GET       3.800         0.08
GET       3.900         0.08
GET       4.400         0.08
GET       4.500         0.08
GET       4.600         0.09
GET       4.700         0.09
GET       4.800         0.09
GET       5.300         0.09
GET       5.400         0.09
GET       5.500         0.10
GET       5.600         0.10
GET       5.700         0.10
GET       5.800         0.13
GET       5.900         0.28
GET       6.000         0.36
GET       6.100         0.40
GET       6.200         0.43
GET       6.300         0.46
GET       6.400         0.49
GET       6.500         0.49
GET       6.600         0.50
GET       6.700         0.50
GET       6.900         0.50
GET       7.000         0.50
GET       7.100         0.50
GET       7.200         0.52
GET       7.300         0.53
GET       7.400         0.53
GET       7.500         0.55
GET       7.600         0.56
GET       7.700         0.56
GET       7.800         0.56
GET       7.900         0.57
GET       8.000         0.57
GET       8.100         0.57
GET       8.200         0.57
GET       8.300         0.58
GET       8.400         0.58
GET       8.500         0.58
GET       8.600         0.58
GET       8.700         0.59
GET       8.800         0.59
GET       8.900         0.60
GET       9.000         0.61
GET       9.100         0.65
GET       9.200         0.68
GET       9.300         0.70
GET       9.400         0.71
GET       9.500         0.72
GET       9.600         0.73
GET       9.700         0.73
GET       9.800         0.73
GET       9.900         0.74
GET      10.000         0.86
GET      11.000        99.94
GET      12.000        99.99
GET      13.000       100.00
GET      16.000       100.00
